05-08 11:58:29.050  6941 19164 I ejla    : (REDACTED) HDM. appOpsListener %s %s
05-08 11:58:29.050  6941 19164 I ejla    : (REDACTED) HDM. Ignoring irrelevant audio permission changes for package %s
05-08 11:58:29.050  6941 19164 I ejla    : (REDACTED) HDM. appOpsListener %s %s
05-08 11:58:29.050  6941 19164 I ejla    : (REDACTED) HDM. Ignoring irrelevant audio permission changes for package %s
05-08 11:58:29.054  2904  3051 W UserManagerService: onShortcutChanged for another profile 0 from 150
05-08 11:58:29.057  1784  1784 E SecVibrator-HAL-AIDL-CORE: HW_API: [uploadForceFeedbackeffect]ioctl success ,uploaded effect with ID: 0
05-08 11:58:29.057  1784  1784 E SecVibrator-HAL-AIDL-CORE: HW_API: do_on for timeoutMs: 1000
05-08 11:58:29.057  1784  1784 E SecVibrator-HAL-AIDL-CORE: HW_API: [triggerForceFeedbackVibration]on: 1
05-08 11:58:29.060  2904  5321 D MotionRecognitionService: inject vibrator info = 1.0
05-08 11:58:29.061  1736  1736 I sensors-hal: inject_sensor_data:433, handle:11, type:33 not supported
05-08 11:58:29.062  1736  1736 I sensors-hal: inject_sensor_data:433, handle:11, type:33 not supported
05-08 11:58:29.062  1736  1736 I sensors-hal: inject_sensor_data:433, handle:11, type:33 not supported
05-08 11:58:29.064  1811  1811 D SurfaceFlinger: GPIS:: requestGPISForClientComposition
05-08 11:58:29.065  4327  4327 I HoneySpace.PackageOperationTracker: onShortcutsChanged com.whatsapp.w4b - 23 UserHandle{0}
05-08 11:58:29.067  4327  6974 I HoneySpace.ShortcutDataSourceImpl: shortcut updated. ShortcutInfo {id=***, flags=0x6689 [DynIc-fIc-aStrRetsLiv], packageName=com.whatsapp.w4b, activity=ComponentInfo{com.whatsapp.w4b/com.whatsapp.Main}, shortLabel=***, resId=0[null], longLabel=***, resId=0[null], disabledMessage=***, resId=0[null], disabledReason=[Not disabled], categories={com.whatsapp.sharing.category.SHARE_TARGET_DEFAULT}, persons=null, icon=null, rank=1, timestamp=1778252308495, intents=null, extras=null}
05-08 11:58:29.067  4327  6974 I HoneySpace.ShortcutDataSourceImpl: shortcut updated. ShortcutInfo {id=***, flags=0x6689 [DynIc-fIc-aStrRetsLiv], packageName=com.whatsapp.w4b, activity=ComponentInfo{com.whatsapp.w4b/com.whatsapp.Main}, shortLabel=***, resId=0[null], longLabel=***, resId=0[null], disabledMessage=***, resId=0[null], disabledReason=[Not disabled], categories={com.whatsapp.sharing.category.SHARE_TARGET_DEFAULT}, persons=null, icon=null, rank=6, timestamp=1778252309047, intents=null, extras=null}
05-08 11:58:29.067  4327  6974 I HoneySpace.ShortcutDataSourceImpl: shortcut updated. ShortcutInfo {id=***, flags=0x2689 [DynIc-fIc-aStrRetsLiv], packageName=com.whatsapp.w4b, activity=ComponentInfo{com.whatsapp.w4b/com.whatsapp.Main}, shortLabel=***, resId=0[null], longLabel=***, resId=0[null], disabledMessage=***, resId=0[null], disabledReason=[Not disabled], categories={com.whatsapp.sharing.category.SHARE_TARGET_DEFAULT}, persons=null, icon=null, rank=2, timestamp=1778252308605, intents=null, extras=null}
05-08 11:58:29.067  4327  6974 I HoneySpace.ShortcutDataSourceImpl: shortcut updated. ShortcutInfo {id=***, flags=0x2689 [DynIc-fIc-aStrRetsLiv], packageName=com.whatsapp.w4b, activity=ComponentInfo{com.whatsapp.w4b/com.whatsapp.Main}, shortLabel=***, resId=0[null], longLabel=***, resId=0[null], disabledMessage=***, resId=0[null], disabledReason=[Not disabled], categories={com.whatsapp.sharing.category.SHARE_TARGET_DEFAULT}, persons=null, icon=null, rank=5, timestamp=1778252308939, intents=null, extras=null}
05-08 11:58:29.067  4327  6974 I HoneySpace.ShortcutDataSourceImpl: shortcut updated. ShortcutInfo {id=***, flags=0x485 [DynIc-rStrRets], packageName=com.whatsapp.w4b, activity=ComponentInfo{com.whatsapp.w4b/com.whatsapp.Main}, shortLabel=***, resId=0[null], longLabel=***, resId=0[null], disabledMessage=***, resId=0[null], disabledReason=[Not disabled], categories=null, persons=null, icon=null, rank=0, timestamp=1778252308391, intents=null, extras=null}
05-08 11:58:29.068  4327  6974 I HoneySpace.ShortcutDataSourceImpl: shortcut updated. ShortcutInfo {id=***, flags=0x6689 [DynIc-fIc-aStrRetsLiv], packageName=com.whatsapp.w4b, activity=ComponentInfo{com.whatsapp.w4b/com.whatsapp.Main}, shortLabel=***, resId=0[null], longLabel=***, resId=0[null], disabledMessage=***, resId=0[null], disabledReason=[Not disabled], categories={com.whatsapp.sharing.category.SHARE_TARGET_DEFAULT}, persons=null, icon=null, rank=3, timestamp=1778252308723, intents=null, extras=null}
05-08 11:58:29.068  4327  6974 I HoneySpace.ShortcutDataSourceImpl: shortcut updated. ShortcutInfo {id=***, flags=0x6689 [DynIc-fIc-aStrRetsLiv], packageName=com.whatsapp.w4b, activity=ComponentInfo{com.whatsapp.w4b/com.whatsapp.Main}, shortLabel=***, resId=0[null], longLabel=***, resId=0[null], disabledMessage=***, resId=0[null], disabledReason=[Not disabled], categories={com.whatsapp.sharing.category.SHARE_TARGET_DEFAULT}, persons=null, icon=null, rank=4, timestamp=1778252308833, intents=null, extras=null}
05-08 11:58:29.068  4327  4327 I HoneySpace.HoneySpaceManagerContainer: packageUpdateEvent - com.honeyspace.sdk.source.entity.PackageOperation$ShortcutChanged@55a23a
05-08 11:58:29.068  4327  4327 I HoneySpace.EventListenerRegistry: pendingPackageOperation : pending = false, com.honeyspace.sdk.source.entity.PackageOperation$ShortcutChanged@55a23a
05-08 11:58:29.068  4327 28914 I HoneySpace.HistoryViewModel@82669432@OneUI: handlePackageEvent
05-08 11:58:29.068  4327 28914 I HoneySpace.HistoryViewModel@82669432@OneUI: skip for alone
05-08 11:58:29.079  1746 20149 I HYPER-HAL: [RequestManager.cpp]releaseLocked(): Released ID : 26002890
05-08 11:58:29.097 17841 17864 D BufferPoolAccessor2.0: bufferpool2 0xb400007a71201628 : 66(81994 size) total buffers - 1(1049 size) used buffers - 782/1273 (recycle/alloc) - 560/1272 (fetch/transfer)
05-08 11:58:29.101  2904  3764 D NetdEventListenerService: DNS Requested by 163, 10326(com.whatsapp.w4b), SUCCESS, 22ms
05-08 11:58:29.155  2904  3051 W UserManagerService: onShortcutChanged for another profile 0 from 150
05-08 11:58:29.156  4327  4327 I HoneySpace.PackageOperationTracker: onShortcutsChanged com.whatsapp.w4b - 23 UserHandle{0}
05-08 11:58:29.157  4327 28914 I HoneySpace.ShortcutDataSourceImpl: shortcut updated. ShortcutInfo {id=***, flags=0x6689 [DynIc-fIc-aStrRetsLiv], packageName=com.whatsapp.w4b, activity=ComponentInfo{com.whatsapp.w4b/com.whatsapp.Main}, shortLabel=***, resId=0[null], longLabel=***, resId=0[null], disabledMessage=***, resId=0[null], disabledReason=[Not disabled], categories={com.whatsapp.sharing.category.SHARE_TARGET_DEFAULT}, persons=null, icon=null, rank=1, timestamp=1778252308495, intents=null, extras=null}
05-08 11:58:29.157  4327 28914 I HoneySpace.ShortcutDataSourceImpl: shortcut updated. ShortcutInfo {id=***, flags=0x6689 [DynIc-fIc-aStrRetsLiv], packageName=com.whatsapp.w4b, activity=ComponentInfo{com.whatsapp.w4b/com.whatsapp.Main}, shortLabel=***, resId=0[null], longLabel=***, resId=0[null], disabledMessage=***, resId=0[null], disabledReason=[Not disabled], categories={com.whatsapp.sharing.category.SHARE_TARGET_DEFAULT}, persons=null, icon=null, rank=6, timestamp=1778252309047, intents=null, extras=null}
05-08 11:58:29.157  4327 28914 I HoneySpace.ShortcutDataSourceImpl: shortcut updated. ShortcutInfo {id=***, flags=0x2689 [DynIc-fIc-aStrRetsLiv], packageName=com.whatsapp.w4b, activity=ComponentInfo{com.whatsapp.w4b/com.whatsapp.Main}, shortLabel=***, resId=0[null], longLabel=***, resId=0[null], disabledMessage=***, resId=0[null], disabledReason=[Not disabled], categories={com.whatsapp.sharing.category.SHARE_TARGET_DEFAULT}, persons=null, icon=null, rank=2, timestamp=1778252308605, intents=null, extras=null}
05-08 11:58:29.157  4327 28914 I HoneySpace.ShortcutDataSourceImpl: shortcut updated. ShortcutInfo {id=***, flags=0x2689 [DynIc-fIc-aStrRetsLiv], packageName=com.whatsapp.w4b, activity=ComponentInfo{com.whatsapp.w4b/com.whatsapp.Main}, shortLabel=***, resId=0[null], longLabel=***, resId=0[null], disabledMessage=***, resId=0[null], disabledReason=[Not disabled], categories={com.whatsapp.sharing.category.SHARE_TARGET_DEFAULT}, persons=null, icon=null, rank=5, timestamp=1778252308939, intents=null, extras=null}
05-08 11:58:29.157  4327 28914 I HoneySpace.ShortcutDataSourceImpl: shortcut updated. ShortcutInfo {id=***, flags=0x485 [DynIc-rStrRets], packageName=com.whatsapp.w4b, activity=ComponentInfo{com.whatsapp.w4b/com.whatsapp.Main}, shortLabel=***, resId=0[null], longLabel=***, resId=0[null], disabledMessage=***, resId=0[null], disabledReason=[Not disabled], categories=null, persons=null, icon=null, rank=0, timestamp=1778252308391, intents=null, extras=null}
05-08 11:58:29.157  4327 28914 I HoneySpace.ShortcutDataSourceImpl: shortcut updated. ShortcutInfo {id=***, flags=0x6689 [DynIc-fIc-aStrRetsLiv], packageName=com.whatsapp.w4b, activity=ComponentInfo{com.whatsapp.w4b/com.whatsapp.Main}, shortLabel=***, resId=0[null], longLabel=***, resId=0[null], disabledMessage=***, resId=0[null], disabledReason=[Not disabled], categories={com.whatsapp.sharing.category.SHARE_TARGET_DEFAULT}, persons=null, icon=null, rank=3, timestamp=1778252308723, intents=null, extras=null}
05-08 11:58:29.157  4327 28914 I HoneySpace.ShortcutDataSourceImpl: shortcut updated. ShortcutInfo {id=***, flags=0x6689 [DynIc-fIc-aStrRetsLiv], packageName=com.whatsapp.w4b, activity=ComponentInfo{com.whatsapp.w4b/com.whatsapp.Main}, shortLabel=***, resId=0[null], longLabel=***, resId=0[null], disabledMessage=***, resId=0[null], disabledReason=[Not disabled], categories={com.whatsapp.sharing.category.SHARE_TARGET_DEFAULT}, persons=null, icon=null, rank=4, timestamp=1778252308833, intents=null, extras=null}
05-08 11:58:29.157  4327  4327 I HoneySpace.HoneySpaceManagerContainer: packageUpdateEvent - com.honeyspace.sdk.source.entity.PackageOperation$ShortcutChanged@ebfeeeb
05-08 11:58:29.157  4327  6974 I HoneySpace.HistoryViewModel@82669432@OneUI: handlePackageEvent
05-08 11:58:29.157  4327  6974 I HoneySpace.HistoryViewModel@82669432@OneUI: skip for alone
05-08 11:58:29.157  4327  4327 I HoneySpace.EventListenerRegistry: pendingPackageOperation : pending = false, com.honeyspace.sdk.source.entity.PackageOperation$ShortcutChanged@ebfeeeb
05-08 11:58:29.165  2904  3521 D VibrationThread: Playing vibration id 472 on vibrator 0 CompleteEffectVibratorStep
05-08 11:58:29.165  2904  3521 D VibrationThread: Running complete vibration step on vibrator 0
05-08 11:58:29.165  2904  3521 D VibrationThread: Playing vibration id 472 on vibrator 0 TurnOffVibratorStep
05-08 11:58:29.165  2904  3521 D VibrationThread: Turning off vibrator 0
05-08 11:58:29.166  1784  1784 E SecVibrator-HAL-AIDL-CORE: V_2_0: Vibrator off
05-08 11:58:29.166  1784  1784 E SecVibrator-HAL-AIDL-CORE: HW_API: do_off
05-08 11:58:29.166  1784  1784 E SecVibrator-HAL-AIDL-CORE: HW_API: [triggerForceFeedbackVibration]on: 0
05-08 11:58:29.166  2904  3521 D VibrationThread: Vibration 472 finished with EndInfo{status=FINISHED, endedBy=null}
05-08 11:58:29.166  2904  3521 D VibrationThread: Playing vibration id 472 FinishSequentialEffectStep (cleanup)
05-08 11:58:29.166  2904  3521 D VibrationThread: FinishSequentialEffectStep for effect #0
05-08 11:58:29.166  2904  3521 D VibratorManagerService: VibrationThread released vibration 472
05-08 11:58:29.166  2904  3521 D VibratorManagerService: Finish AppOp mode VIBRATE for uid 10047 and package com.android.systemui
05-08 11:58:29.167  2904  3521 D VibratorManagerService: Vibration for uid=10047 and with attrs=VibrationAttributes{mUsage=TOUCH, mAudioUsage= USAGE_UNKNOWN, mFlags=0, tags=} ended with status FINISHED
05-08 11:58:29.169  2904  4379 D InputDispatcher: Inject motion (27103/2000): action=0x1, time=13985503000000, f=0x0, d=0 dsdx=1.000000 dtdx=0.000000
05-08 11:58:29.169  2904  3530 I InputDispatcher: Delivering touch to (3847): action: 0x1, f=0x0, d=0, '3ba651b', t=1 +(0,-2196)
05-08 11:58:29.170  3847  3847 I VRI[NavigationBar0]@85f62ba: ViewPostIme pointer 1
05-08 11:58:29.170  2904  3032 I GestureDetector: obtain mCurrentMotionEventRaw. action: 1 id: -426292356
05-08 11:58:29.170  2904  3032 I GestureDetector: obtain mCurrentMotionEventRaw. action: 1 id: -426292356
05-08 11:58:29.170  7187  7187 I SemDvfsHyPerManager: acquire hyper - TATouchBoost/7187@29, type = -999
05-08 11:58:29.170  3847  3847 I KeyButtonView: Back button event: ACTION_UP
05-08 11:58:29.170  7187  7187 I SemDvfsHyPerManager: acquire hyper - TA_TOUCH_SHARE/7187@30, type = -999
05-08 11:58:29.171  1746  1783 I HYPER-HAL: [RequestManager.cpp]acquire(): Acquired ID : 26038965  [7187 / 29]    HINT :      list : [TABoost / 1] [TIMEOUT / 1500] 
05-08 11:58:29.171  1746  1783 I HYPER-HAL: [RequestManager.cpp]acquire(): Acquired ID : 26046183  [7187 / 30]    HINT : TA_TOUCH_SHARE    list : [TIMEOUT / 1500] 
05-08 11:58:29.171  3847  3948 D ShellBackPreview: Finishing gesture with event action: 1
05-08 11:58:29.171  3847  3948 D ShellBackPreview: onGestureFinished() mTriggerBack == true
05-08 11:58:29.171  3847  3948 D ShellBackPreview: Trigger back without dispatching to animator, info=BackNavigationInfo{mType=TYPE_CALLBACK (4), mOnBackNavigationDone=android.os.RemoteCallback@a55385c, mOnBackInvokedCallback=android.window.IOnBackInvokedCallback$Stub$Proxy@9d3765, mPrepareRemoteAnimation=false, mAnimationCallback=false, mCustomizeAnimationInfo=null}
05-08 11:58:29.171  3847  3948 D ShellBackPreview: dispatchOnBackInvoked, caller=com.android.wm.shell.back.BackAnimationController.invokeOrCancelBack:42 com.android.wm.shell.back.BackAnimationController$BackAnimationImpl$$ExternalSyntheticLambda2.run:520 android.os.Handler.handleCallback:995 
05-08 11:58:29.171  3847  3948 D ShellBackPreview: BackAnimationController: finishBackNavigation()
05-08 11:58:29.171  2904  4379 D CoreBackPreview: onBackNavigationDone backType=4, triggerBack=true
05-08 11:58:29.172 20151 20151 D WindowOnBackDispatcher: onBackInvoked, callback=android.view.ViewRootImpl$$ExternalSyntheticLambda16@33a1c29
05-08 11:58:29.173  8792  8792 I HBD     : c skip onKeyDown as physical keyboard not connected 
05-08 11:58:29.174  8792  8792 I HBD     : HoneyBoardService onKeyDown r:ac6e34d9 consumed:false 2 
05-08 11:58:29.175  8792  8792 I HBD     : b onUpdateEditorToolType was called with unKnown motion event. 
05-08 11:58:29.175  8792  8792 I InputMethodService: handleBack: mShowInputRequested=false, doIt=false
05-08 11:58:29.176  8792  8792 I HBD     : HoneyBoardService onKeyUp r:38d25701 consumed:false 1 
05-08 11:58:29.176  8792  8792 W InputMethodService: onKeyUp: event.isTracking=false, event.isCanceled=false
05-08 11:58:29.178 20151 20151 I VRI[PickActivity]@bf4a15a: ViewPostIme key 0
05-08 11:58:29.178 20151 20151 E oid.documentsui: No package ID ff found for resource ID 0xffffffff.
05-08 11:58:29.179 20151 20151 W WindowOnBackDispatcher: OnBackInvokedCallback is not enabled for the application.
05-08 11:58:29.179 20151 20151 W WindowOnBackDispatcher: Set 'android:enableOnBackInvokedCallback="true"' in the application manifest.
05-08 11:58:29.180 20151 20151 I VRI[PickActivity]@bf4a15a: ViewPostIme key 1
05-08 11:58:29.180 20151 20151 D Activity: onKeyUp(KEYCODE_BACK) isTracking()=false isCanceled()=false hasCallback=false
05-08 11:58:29.184 20151 20151 E oid.documentsui: No package ID ff found for resource ID 0xffffffff.
05-08 11:58:29.187 20151 20151 I BLASTBufferQueue_Java: update, w= 1080 h= 2340 mName = VRI[PickActivity]@bf4a15a mNativeObject= 0xb400007b0eabb000 sc.mNativeObject= 0xb400007b0ebd3c40 format= -1 caller= android.view.ViewRootImpl.updateBlastSurfaceIfNeeded:3574 android.view.ViewRootImpl.relayoutWindow:11685 android.view.ViewRootImpl.performTraversals:4804 android.view.ViewRootImpl.doTraversal:3924 android.view.ViewRootImpl$TraversalRunnable.run:12903 android.view.Choreographer$CallbackRecord.run:1901 
05-08 11:58:29.187  2904  4379 I WindowManager: Relayout Window{d68202d u0 com.google.android.documentsui/com.android.documentsui.picker.PickActivity}: viewVisibility=0 req=1080x2340 ty=1 d0
05-08 11:58:29.187 20151 20151 I VRI[PickActivity]@bf4a15a: Relayout returned: old=(0,0,1080,2340) new=(0,0,1080,2340) relayoutAsync=true req=(1080,2340)0 dur=0 res=0x0 s={true 0xb400007b0ebd5400} ch=false seqId=0
05-08 11:58:29.187  2904  4379 D SurfaceComposerClient: setCornerRadius ## d68202d com.google.android.documentsui/com.android.documentsui.picker.PickActivity#2893 cornerRadius=0.000000
05-08 11:58:29.187  2904  4379 D SurfaceComposerClient: setCornerRadius ## d68202d com.google.android.documentsui/com.android.documentsui.picker.PickActivity#2893 cornerRadius=0.000000
05-08 11:58:29.188 20151 20151 I VRI[PickActivity]@bf4a15a: registerCallbackForPendingTransactions
05-08 11:58:29.188  2904  4379 I WindowManager: Relayout hash=d68202d, pid=0, syncId=-1: mAttrs={(0,0)(fillxfill) sim={adjust=resize} layoutInDisplayCutoutMode=always ty=BASE_APPLICATION wanim=0x1030306
05-08 11:58:29.188  2904  4379 I WindowManager:   fl=81810100
05-08 11:58:29.188  2904  4379 I WindowManager:   pfl=10088840
05-08 11:58:29.188  2904  4379 I WindowManager:   vsysui=300
05-08 11:58:29.188  2904  4379 I WindowManager:   bhv=1
05-08 11:58:29.188  2904  4379 I WindowManager:   fitSides=0
05-08 11:58:29.188  2904  4379 I WindowManager:   frameRateBoostOnTouch=true
05-08 11:58:29.188  2904  4379 I WindowManager:   dvrrWindowFrameRateHint=true naviIconColor=0}
05-08 11:58:29.188 20151 20202 I VRI[PickActivity]@bf4a15a: mWNT: t=0xb400007b036fea80 mBlastBufferQueue=0xb400007b0eabb000 fn= 142 HdrRenderState mRenderHdrSdrRatio=1.0 caller= android.view.ViewRootImpl$10.onFrameDraw:6536 android.view.ViewRootImpl$4.onFrameDraw:2489 android.view.ThreadedRenderer$1.onFrameDraw:718 
05-08 11:58:29.192 20151 20151 D DefaultSelectionTracker: Ignoring onDataSetChange. No active selection.
05-08 11:58:29.193 20213 20276 I BluetoothAdapter: BluetoothAdapter() : com.whatsapp.w4b
05-08 11:58:29.194 20151 20151 W SelectionTracker: Setting gestureTooltypes is likely to result in unexpected behavior.
05-08 11:58:29.200 20151 20151 I BLASTBufferQueue_Java: update, w= 1080 h= 2340 mName = VRI[PickActivity]@bf4a15a mNativeObject= 0xb400007b0eabb000 sc.mNativeObject= 0xb400007b0ebd3c40 format= -1 caller= android.view.ViewRootImpl.updateBlastSurfaceIfNeeded:3574 android.view.ViewRootImpl.relayoutWindow:11685 android.view.ViewRootImpl.performTraversals:4804 android.view.ViewRootImpl.doTraversal:3924 android.view.ViewRootImpl$TraversalRunnable.run:12903 android.view.Choreographer$CallbackRecord.run:1901 
05-08 11:58:29.200 20151 20151 I VRI[PickActivity]@bf4a15a: Relayout returned: old=(0,0,1080,2340) new=(0,0,1080,2340) relayoutAsync=true req=(1080,2340)0 dur=1 res=0x0 s={true 0xb400007b0ebd5400} ch=false seqId=0
05-08 11:58:29.200  2904  4048 I WindowManager: Relayout Window{d68202d u0 com.google.android.documentsui/com.android.documentsui.picker.PickActivity}: viewVisibility=0 req=1080x2340 ty=1 d0
05-08 11:58:29.200  2904  4048 D SurfaceComposerClient: setCornerRadius ## d68202d com.google.android.documentsui/com.android.documentsui.picker.PickActivity#2893 cornerRadius=0.000000
05-08 11:58:29.201 20151 20151 D VRI[PickActivity]@bf4a15a: Canceling draw. cancelDueToPreDrawListener=true cancelDueToSync=false
05-08 11:58:29.201  2904  4048 D SurfaceComposerClient: setCornerRadius ## d68202d com.google.android.documentsui/com.android.documentsui.picker.PickActivity#2893 cornerRadius=0.000000
05-08 11:58:29.201  2904  4048 I WindowManager: Relayout hash=d68202d, pid=0, syncId=-1: mAttrs={(0,0)(fillxfill) sim={adjust=resize} layoutInDisplayCutoutMode=always ty=BASE_APPLICATION wanim=0x1030306
05-08 11:58:29.201  2904  4048 I WindowManager:   fl=81810100
05-08 11:58:29.201  2904  4048 I WindowManager:   pfl=10088840
05-08 11:58:29.201  2904  4048 I WindowManager:   vsysui=300
05-08 11:58:29.201  2904  4048 I WindowManager:   bhv=1
05-08 11:58:29.201  2904  4048 I WindowManager:   fitSides=0
05-08 11:58:29.201  2904  4048 I WindowManager:   frameRateBoostOnTouch=true
05-08 11:58:29.201  2904  4048 I WindowManager:   dvrrWindowFrameRateHint=true naviIconColor=0}
05-08 11:58:29.206  2904  4048 I WindowManager: Relayout Window{d68202d u0 com.google.android.documentsui/com.android.documentsui.picker.PickActivity}: viewVisibility=0 req=1080x2340 ty=1 d0
05-08 11:58:29.206 20151 20151 I BLASTBufferQueue_Java: update, w= 1080 h= 2340 mName = VRI[PickActivity]@bf4a15a mNativeObject= 0xb400007b0eabb000 sc.mNativeObject= 0xb400007b0ebd3c40 format= -1 caller= android.view.ViewRootImpl.updateBlastSurfaceIfNeeded:3574 android.view.ViewRootImpl.relayoutWindow:11685 android.view.ViewRootImpl.performTraversals:4804 android.view.ViewRootImpl.doTraversal:3924 android.view.ViewRootImpl$TraversalRunnable.run:12903 android.view.Choreographer$CallbackRecord.run:1901 
05-08 11:58:29.206 20151 20151 I VRI[PickActivity]@bf4a15a: Relayout returned: old=(0,0,1080,2340) new=(0,0,1080,2340) relayoutAsync=true req=(1080,2340)0 dur=0 res=0x0 s={true 0xb400007b0ebd5400} ch=false seqId=0
05-08 11:58:29.207  2904  4048 D SurfaceComposerClient: setCornerRadius ## d68202d com.google.android.documentsui/com.android.documentsui.picker.PickActivity#2893 cornerRadius=0.000000
05-08 11:58:29.207  2904  4048 D SurfaceComposerClient: setCornerRadius ## d68202d com.google.android.documentsui/com.android.documentsui.picker.PickActivity#2893 cornerRadius=0.000000
05-08 11:58:29.207 20151 20151 D VRI[PickActivity]@bf4a15a: Draw frame after cancel
05-08 11:58:29.207 20151 20151 I VRI[PickActivity]@bf4a15a: registerCallbackForPendingTransactions
05-08 11:58:29.208  2904  4048 I WindowManager: Relayout hash=d68202d, pid=0, syncId=-1: mAttrs={(0,0)(fillxfill) sim={adjust=resize} layoutInDisplayCutoutMode=always ty=BASE_APPLICATION wanim=0x1030306
05-08 11:58:29.208  2904  4048 I WindowManager:   fl=81810100
05-08 11:58:29.208  2904  4048 I WindowManager:   pfl=10088840
05-08 11:58:29.208  2904  4048 I WindowManager:   vsysui=300
05-08 11:58:29.208  2904  4048 I WindowManager:   bhv=1
05-08 11:58:29.208  2904  4048 I WindowManager:   fitSides=0
05-08 11:58:29.208  2904  4048 I WindowManager:   frameRateBoostOnTouch=true
05-08 11:58:29.208  2904  4048 I WindowManager:   dvrrWindowFrameRateHint=true naviIconColor=0}
05-08 11:58:29.208 20151 20201 I VRI[PickActivity]@bf4a15a: mWNT: t=0xb400007b03a47a80 mBlastBufferQueue=0xb400007b0eabb000 fn= 143 HdrRenderState mRenderHdrSdrRatio=1.0 caller= android.view.ViewRootImpl$10.onFrameDraw:6536 android.view.ViewRootImpl$4.onFrameDraw:2489 android.view.ThreadedRenderer$1.onFrameDraw:718 
05-08 11:58:29.209 20213 20276 D BluetoothAdapter: HEADSET connected
05-08 11:58:29.214 20151 20151 I BLASTBufferQueue_Java: update, w= 1080 h= 2340 mName = VRI[PickActivity]@bf4a15a mNativeObject= 0xb400007b0eabb000 sc.mNativeObject= 0xb400007b0ebd3c40 format= -1 caller= android.view.ViewRootImpl.updateBlastSurfaceIfNeeded:3574 android.view.ViewRootImpl.relayoutWindow:11685 android.view.ViewRootImpl.performTraversals:4804 android.view.ViewRootImpl.doTraversal:3924 android.view.ViewRootImpl$TraversalRunnable.run:12903 android.view.Choreographer$CallbackRecord.run:1901 
05-08 11:58:29.215 20151 20151 I VRI[PickActivity]@bf4a15a: Relayout returned: old=(0,0,1080,2340) new=(0,0,1080,2340) relayoutAsync=true req=(1080,2340)0 dur=0 res=0x0 s={true 0xb400007b0ebd5400} ch=false seqId=0
05-08 11:58:29.215  2904  4048 I WindowManager: Relayout Window{d68202d u0 com.google.android.documentsui/com.android.documentsui.picker.PickActivity}: viewVisibility=0 req=1080x2340 ty=1 d0
05-08 11:58:29.215  2904  4048 D SurfaceComposerClient: setCornerRadius ## d68202d com.google.android.documentsui/com.android.documentsui.picker.PickActivity#2893 cornerRadius=0.000000
05-08 11:58:29.215 20151 20151 I VRI[PickActivity]@bf4a15a: registerCallbackForPendingTransactions
05-08 11:58:29.215  2904  4048 D SurfaceComposerClient: setCornerRadius ## d68202d com.google.android.documentsui/com.android.documentsui.picker.PickActivity#2893 cornerRadius=0.000000
05-08 11:58:29.215  2904  4048 I WindowManager: Relayout hash=d68202d, pid=0, syncId=-1: mAttrs={(0,0)(fillxfill) sim={adjust=resize} layoutInDisplayCutoutMode=always ty=BASE_APPLICATION wanim=0x1030306
05-08 11:58:29.215  2904  4048 I WindowManager:   fl=81810100
05-08 11:58:29.215  2904  4048 I WindowManager:   pfl=10088840
05-08 11:58:29.215  2904  4048 I WindowManager:   vsysui=300
05-08 11:58:29.215  2904  4048 I WindowManager:   bhv=1
05-08 11:58:29.215  2904  4048 I WindowManager:   fitSides=0
05-08 11:58:29.215  2904  4048 I WindowManager:   frameRateBoostOnTouch=true
05-08 11:58:29.215  2904  4048 I WindowManager:   dvrrWindowFrameRateHint=true naviIconColor=0}
05-08 11:58:29.217 20151 20202 I VRI[PickActivity]@bf4a15a: mWNT: t=0xb400007b03a48380 mBlastBufferQueue=0xb400007b0eabb000 fn= 144 HdrRenderState mRenderHdrSdrRatio=1.0 caller= android.view.ViewRootImpl$10.onFrameDraw:6536 android.view.ViewRootImpl$4.onFrameDraw:2489 android.view.ThreadedRenderer$1.onFrameDraw:718 
05-08 11:58:29.221  2904  4048 D InputDispatcher: Inject motion (27103/2000): action=0x9, time=13985554000000, f=0x0, d=0 dsdx=1.000000 dtdx=0.000000
05-08 11:58:29.221  2904  3530 I InputDispatcher: Delivering touch to (3847): action: 0x9, f=0x0, d=0, '3ba651b', t=1 +(0,-2196)
05-08 11:58:29.222  3847  3847 D SamsungKeyButtonRipple: startHoverAnim com.android.systemui.navigationbar.views.buttons.KeyButtonView{f13decc VFED..C.. ........ 723,0-962,144 #7f0a015f app:id/back}
05-08 11:58:29.222  3847  3847 I VRI[NavigationBar0]@85f62ba: updatePointerIcon : PointerIcon{type=NOT_SPECIFIED, hotspotX=0.0, hotspotY=0.0}
05-08 11:58:29.222  2904  4048 W PointerChoreographer: Invalid device id -1. Cannot set pointer icon.
05-08 11:58:29.224  2904  3530 I InputDispatcher: Canceling stream: last source was TOUCHSCREEN | STYLUS and new event is MotionEvent
05-08 11:58:29.224  2904  3530 I InputDispatcher: Canceling pointers for device -1 in [Gesture Monitor] PalmMotion with event MotionEvent
05-08 11:58:29.224  2904  3530 I InputDispatcher: Canceling stream: last source was TOUCHSCREEN | STYLUS and new event is MotionEvent
05-08 11:58:29.224  2904  3530 I InputDispatcher: Canceling pointers for device -1 in [Gesture Monitor] secinputdev with event MotionEvent
05-08 11:58:29.224  2904  3530 I InputDispatcher: Canceling stream: last source was TOUCHSCREEN | STYLUS and new event is MotionEvent
05-08 11:58:29.224  2904  3530 I InputDispatcher: Canceling pointers for device -1 in 3ba651b NavigationBar0 with event MotionEvent
05-08 11:58:29.224  2904  3530 I InputDispatcher: Delivering touch to (3847): action: 0xa, f=0x0, d=0, '3ba651b', t=1 +(0,-2196)
05-08 11:58:29.224  2904  3530 I InputDispatcher: Delivering touch to (3847): action: 0x9, f=0x0, d=0, '3ba651b', t=1 +(0,-2196)
05-08 11:58:29.224  2904  3530 I InputDispatcher: Canceling stream: last source was TOUCHSCREEN | STYLUS and new event is MotionEvent
05-08 11:58:29.224  2904  3530 I InputDispatcher: Canceling pointers for device -1 in PointerEventDispatcher0 with event MotionEvent
05-08 11:58:29.225  3847  3847 D SamsungKeyButtonRipple: exitHoverAnim com.android.systemui.navigationbar.views.buttons.KeyButtonView{f13decc VFED..C.. ....H... 723,0-962,144 #7f0a015f app:id/back}
05-08 11:58:29.225  3847  3847 D SamsungKeyButtonRipple: startHoverAnim com.android.systemui.navigationbar.views.buttons.KeyButtonView{f13decc VFED..C.. ......ID 723,0-962,144 #7f0a015f app:id/back}
05-08 11:58:29.225  3847  3847 I VRI[NavigationBar0]@85f62ba: updatePointerIcon : PointerIcon{type=NOT_SPECIFIED, hotspotX=0.0, hotspotY=0.0}
05-08 11:58:29.226  2904  4048 W PointerChoreographer: Invalid device id -1. Cannot set pointer icon.
05-08 11:58:29.238 20213 20255 D WM-SystemJobScheduler: Scheduling work ID 368fd0a3-a370-494e-9478-bd97455fd170Job ID 229765
05-08 11:58:29.240  1776 30937 I QC2CompStore: Setting heap usage to system
05-08 11:58:29.247 20213 20251 D WM-SystemJobScheduler: Scheduling work ID db22b033-f110-4ed6-8d4d-4c6f54009afaJob ID 229766
05-08 11:58:29.265  2904  3051 W UserManagerService: onShortcutChanged for another profile 0 from 150
05-08 11:58:29.266  4327  4327 I HoneySpace.PackageOperationTracker: onShortcutsChanged com.whatsapp.w4b - 23 UserHandle{0}
05-08 11:58:29.268  4327 31495 I HoneySpace.ShortcutDataSourceImpl: shortcut updated. ShortcutInfo {id=***, flags=0x6689 [DynIc-fIc-aStrRetsLiv], packageName=com.whatsapp.w4b, activity=ComponentInfo{com.whatsapp.w4b/com.whatsapp.Main}, shortLabel=***, resId=0[null], longLabel=***, resId=0[null], disabledMessage=***, resId=0[null], disabledReason=[Not disabled], categories={com.whatsapp.sharing.category.SHARE_TARGET_DEFAULT}, persons=null, icon=null, rank=1, timestamp=1778252308495, intents=null, extras=null}
05-08 11:58:29.268  4327 31495 I HoneySpace.ShortcutDataSourceImpl: shortcut updated. ShortcutInfo {id=***, flags=0x6689 [DynIc-fIc-aStrRetsLiv], packageName=com.whatsapp.w4b, activity=ComponentInfo{com.whatsapp.w4b/com.whatsapp.Main}, shortLabel=***, resId=0[null], longLabel=***, resId=0[null], disabledMessage=***, resId=0[null], disabledReason=[Not disabled], categories={com.whatsapp.sharing.category.SHARE_TARGET_DEFAULT}, persons=null, icon=null, rank=7, timestamp=1778252309158, intents=null, extras=null}
05-08 11:58:29.268  4327 31495 I HoneySpace.ShortcutDataSourceImpl: shortcut updated. ShortcutInfo {id=***, flags=0x6689 [DynIc-fIc-aStrRetsLiv], packageName=com.whatsapp.w4b, activity=ComponentInfo{com.whatsapp.w4b/com.whatsapp.Main}, shortLabel=***, resId=0[null], longLabel=***, resId=0[null], disabledMessage=***, resId=0[null], disabledReason=[Not disabled], categories={com.whatsapp.sharing.category.SHARE_TARGET_DEFAULT}, persons=null, icon=null, rank=6, timestamp=1778252309047, intents=null, extras=null}
05-08 11:58:29.268  4327 31495 I HoneySpace.ShortcutDataSourceImpl: shortcut updated. ShortcutInfo {id=***, flags=0x2689 [DynIc-fIc-aStrRetsLiv], packageName=com.whatsapp.w4b, activity=ComponentInfo{com.whatsapp.w4b/com.whatsapp.Main}, shortLabel=***, resId=0[null], longLabel=***, resId=0[null], disabledMessage=***, resId=0[null], disabledReason=[Not disabled], categories={com.whatsapp.sharing.category.SHARE_TARGET_DEFAULT}, persons=null, icon=null, rank=2, timestamp=1778252308605, intents=null, extras=null}
05-08 11:58:29.268  4327 31495 I HoneySpace.ShortcutDataSourceImpl: shortcut updated. ShortcutInfo {id=***, flags=0x2689 [DynIc-fIc-aStrRetsLiv], packageName=com.whatsapp.w4b, activity=ComponentInfo{com.whatsapp.w4b/com.whatsapp.Main}, shortLabel=***, resId=0[null], longLabel=***, resId=0[null], disabledMessage=***, resId=0[null], disabledReason=[Not disabled], categories={com.whatsapp.sharing.category.SHARE_TARGET_DEFAULT}, persons=null, icon=null, rank=5, timestamp=1778252308939, intents=null, extras=null}
05-08 11:58:29.268  4327 31495 I HoneySpace.ShortcutDataSourceImpl: shortcut updated. ShortcutInfo {id=***, flags=0x485 [DynIc-rStrRets], packageName=com.whatsapp.w4b, activity=ComponentInfo{com.whatsapp.w4b/com.whatsapp.Main}, shortLabel=***, resId=0[null], longLabel=***, resId=0[null], disabledMessage=***, resId=0[null], disabledReason=[Not disabled], categories=null, persons=null, icon=null, rank=0, timestamp=1778252308391, intents=null, extras=null}
05-08 11:58:29.268  4327 31495 I HoneySpace.ShortcutDataSourceImpl: shortcut updated. ShortcutInfo {id=***, flags=0x6689 [DynIc-fIc-aStrRetsLiv], packageName=com.whatsapp.w4b, activity=ComponentInfo{com.whatsapp.w4b/com.whatsapp.Main}, shortLabel=***, resId=0[null], longLabel=***, resId=0[null], disabledMessage=***, resId=0[null], disabledReason=[Not disabled], categories={com.whatsapp.sharing.category.SHARE_TARGET_DEFAULT}, persons=null, icon=null, rank=3, timestamp=1778252308723, intents=null, extras=null}
05-08 11:58:29.268  4327 31495 I HoneySpace.ShortcutDataSourceImpl: shortcut updated. ShortcutInfo {id=***, flags=0x6689 [DynIc-fIc-aStrRetsLiv], packageName=com.whatsapp.w4b, activity=ComponentInfo{com.whatsapp.w4b/com.whatsapp.Main}, shortLabel=***, resId=0[null], longLabel=***, resId=0[null], disabledMessage=***, resId=0[null], disabledReason=[Not disabled], categories={com.whatsapp.sharing.category.SHARE_TARGET_DEFAULT}, persons=null, icon=null, rank=4, timestamp=1778252308833, intents=null, extras=null}
05-08 11:58:29.268  4327  4327 I HoneySpace.HoneySpaceManagerContainer: packageUpdateEvent - com.honeyspace.sdk.source.entity.PackageOperation$ShortcutChanged@7468448
05-08 11:58:29.268  4327  9086 I HoneySpace.HistoryViewModel@82669432@OneUI: handlePackageEvent
05-08 11:58:29.268  4327  9086 I HoneySpace.HistoryViewModel@82669432@OneUI: skip for alone
05-08 11:58:29.269  4327  4327 I HoneySpace.EventListenerRegistry: pendingPackageOperation : pending = false, com.honeyspace.sdk.source.entity.PackageOperation$ShortcutChanged@7468448
05-08 11:58:29.283  1776 30937 I QC2CompStore: Setting heap usage to system
05-08 11:58:29.284 17841 17864 D BufferPoolAccessor2.0: bufferpool2 0xb400007a71201628 : 66(140904 size) total buffers - 1(15698 size) used buffers - 783/1291 (recycle/alloc) - 577/1290 (fetch/transfer)
05-08 11:58:29.295 20213 20221 I om.whatsapp.w4b: Background young concurrent mark compact GC freed 23MB AllocSpace bytes, 80(1864KB) LOS objects, 54% free, 19MB/42MB, paused 3.563ms,4.899ms total 235.683ms
05-08 11:58:29.320  2904  3032 I GestureDetector: handleMessage TAP
05-08 11:58:29.321  2904  2904 I GestureDetector: handleMessage TAP
05-08 11:58:29.331  1804  1820 E HeatmapThread: ECT Thread time in milliseconds: 1778252309
05-08 11:58:29.332  1804  1820 D HeatmapThread: !@ batteryplugType : 2
05-08 11:58:29.333  1804  1820 D HeatmapThread: !@ batteryLevel : 80  batteryTemperature : 380 
05-08 11:58:29.333  1804  1820 D HeatmapThread: !@ Heatmap currtime: 29637538
05-08 11:58:29.333  1804  1820 D HeatmapThread: !@ Heatmap prevtime: 29637533
05-08 11:58:29.333  1804  1820 D HeatmapThread: !@ Heatmap plugstarttime: 29637392
05-08 11:58:29.333  1804  1820 D HeatmapThread: !@ Heatmap prevv_dsoh_update_time: 29637512
05-08 11:58:29.333  1804  1820 E HeatmapThread: !@ CAM New BSOH: 99
05-08 11:58:29.333  1804  1820 E HeatmapThread: !@ CAM is Working
05-08 11:58:29.379  2904  3051 W UserManagerService: onShortcutChanged for another profile 0 from 150
05-08 11:58:29.379  4327  4327 I HoneySpace.PackageOperationTracker: onShortcutsChanged com.whatsapp.w4b - 23 UserHandle{0}
05-08 11:58:29.380  4327  9086 I HoneySpace.ShortcutDataSourceImpl: shortcut updated. ShortcutInfo {id=***, flags=0x6689 [DynIc-fIc-aStrRetsLiv], packageName=com.whatsapp.w4b, activity=ComponentInfo{com.whatsapp.w4b/com.whatsapp.Main}, shortLabel=***, resId=0[null], longLabel=***, resId=0[null], disabledMessage=***, resId=0[null], disabledReason=[Not disabled], categories={com.whatsapp.sharing.category.SHARE_TARGET_DEFAULT}, persons=null, icon=null, rank=1, timestamp=1778252308495, intents=null, extras=null}
05-08 11:58:29.380  4327  9086 I HoneySpace.ShortcutDataSourceImpl: shortcut updated. ShortcutInfo {id=***, flags=0x6689 [DynIc-fIc-aStrRetsLiv], packageName=com.whatsapp.w4b, activity=ComponentInfo{com.whatsapp.w4b/com.whatsapp.Main}, shortLabel=***, resId=0[null], longLabel=***, resId=0[null], disabledMessage=***, resId=0[null], disabledReason=[Not disabled], categories={com.whatsapp.sharing.category.SHARE_TARGET_DEFAULT}, persons=null, icon=null, rank=7, timestamp=1778252309158, intents=null, extras=null}
05-08 11:58:29.380  4327  9086 I HoneySpace.ShortcutDataSourceImpl: shortcut updated. ShortcutInfo {id=***, flags=0x6689 [DynIc-fIc-aStrRetsLiv], packageName=com.whatsapp.w4b, activity=ComponentInfo{com.whatsapp.w4b/com.whatsapp.Main}, shortLabel=***, resId=0[null], longLabel=***, resId=0[null], disabledMessage=***, resId=0[null], disabledReason=[Not disabled], categories={com.whatsapp.sharing.category.SHARE_TARGET_DEFAULT}, persons=null, icon=null, rank=6, timestamp=1778252309047, intents=null, extras=null}
05-08 11:58:29.380  4327  9086 I HoneySpace.ShortcutDataSourceImpl: shortcut updated. ShortcutInfo {id=***, flags=0x2689 [DynIc-fIc-aStrRetsLiv], packageName=com.whatsapp.w4b, activity=ComponentInfo{com.whatsapp.w4b/com.whatsapp.Main}, shortLabel=***, resId=0[null], longLabel=***, resId=0[null], disabledMessage=***, resId=0[null], disabledReason=[Not disabled], categories={com.whatsapp.sharing.category.SHARE_TARGET_DEFAULT}, persons=null, icon=null, rank=2, timestamp=1778252308605, intents=null, extras=null}
05-08 11:58:29.380  4327  9086 I HoneySpace.ShortcutDataSourceImpl: shortcut updated. ShortcutInfo {id=***, flags=0x6689 [DynIc-fIc-aStrRetsLiv], packageName=com.whatsapp.w4b, activity=ComponentInfo{com.whatsapp.w4b/com.whatsapp.Main}, shortLabel=***, resId=0[null], longLabel=***, resId=0[null], disabledMessage=***, resId=0[null], disabledReason=[Not disabled], categories={com.whatsapp.sharing.category.SHARE_TARGET_DEFAULT}, persons=null, icon=null, rank=8, timestamp=1778252309267, intents=null, extras=null}
05-08 11:58:29.380  4327  9086 I HoneySpace.ShortcutDataSourceImpl: shortcut updated. ShortcutInfo {id=***, flags=0x2689 [DynIc-fIc-aStrRetsLiv], packageName=com.whatsapp.w4b, activity=ComponentInfo{com.whatsapp.w4b/com.whatsapp.Main}, shortLabel=***, resId=0[null], longLabel=***, resId=0[null], disabledMessage=***, resId=0[null], disabledReason=[Not disabled], categories={com.whatsapp.sharing.category.SHARE_TARGET_DEFAULT}, persons=null, icon=null, rank=5, timestamp=1778252308939, intents=null, extras=null}
05-08 11:58:29.380  4327  9086 I HoneySpace.ShortcutDataSourceImpl: shortcut updated. ShortcutInfo {id=***, flags=0x485 [DynIc-rStrRets], packageName=com.whatsapp.w4b, activity=ComponentInfo{com.whatsapp.w4b/com.whatsapp.Main}, shortLabel=***, resId=0[null], longLabel=***, resId=0[null], disabledMessage=***, resId=0[null], disabledReason=[Not disabled], categories=null, persons=null, icon=null, rank=0, timestamp=1778252308391, intents=null, extras=null}
05-08 11:58:29.380  4327  9086 I HoneySpace.ShortcutDataSourceImpl: shortcut updated. ShortcutInfo {id=***, flags=0x6689 [DynIc-fIc-aStrRetsLiv], packageName=com.whatsapp.w4b, activity=ComponentInfo{com.whatsapp.w4b/com.whatsapp.Main}, shortLabel=***, resId=0[null], longLabel=***, resId=0[null], disabledMessage=***, resId=0[null], disabledReason=[Not disabled], categories={com.whatsapp.sharing.category.SHARE_TARGET_DEFAULT}, persons=null, icon=null, rank=3, timestamp=1778252308723, intents=null, extras=null}
05-08 11:58:29.380  4327  9086 I HoneySpace.ShortcutDataSourceImpl: shortcut updated. ShortcutInfo {id=***, flags=0x6689 [DynIc-fIc-aStrRetsLiv], packageName=com.whatsapp.w4b, activity=ComponentInfo{com.whatsapp.w4b/com.whatsapp.Main}, shortLabel=***, resId=0[null], longLabel=***, resId=0[null], disabledMessage=***, resId=0[null], disabledReason=[Not disabled], categories={com.whatsapp.sharing.category.SHARE_TARGET_DEFAULT}, persons=null, icon=null, rank=4, timestamp=1778252308833, intents=null, extras=null}
05-08 11:58:29.380  4327  4327 I HoneySpace.HoneySpaceManagerContainer: packageUpdateEvent - com.honeyspace.sdk.source.entity.PackageOperation$ShortcutChanged@d0472e1
05-08 11:58:29.381  4327  4327 I HoneySpace.EventListenerRegistry: pendingPackageOperation : pending = false, com.honeyspace.sdk.source.entity.PackageOperation$ShortcutChanged@d0472e1
05-08 11:58:29.383  4327 21871 I HoneySpace.HistoryViewModel@82669432@OneUI: handlePackageEvent
05-08 11:58:29.383  4327 21871 I HoneySpace.HistoryViewModel@82669432@OneUI: skip for alone
05-08 11:58:29.424 17841 17864 D BufferPoolAccessor2.0: bufferpool2 0xb400007a71201628 : 66(272377 size) total buffers - 1(1597 size) used buffers - 783/1308 (recycle/alloc) - 594/1307 (fetch/transfer)
05-08 11:58:29.457  1722  4813 I vendor.qti.bluetooth@1.1-ibs_handler: ProcessIbsCmd: Received IBS_WAKE_IND: 0xFD
05-08 11:58:29.458  1722  4813 D vendor.qti.bluetooth@1.1-ibs_handler: SerialClockVote: vote for UART CLK ON
05-08 11:58:29.458  1722  4813 D vendor.qti.bluetooth@1.1-wake_lock: Acquire wakelock is acquired 
05-08 11:58:29.458  1722  4813 I vendor.qti.bluetooth@1.1-ibs_handler: ProcessIbsCmd: Writing IBS_WAKE_ACK
05-08 11:58:29.469  4145  4842 I ScanController: onScanResult to scannerId: 3- eventType=0x1b, addressType=0, address=XX:XX:XX:XX:B2:7C, primaryPhy=1, secondaryPhy=0, advertisingSid=0xff, txPower=127, rssi=-84, periodicAdvInt=0x0
05-08 11:58:29.504  1722  4813 I vendor.qti.bluetooth@1.1-ibs_handler: ProcessIbsCmd: Received IBS_SLEEP_IND: 0xFE
05-08 11:58:29.504  1722  4813 D vendor.qti.bluetooth@1.1-ibs_handler: SerialClockVote: vote for UART CLK OFF
05-08 11:58:29.540  2904  2961 I system_server: Background young concurrent mark compact GC freed 35MB AllocSpace bytes, 153(3752KB) LOS objects, 17% free, 190MB/229MB, paused 2.692ms,4.984ms total 160.425ms
05-08 11:58:29.551  1722  4813 I vendor.qti.bluetooth@1.1-ibs_handler: ProcessIbsCmd: Received IBS_WAKE_IND: 0xFD
05-08 11:58:29.551  1722  4813 D vendor.qti.bluetooth@1.1-ibs_handler: SerialClockVote: vote for UART CLK ON
05-08 11:58:29.551  1722  4813 I vendor.qti.bluetooth@1.1-ibs_handler: ProcessIbsCmd: Writing IBS_WAKE_ACK
05-08 11:58:29.555  4145  4842 I ScanController: onScanResult to scannerId: 3- eventType=0x1b, addressType=0, address=XX:XX:XX:XX:B2:7C, primaryPhy=1, secondaryPhy=0, advertisingSid=0xff, txPower=127, rssi=-84, periodicAdvInt=0x0
05-08 11:58:29.567 17841 17864 D BufferPoolAccessor2.0: bufferpool2 0xb400007a71201628 : 66(281539 size) total buffers - 1(936 size) used buffers - 783/1325 (recycle/alloc) - 611/1324 (fetch/transfer)
05-08 11:58:29.573  1811  1811 D SurfaceFlinger: GPIS:: requestGPISForClientComposition
05-08 11:58:29.594  1722  4813 I vendor.qti.bluetooth@1.1-ibs_handler: ProcessIbsCmd: Received IBS_SLEEP_IND: 0xFE
05-08 11:58:29.594  1722  4813 D vendor.qti.bluetooth@1.1-ibs_handler: SerialClockVote: vote for UART CLK OFF
05-08 11:58:29.595  1736 21764 I sensors-hal: handle_sns_std_sensor_event:436, [SSC_LIGHT] P: 44(44),m:13,c:3,b:90,c0:2176,l:44,f(r):81,u(bl):100,j:36
05-08 11:58:29.622  2904  3530 I InputDispatcher: Delivering touch to (3847): action: 0xa, f=0x0, d=0, '3ba651b', t=1 +(0,-2196)
05-08 11:58:29.623  2904  3530 I InputDispatcher: Delivering touch to (20151): action: 0x9, f=0x0, d=0, 'd68202d', t=1 
05-08 11:58:29.623  3847  3847 D SamsungKeyButtonRipple: exitHoverAnim com.android.systemui.navigationbar.views.buttons.KeyButtonView{f13decc VFED..C.. ....H... 723,0-962,144 #7f0a015f app:id/back}
05-08 11:58:29.623 20151 20151 I VRI[PickActivity]@bf4a15a: updatePointerIcon : PointerIcon{type=NOT_SPECIFIED, hotspotX=0.0, hotspotY=0.0}
05-08 11:58:29.624  2904  7468 W PointerChoreographer: Invalid device id -1. Cannot set pointer icon.
05-08 11:58:29.636 20213 20252 I Kumiho-Kumiho: getPackageName: com.whatsapp.w4b
05-08 11:58:29.636 20213 20252 I Kumiho-Kumiho: getPackageName: com.whatsapp.w4b
05-08 11:58:29.637 20213 20252 I Kumiho-Kumiho: getPackageName: com.whatsapp.w4b
05-08 11:58:29.640 20213 20252 I Kumiho-Kumiho: getPackageName: com.whatsapp.w4b
05-08 11:58:29.641 20213 20252 I Kumiho-Kumiho: getPackageName: com.whatsapp.w4b
05-08 11:58:29.642 20213 20252 I Kumiho-Kumiho: getPackageName: com.whatsapp.w4b
05-08 11:58:29.645 20213 20252 I Kumiho-Kumiho: getPackageName: com.whatsapp.w4b
05-08 11:58:29.645 20213 20252 I Kumiho-Kumiho: getPackageName: com.whatsapp.w4b
05-08 11:58:29.646 20213 20252 I Kumiho-Kumiho: getPackageName: com.whatsapp.w4b
05-08 11:58:29.651 20213 20252 I Kumiho-Kumiho: getPackageName: com.whatsapp.w4b
05-08 11:58:29.651 20213 20252 I Kumiho-Kumiho: getPackageName: com.whatsapp.w4b
05-08 11:58:29.652 20213 20252 I Kumiho-Kumiho: getPackageName: com.whatsapp.w4b
05-08 11:58:29.654 20151 20151 D DefaultSelectionTracker: Ignoring onDataSetChange. No active selection.
05-08 11:58:29.656 20213 20252 I Kumiho-Kumiho: getPackageName: com.whatsapp.w4b
05-08 11:58:29.657 20213 20252 I Kumiho-Kumiho: getPackageName: com.whatsapp.w4b
05-08 11:58:29.658 20213 20252 I Kumiho-Kumiho: getPackageName: com.whatsapp.w4b
05-08 11:58:29.662 20213 20252 I Kumiho-Kumiho: getPackageName: com.whatsapp.w4b
05-08 11:58:29.662 20213 20252 I Kumiho-Kumiho: getPackageName: com.whatsapp.w4b
05-08 11:58:29.664 20213 20252 I Kumiho-Kumiho: getPackageName: com.whatsapp.w4b
05-08 11:58:29.667 20213 20252 I Kumiho-Kumiho: getPackageName: com.whatsapp.w4b
05-08 11:58:29.667 20213 20252 I Kumiho-Kumiho: getPackageName: com.whatsapp.w4b
05-08 11:58:29.668 20364 20416 I SCS@AiSearch user 0: (IndexingWorker) [androidx.work-1] entering in doWork():  
05-08 11:58:29.668 20364 20416 I SCS@AiSearch user 0: (IndexingWorker) [androidx.work-1] entering in initAllIndexes():  
05-08 11:58:29.669 20213 20252 I Kumiho-Kumiho: getPackageName: com.whatsapp.w4b
05-08 11:58:29.673 20213 20252 I Kumiho-Kumiho: getPackageName: com.whatsapp.w4b
05-08 11:58:29.674 20213 20252 I Kumiho-Kumiho: getPackageName: com.whatsapp.w4b
05-08 11:58:29.675 20213 20252 I Kumiho-Kumiho: getPackageName: com.whatsapp.w4b
05-08 11:58:29.723  2904  7359 I WindowManager: Relayout Window{d68202d u0 com.google.android.documentsui/com.android.documentsui.picker.PickActivity}: viewVisibility=0 req=1080x2340 ty=1 d0
05-08 11:58:29.723 20151 20151 I BLASTBufferQueue_Java: update, w= 1080 h= 2340 mName = VRI[PickActivity]@bf4a15a mNativeObject= 0xb400007b0eabb000 sc.mNativeObject= 0xb400007b0ebd3c40 format= -1 caller= android.view.ViewRootImpl.updateBlastSurfaceIfNeeded:3574 android.view.ViewRootImpl.relayoutWindow:11685 android.view.ViewRootImpl.performTraversals:4804 android.view.ViewRootImpl.doTraversal:3924 android.view.ViewRootImpl$TraversalRunnable.run:12903 android.view.Choreographer$CallbackRecord.run:1901 
05-08 11:58:29.723 20151 20151 I VRI[PickActivity]@bf4a15a: Relayout returned: old=(0,0,1080,2340) new=(0,0,1080,2340) relayoutAsync=true req=(1080,2340)0 dur=0 res=0x0 s={true 0xb400007b0ebd5400} ch=false seqId=0
05-08 11:58:29.723  2904  7359 D SurfaceComposerClient: setCornerRadius ## d68202d com.google.android.documentsui/com.android.documentsui.picker.PickActivity#2893 cornerRadius=0.000000
05-08 11:58:29.723 20151 20151 I VRI[PickActivity]@bf4a15a: registerCallbackForPendingTransactions
05-08 11:58:29.723  2904  7359 D SurfaceComposerClient: setCornerRadius ## d68202d com.google.android.documentsui/com.android.documentsui.picker.PickActivity#2893 cornerRadius=0.000000
05-08 11:58:29.725  2904  7359 I WindowManager: Relayout hash=d68202d, pid=0, syncId=-1: mAttrs={(0,0)(fillxfill) sim={adjust=resize} layoutInDisplayCutoutMode=always ty=BASE_APPLICATION wanim=0x1030306
05-08 11:58:29.725  2904  7359 I WindowManager:   fl=81810100
05-08 11:58:29.725  2904  7359 I WindowManager:   pfl=10088840
05-08 11:58:29.725  2904  7359 I WindowManager:   vsysui=300
05-08 11:58:29.725  2904  7359 I WindowManager:   bhv=1
05-08 11:58:29.725  2904  7359 I WindowManager:   fitSides=0
05-08 11:58:29.725  2904  7359 I WindowManager:   frameRateBoostOnTouch=true
05-08 11:58:29.725  2904  7359 I WindowManager:   dvrrWindowFrameRateHint=true naviIconColor=0}
05-08 11:58:29.727 20364 20391 W C       : Unmapping is not supported on this platform, because internal Java APIs are not compatible with this Lucene version: java.lang.NoSuchMethodException: invokeCleaner [class java.nio.ByteBuffer]
05-08 11:58:29.730 20364 20416 I SCS@AiSearch user 0: (AnalogyInitializer) initIndexImpl: no indexing required.
05-08 11:58:29.731 20364 20416 I SCS@AiSearch user 0: (Initializer::TAXONOMY) current Image tagger version : 901, PrefUtil Image tagger version : 901
05-08 11:58:29.731 20364 20416 I SCS@AiSearch user 0: (Initializer::TAXONOMY) Taxonomy Index updating is unnecessary
05-08 11:58:29.733 20364 20416 I SCS@AiSearch user 0: (Initializer::CORRELATED) initIndexImpl: took 2 ms
05-08 11:58:29.737 20364 20416 I SCS@AiSearch user 0: (Initializer::ACTION) initIndexImpl: took 3 ms
05-08 11:58:29.737 20151 20201 I VRI[PickActivity]@bf4a15a: mWNT: t=0xb400007b03a49a00 mBlastBufferQueue=0xb400007b0eabb000 fn= 191 HdrRenderState mRenderHdrSdrRatio=1.0 caller= android.view.ViewRootImpl$10.onFrameDraw:6536 android.view.ViewRootImpl$4.onFrameDraw:2489 android.view.ThreadedRenderer$1.onFrameDraw:718 
05-08 11:58:29.738 20364 20416 I SCS@AiSearch user 0: (Initializer::CONTACTS) initIndexImpl: took 0 ms
05-08 11:58:29.738 20364 20416 I SCS@AiSearch user 0: (Initializer::CALLLOG) initIndexImpl: took 0 ms
05-08 11:58:29.739 20364 20416 I SCS@AiSearch user 0: (BaseCollector::CALENDAR) Instance start time:2022-12-04 21:00
05-08 11:58:29.739 20364 20416 I SCS@AiSearch user 0: (Initializer::CALENDAR) initIndexImpl: took 0 ms
05-08 11:58:29.739 20364 20416 I SCS@AiSearch user 0: (Initializer::TASKS) initIndexImpl: took 0 ms
05-08 11:58:29.740 20364 20416 I SCS@AiSearch user 0: (Initializer::REMINDER) initIndexImpl: took 0 ms
05-08 11:58:29.742 20364 20416 I SCS@AiSearch user 0: (AppsDataObserver) scheduling worker CMD_SCAN
05-08 11:58:29.743 20364 20416 I SCS@AiSearch user 0: (Initializer::APPLICATIONS) initIndexImpl: took 3 ms
05-08 11:58:29.743 17841 17864 D BufferPoolAccessor2.0: bufferpool2 0xb400007a71201628 : 66(280921 size) total buffers - 1(761 size) used buffers - 784/1343 (recycle/alloc) - 628/1342 (fetch/transfer)
05-08 11:58:29.744  1722  4530 D vendor.qti.bluetooth@1.1-wake_lock: Release wakelock is released 
05-08 11:58:29.746 20364 20416 I SCS@AiSearch user 0: (BaseCollector::GALLERY) Initial CMH/SecMP info :last synced CmhUpdater(sync id, sync time) : 2147520322, 1774534993397, last synced SearchTagViewUpdater(sync id, sync time) : 2147520897, 364463
05-08 11:58:29.746 20364 20416 I SCS@AiSearch user 0: (Initializer::AOSP_MP) initIndexImpl: took 2 ms
05-08 11:58:29.746 20364 20416 I SCS@AiSearch user 0: (Initializer::IMAGES) initIndexImpl: took 0 ms
05-08 11:58:29.747 20364 20416 I SCS@AiSearch user 0: (Initializer::DOCUMENTS) initIndexImpl: took 0 ms
