05-08 11:58:25.699 31202 31202 I VRI[MainActivity]@7e97e4f: stopped(true) old = false
05-08 11:58:25.699 31202 31202 D VRI[MainActivity]@7e97e4f: WindowStopped on com.johnny.neoreader/com.johnny.neoreader.MainActivity set to true
05-08 11:58:25.699 31202 31288 D HWUI    : CacheManager::trimMemory(20)
05-08 11:58:25.700  2904  4048 D CoreBackPreview: Window{a4cafe4 u0 com.johnny.neoreader/com.johnny.neoreader.MainActivity}: Setting back callback OnBackInvokedCallbackInfo{mCallback=android.window.IOnBackInvokedCallback$Stub$Proxy@644aea3, mPriority=-1, mIsAnimationCallback=false, mOverrideBehavior=0}
05-08 11:58:25.702  2904  5066 D ActivityManager: FCA:FCA recordedFileRss = 0, and changeinRss = 113888
05-08 11:58:25.702  2904  5066 D FreecessController: FZ : com.instagram.android(10342) [14719] reason: Bg [cached:O
05-08 11:58:25.702  2904  5066 D FreecessHandler: freeze com.instagram.android(10342) result : 0
05-08 11:58:25.702  2904  5066 I PowerManagerService: [PWL] SetWakeLockEnableDisable uid = 10628 , disable= false
05-08 11:58:25.702  2904  5066 I PowerManagerService: [PWL] can not change uid =  10628
05-08 11:58:25.702  2904  5066 W LocationManagerService: onFreezeStateChanged, uid[10325]=true
05-08 11:58:25.703  2904  5066 I PowerManagerService: [PWL] SetWakeLockEnableDisable uid = 10325 , disable= true
05-08 11:58:25.703  2904  5066 I PowerManagerService: [PWL] can not change uid =  10325
05-08 11:58:25.703  2904  5066 W LocationManagerService: onFreezeStateChanged, uid[10342]=true
05-08 11:58:25.703  2904  5066 I PowerManagerService: [PWL] SetWakeLockEnableDisable uid = 10342 , disable= true
05-08 11:58:25.703  2904  5066 I PowerManagerService: [PWL] can not change uid =  10342
05-08 11:58:25.703  1366  1366 W keymint_tee: [WRN]begin req PARAMS: A32, BM2, PD64, 
05-08 11:58:25.705  1366  1366 D keymint_swd: keymint_swd keymint [WRN] (km_add_tag:528) skip: non repetable tag already exists with different value: 268435458
05-08 11:58:25.705  1366  1366 D keymint_swd: keymint_swd keymint [WRN] (swd_run_cb:263) swd_begin() returns 0
05-08 11:58:25.705  1366  1366 D android.hardware.security.keymint-service: begin: ret 0
05-08 11:58:25.705  1363  8220 I keystore2: system/security/keystore2/src/security_level.rs:466 - In create_operation. Success to create IKeystoreOperation. 10112, None
05-08 11:58:25.706  3847  3847 D DisplayLifecycle: updateDisplay id = 0
05-08 11:58:25.706  3793  5596 I SAMSUNGWALLET: [Hint_ProcessStatusChange] fg Change, pid : 20151 , isNotify : false , isForeground : true , fg list : [31202, 20151]
05-08 11:58:25.706  1366  1366 D keymint_swd: keymint_swd keymint [WRN] (swd_run_cb:263) swd_update() returns 0
05-08 11:58:25.706  1366  1366 D android.hardware.security.keymint-service: update: ret 0
05-08 11:58:25.707  3847  3847 D SystemUIService: SYSUI_RAM_OPTIMIZATION onTrimMemory=20
05-08 11:58:25.707  3847  3847 D CentralSurfaces: SYSUI_RAM_OPTIMIZATION onTrimMemory=20
05-08 11:58:25.707  1366  1366 D keymint_swd: keymint_swd keymint [WRN] (swd_run_cb:263) swd_finish() returns 0
05-08 11:58:25.707  1366  1366 D android.hardware.security.keymint-service: finish: ret 0
05-08 11:58:25.708  3847  4030 D HWUI    : CacheManager::trimMemory(20)
05-08 11:58:25.714  2904  3530 I InputDispatcher: Delivering touch to (20151): action: 0x9, f=0x0, d=0, 'd68202d', t=1 
05-08 11:58:25.715 20151 20151 I VRI[PickActivity]@bf4a15a: updatePointerIcon : PointerIcon{type=NOT_SPECIFIED, hotspotX=0.0, hotspotY=0.0}
05-08 11:58:25.715  2904  7468 W PointerChoreographer: Invalid device id -1. Cannot set pointer icon.
05-08 11:58:25.722 18776 19325 I SamsungAccount: [TPMU]  SIMState     :SIM_STATE_READY
05-08 11:58:25.722 18776 19325 I SamsungAccount: [CountryCodeUtil] isChinaCountryCode : false
05-08 11:58:25.724 18776 19325 I SamsungAccount: [TPMU] getMccFromUsim
05-08 11:58:25.724 18776 19325 I SamsungAccount: [MccManager] saveMccToPreference Start
05-08 11:58:25.740  4327  8170 I HoneySpace.LauncherProvider: call - com.samsung.android.spay, get_rotation_state, null
05-08 11:58:25.741  1776 30937 I QC2CompStore: Setting heap usage to system
05-08 11:58:25.741  4327  8170 I HoneySpace.ExternalMethodItem: updateRefsItemsByEntryPoints. HoneySpaceInfo(name=OneUI, displayId=0)
05-08 11:58:25.742 20213 20213 I om.whatsapp.w4b: Using CollectorTypeCMC GC.
05-08 11:58:25.742  3793  4920 I SAMSUNGWALLET: [Hint_PayHintService] mIsLauncherPortraitOnlyMode: true, mIsUserLock: false
05-08 11:58:25.744 18776 19325 I SamsungAccount: [MccManager] saveMccToPreference, mcc is same with previous mcc
05-08 11:58:25.750  3793  4920 I SAMSUNGWALLET: [Hint_SimpleHintProcessMonitor] isHomePackageRunning topPkgName = com.google.android.documentsui, topClsName = com.android.documentsui.picker.PickActivity, return false , se : false
05-08 11:58:25.752  3793  3793 I SAMSUNGWALLET: [Hint_PayHintService] Hint Status - already invisible, skip hide : [4000000] - Home Package Not Running
05-08 11:58:25.755 31202 31288 D HWUI    : CacheManager::trimMemory(20)
05-08 11:58:25.757  2904  4048 I WindowManager: Relayout Window{a4cafe4 u0 com.johnny.neoreader/com.johnny.neoreader.MainActivity}: viewVisibility=8 req=1080x2340 ty=1 d0
05-08 11:58:25.758  2904  4048 D SurfaceComposerClient: setCornerRadius ## d68202d com.google.android.documentsui/com.android.documentsui.picker.PickActivity#2893 cornerRadius=0.000000
05-08 11:58:25.759  2904  4048 D SurfaceComposerClient: setCornerRadius ## d68202d com.google.android.documentsui/com.android.documentsui.picker.PickActivity#2893 cornerRadius=0.000000
05-08 11:58:25.759  2904  4048 I WindowManager: Relayout hash=a4cafe4, pid=31202, syncId=-1: mAttrs={(0,0)(fillxfill) sim={adjust=pan} layoutInDisplayCutoutMode=always ty=BASE_APPLICATION wanim=0x1030317
05-08 11:58:25.759  2904  4048 I WindowManager:   fl=81810100
05-08 11:58:25.759  2904  4048 I WindowManager:   pfl=100088c0
05-08 11:58:25.759  2904  4048 I WindowManager:   bhv=1
05-08 11:58:25.759  2904  4048 I WindowManager:   fitSides=0
05-08 11:58:25.759  2904  4048 I WindowManager:   frameRateBoostOnTouch=true
05-08 11:58:25.759  2904  4048 I WindowManager:   dvrrWindowFrameRateHint=true naviIconColor=0}
05-08 11:58:25.761 18776 19325 I SamsungAccount: [ChildAccountSupportedListPref] getSupportedList
05-08 11:58:25.761 18776 19325 I SamsungAccount: [ChildAccountSupportedListManager] getSupportedListFromLocal from preference
05-08 11:58:25.762 18776 19325 I SamsungAccount: [TPMU]  SIMState     :SIM_STATE_READY
05-08 11:58:25.762 18776 19325 I SamsungAccount: [CountryCodeUtil] isChinaCountryCode : false
05-08 11:58:25.762 31202 31202 I VRI[MainActivity]@7e97e4f: Relayout returned: old=(0,0,1080,2340) new=(0,0,1080,2340) relayoutAsync=false req=(1080,2340)8 dur=7 res=0x2 s={false 0x0} ch=false seqId=0
05-08 11:58:25.762 18776 19325 I SamsungAccount: [TPMU] getMccFromUsim
05-08 11:58:25.762 18776 19325 I SamsungAccount: [MccManager] saveMccToPreference Start
05-08 11:58:25.762 18776 19325 I SamsungAccount: [MccManager] saveMccToPreference, mcc is same with previous mcc
05-08 11:58:25.763 31202 31202 D VRI[MainActivity]@7e97e4f: Not drawing due to not visible. Reason=!mAppVisible && !mForceDecorViewVisibility
05-08 11:58:25.764 18776 19325 I SamsungAccount: [FamilyGroupUtil] meetKoreaCountryCondition(beforeSignUp=false): false
05-08 11:58:25.764 18776 19325 I SamsungAccount: [ChildAccountSupportedListManager] getSupportedListFromLocal from cache
05-08 11:58:25.764 18776 19325 I SamsungAccount: [TPMU]  SIMState     :SIM_STATE_READY
05-08 11:58:25.764 18776 19325 I SamsungAccount: [CountryCodeUtil] isChinaCountryCode : false
05-08 11:58:25.765 18776 19325 I SamsungAccount: [TPMU] getMccFromUsim
05-08 11:58:25.765 18776 19325 I SamsungAccount: [MccManager] saveMccToPreference Start
05-08 11:58:25.765 18776 19325 I SamsungAccount: [MccManager] saveMccToPreference, mcc is same with previous mcc
05-08 11:58:25.765 18776 19325 I SamsungAccount: [FamilyGroupUtil] meetServerCountryCondition(beforeSignUp=false): true
05-08 11:58:25.765 18776 19325 I SamsungAccount: [TPMU]  SIMState     :SIM_STATE_READY
05-08 11:58:25.765 18776 19325 I SamsungAccount: [CountryCodeUtil] isChinaCountryCode : false
05-08 11:58:25.766 18776 19325 I SamsungAccount: [TPMU] getMccFromUsim
05-08 11:58:25.766 18776 19325 I SamsungAccount: [MccManager] saveMccToPreference Start
05-08 11:58:25.766 18776 19325 I SamsungAccount: [MccManager] saveMccToPreference, mcc is same with previous mcc
05-08 11:58:25.766 18776 19325 I SamsungAccount: [FamilyGroupUtil] meetKoreaOneUiCondition: false
05-08 11:58:25.766 18776 19325 I SamsungAccount: [ChildAccountSupportedListManager] getSupportedListFromLocal from cache
05-08 11:58:25.766 18776 19325 I SamsungAccount: [FamilyGroupUtil] meetServerOneUiCondition: true
05-08 11:58:25.766 18776 19325 I SamsungAccount: [FamilyGroupUtil] isSupportFamilyService: true
05-08 11:58:25.766 18776 19325 I SamsungAccount: [AccountManagerUtil] isSamsungAccountSignedIn : true
05-08 11:58:25.767 18776 19325 I SamsungAccount: [ChildAccount] isChildAccount : false
05-08 11:58:25.767 18776 19325 I SamsungAccount: [AccountManagerProvider] makeResultBundle - resultCode : 0
05-08 11:58:25.767  8792  8792 I HBD     : g [AiWriter] isChildAccount:false
05-08 11:58:25.767 20213 20213 D nativeloader: Load libframework-connectivity-tiramisu-jni.so using APEX ns com_android_tethering for caller /apex/com.android.tethering/javalib/framework-connectivity-t.jar: ok
05-08 11:58:25.769  8792  8792 I HBD     : c needOff = true , isForceOff = false, isNullInputClass : true 
05-08 11:58:25.769  8792  8792 I HBD     : c update cached prediction status : false 
05-08 11:58:25.769  2904  3034 D SGM:FgCheckThread: getForegroundApp(), foregroundPkgName=com.johnny.neoreader
05-08 11:58:25.770  8792  8792 I HBD     : h getDefaultInputRange : UNKNOWN 
05-08 11:58:25.770  8792  8792 I HBD     : a currentState : 0 
05-08 11:58:25.771 20213 20213 D ActivityThread: setConscryptValidator
05-08 11:58:25.771 20213 20213 D ActivityThread: setConscryptValidator - put
05-08 11:58:25.771  2904  4048 E WindowManager: win=Window{a4cafe4 u0 com.johnny.neoreader/com.johnny.neoreader.MainActivity} destroySurfaces: appStopped=true cleanupOnResume=false win.mWindowRemovalAllowed=false win.mRemoveOnExit=false win.mViewVisibility=8 caller=com.android.server.wm.ActivityRecord.destroySurfaces:25 com.android.server.wm.ActivityRecord.activityStopped:192 com.android.server.wm.ActivityClientController.activityStopped:97 android.app.IActivityClientController$Stub.onTransact:740 com.android.server.wm.ActivityClientController.onTransact:1 android.os.Binder.execTransactInternal:1462 android.os.Binder.execTransact:1401 
05-08 11:58:25.771  2904  3689 D BackgroundInstallControlService: Package event received: 0
05-08 11:58:25.772  2904  3034 D SGM:FgCheckThread: pkgName: com.johnny.neoreader is not in foreground
05-08 11:58:25.772  8792  8792 I HBD     : a [UpdatePolicy] [post] a: 0 cl: 65537 kit: [0/0] vt: 0 ir: 1 
05-08 11:58:25.773  2904  3032 D SGM:GameManager: identifyForegroundApp. com.johnny.neoreader, mCurrentUserId: 0, callerUserId: 0
05-08 11:58:25.773  2904  3032 D SGM:SemGameManager: isForegroundGame(), ret=false
05-08 11:58:25.773  2904  3032 D PkgPredictorService-SecIpmManagerServiceImpl: bg information pid:31202 uid:10583 pkgName:com.johnny.neoreader
05-08 11:58:25.773  2904  4048 I ActivityManager: Changes in 99050 15 to 15, 128 to 0
05-08 11:58:25.773  2904  4048 I ActivityManager: Changes in 10583 15 to 15, 128 to 0
05-08 11:58:25.774  3793 31529 I SAMSUNGWALLET: [Hint_ProcessStatusChange] fg Change, pid : 31202 , isNotify : true , isForeground : false , fg list : [20151]
05-08 11:58:25.774  2904  3032 D SGM:GameManager: identifyForegroundApp. com.johnny.neoreader, mCurrentUserId: 0, callerUserId: 0
05-08 11:58:25.774  2904  3032 D SGM:SemGameManager: isForegroundGame(), ret=false
05-08 11:58:25.774  8792  8792 I HBD     : a [NRIC] resetNoResponseState 
05-08 11:58:25.775  8792  8792 I HBD     : c needOff = true , isForceOff = false, isNullInputClass : true 
05-08 11:58:25.775  8792  8792 I HBD     : c update cached prediction status : false 
05-08 11:58:25.775  8792  8792 I HBD     : b [AiWriter] setContact : com.google.android.documentsui
05-08 11:58:25.775 31202 31202 D BBA2    : setIsFg isFg = false; delayValue 3999ms
05-08 11:58:25.776  8792  8792 I HBD     : a [AiWriter] setContact : com.google.android.documentsui
05-08 11:58:25.776  1811  1811 I SurfaceFlinger: [LayerHierarchy{RequestedLayerState{com.johnny.neoreader/com.johnny.neoreader.MainActivity$_31202#2863} no children}] reparent to OffscreenRoot
05-08 11:58:25.776  1811  1811 I SurfaceFlinger: [LayerHierarchy{RequestedLayerState{com.johnny.neoreader/com.johnny.neoreader.MainActivity$_31202#2863} no children}] RelativeParent to null
05-08 11:58:25.777  1811  1811 I SurfaceFlinger: id=2863 Removed com.johnny.neoreader/com.johnny.neoreader.MainActivity$_31202#2863 (192)
05-08 11:58:25.777  4327  8170 I HoneySpace.LauncherProvider: call - com.samsung.android.spay, get_rotation_state, null
05-08 11:58:25.777  4327  8170 I HoneySpace.ExternalMethodItem: updateRefsItemsByEntryPoints. HoneySpaceInfo(name=OneUI, displayId=0)
05-08 11:58:25.777  3793 31529 I SAMSUNGWALLET: [Hint_ProcessStatusChange] fg Change, pid : 31202 , isNotify : false , isForeground : false , fg list : [20151]
05-08 11:58:25.778  3793  4920 I SAMSUNGWALLET: [Hint_PayHintService] mIsLauncherPortraitOnlyMode: true, mIsUserLock: false
05-08 11:58:25.779  6292  6309 V OsAgent : broadcastSystemEvent - 7
05-08 11:58:25.780  3793  4920 I SAMSUNGWALLET: [Hint_SimpleHintProcessMonitor] isHomePackageRunning topPkgName = com.google.android.documentsui, topClsName = com.android.documentsui.picker.PickActivity, return false , se : false
05-08 11:58:25.780  3793  3793 I SAMSUNGWALLET: [Hint_PayHintService] Hint Status - already invisible, skip hide : [4000000] - Home Package Not Running
05-08 11:58:25.783  8792  8792 I HBD     : o0 EBD si S 0 
05-08 11:58:25.783  8792  8792 I HBD     : r updateContactDBLanguage : 65537 
05-08 11:58:25.784  1811  1811 I SurfaceFlinger: destroyed com.johnny.neoreader/com.johnny.neoreader.MainActivity$_31202#2863 form LifecycleManager
05-08 11:58:25.784  1811  1811 I SurfaceFlinger: id=2863 onLayerDestroyed from LayerHierarchyBuilder(RequestedLayerState{com.johnny.neoreader/com.johnny.neoreader.MainActivity$_31202#2863 !handle})
05-08 11:58:25.785  1811  1811 I Layer   : id=2863 Destroyed com.johnny.neoreader/com.johnny.neoreader.MainActivity$_31202#2863
05-08 11:58:25.787  1722  4530 D vendor.qti.bluetooth@1.1-wake_lock: Release wakelock is released 
05-08 11:58:25.788 17841 17864 D BufferPoolAccessor2.0: bufferpool2 0xb400007a71201628 : 66(719420 size) total buffers - 1(731 size) used buffers - 762/1084 (recycle/alloc) - 391/1083 (fetch/transfer)
05-08 11:58:25.788  8792  8792 I HBD     : g isCoverDisplay : false, cached selected json info : SelectedLanguageInfo(languageVersion=4.2, currentLanguageOrder=1, selectedLanguageList=[SelectedLanguage(id=3276809, isUsed=true, engName=Portuguese, inputType=qwerty, activeOptionList=[auto_replace, auto_spacing, prediction], bilingualId=-1), SelectedLanguage(id=65537, isUsed=true, engName=English, inputType=qwerty, activeOptionList=[auto_replace, auto_spacing, writing_assistant, prediction], bilingualId=-1), SelectedLanguage(id=1179649, isUsed=true, engName=Spanish, inputType=spanish_qwerty, activeOptionList=[auto_replace, auto_spacing, prediction], bilingualId=-1)]) 
05-08 11:58:25.788  8792  8792 I HBD     : g updateSelectedLanguageCache is succeeded. English 
05-08 11:58:25.792 20213 20213 D ApplicationLoaders: Returning zygote-cached class loader: /system/framework/org.apache.http.legacy.jar
05-08 11:58:25.792 20213 20213 D ApplicationLoaders: Returning zygote-cached class loader: /system_ext/framework/androidx.window.extensions.jar
05-08 11:58:25.792 20213 20213 D ApplicationLoaders: Returning zygote-cached class loader: /system_ext/framework/androidx.window.sidecar.jar
05-08 11:58:25.804  8792  8792 I HBD     : l writeToFile path : /data/user/0/com.samsung.android.honeyboard/files/selected.json 
05-08 11:58:25.804  8792  8792 I HBD     : l writeToFile json : {"version":"4.2","currentLanguageOrder":1,"selected":[{"activeOptionList":["auto_replace","auto_spacing","prediction"],"bilingualId":-1,"engName":"Portuguese","id":3276809,"inputType":"qwerty","isUsed":true},{"activeOptionList":["auto_replace","auto_spacing","writing_assistant","prediction"],"bilingualId":-1,"engName":"English","id":65537,"inputType":"qwerty","isUsed":true},{"activeOptionList":["auto_replace","auto_spacing","prediction"],"bilingualId":-1,"engName":"Spanish","id":1179649,"inputType":"spanish_qwerty","isUsed":true}]} 
05-08 11:58:25.805  8792  8792 I HBD     : l writeToFile complete 
05-08 11:58:25.806  8792  8792 I HBD     : g isCoverDisplay : false, cached selected json info : SelectedLanguageInfo(languageVersion=4.2, currentLanguageOrder=1, selectedLanguageList=[SelectedLanguage(id=3276809, isUsed=true, engName=Portuguese, inputType=qwerty, activeOptionList=[auto_replace, auto_spacing, prediction], bilingualId=-1), SelectedLanguage(id=65537, isUsed=true, engName=English, inputType=qwerty, activeOptionList=[auto_replace, auto_spacing, writing_assistant, prediction], bilingualId=-1), SelectedLanguage(id=1179649, isUsed=true, engName=Spanish, inputType=spanish_qwerty, activeOptionList=[auto_replace, auto_spacing, prediction], bilingualId=-1)]) 
05-08 11:58:25.806  8792  8792 I HBD     : n updateActionOptionFromPreference isCover = false 
05-08 11:58:25.806  8792  8792 I HBD     : n before lang.activeOptionList =  [auto_replace, auto_spacing, writing_assistant, prediction] 
05-08 11:58:25.806  8792 20228 I HBD     : l Write selected lang for DE  
05-08 11:58:25.806  8792  8792 I HBD     : n after lang.activeOptionList = [auto_replace, auto_spacing, writing_assistant, prediction] 
05-08 11:58:25.807  8792  8792 I HBD     : l writeToFile path : /data/user/0/com.samsung.android.honeyboard/files/selected.json 
05-08 11:58:25.807  8792  8792 I HBD     : l writeToFile json : {"version":"4.2","currentLanguageOrder":1,"selected":[{"activeOptionList":["auto_replace","auto_spacing","prediction"],"bilingualId":-1,"engName":"Portuguese","id":3276809,"inputType":"qwerty","isUsed":true},{"activeOptionList":["auto_replace","auto_spacing","writing_assistant","prediction"],"bilingualId":-1,"engName":"English","id":65537,"inputType":"qwerty","isUsed":true},{"activeOptionList":["auto_replace","auto_spacing","prediction"],"bilingualId":-1,"engName":"Spanish","id":1179649,"inputType":"spanish_qwerty","isUsed":true}]} 
05-08 11:58:25.807  8792 20228 I HBD     : l writeToFile path : /data/user_de/0/com.samsung.android.honeyboard/files/selected.json 
05-08 11:58:25.807  8792  8792 I HBD     : l writeToFile complete 
05-08 11:58:25.808  8792  8792 I HBD     : m normal : updateLanguage : English 
05-08 11:58:25.808  8792 20229 I HBD     : l Write selected lang for DE  
05-08 11:58:25.808  8792  8792 I HBD     : g isCoverDisplay : false, cached selected json info : SelectedLanguageInfo(languageVersion=4.2, currentLanguageOrder=1, selectedLanguageList=[SelectedLanguage(id=3276809, isUsed=true, engName=Portuguese, inputType=qwerty, activeOptionList=[auto_replace, auto_spacing, prediction], bilingualId=-1), SelectedLanguage(id=65537, isUsed=true, engName=English, inputType=qwerty, activeOptionList=[auto_replace, auto_spacing, writing_assistant, prediction], bilingualId=-1), SelectedLanguage(id=1179649, isUsed=true, engName=Spanish, inputType=spanish_qwerty, activeOptionList=[auto_replace, auto_spacing, prediction], bilingualId=-1)]) 
05-08 11:58:25.808  8792 20229 I HBD     : l writeToFile path : /data/user_de/0/com.samsung.android.honeyboard/files/selected.json 
05-08 11:58:25.808  8792  8792 I HBD     : g isCoverDisplay : false, cached selected json info : SelectedLanguageInfo(languageVersion=4.2, currentLanguageOrder=1, selectedLanguageList=[SelectedLanguage(id=3276809, isUsed=true, engName=Portuguese, inputType=qwerty, activeOptionList=[auto_replace, auto_spacing, prediction], bilingualId=-1), SelectedLanguage(id=65537, isUsed=true, engName=English, inputType=qwerty, activeOptionList=[auto_replace, auto_spacing, writing_assistant, prediction], bilingualId=-1), SelectedLanguage(id=1179649, isUsed=true, engName=Spanish, inputType=spanish_qwerty, activeOptionList=[auto_replace, auto_spacing, prediction], bilingualId=-1)]) 
05-08 11:58:25.808  8792  8792 I HBD     : n updateActionOptionFromPreference isCover = false 
05-08 11:58:25.808  8792  8792 I HBD     : n before lang.activeOptionList =  [auto_replace, auto_spacing, writing_assistant, prediction] 
05-08 11:58:25.808  8792 20229 I HBD     : l writeToFile json : {"version":"4.2","currentLanguageOrder":1,"selected":[{"activeOptionList":["auto_replace","auto_spacing","prediction"],"bilingualId":-1,"engName":"Portuguese","id":3276809,"inputType":"qwerty","isUsed":true},{"activeOptionList":["auto_replace","auto_spacing","writing_assistant","prediction"],"bilingualId":-1,"engName":"English","id":65537,"inputType":"qwerty","isUsed":true},{"activeOptionList":["auto_replace","auto_spacing","prediction"],"bilingualId":-1,"engName":"Spanish","id":1179649,"inputType":"spanish_qwerty","isUsed":true}]} 
05-08 11:58:25.808  8792 20228 I HBD     : l writeToFile json : {"version":"4.2","currentLanguageOrder":1,"selected":[{"activeOptionList":["auto_replace","auto_spacing","prediction"],"bilingualId":-1,"engName":"Portuguese","id":3276809,"inputType":"qwerty","isUsed":true},{"activeOptionList":["auto_replace","auto_spacing","writing_assistant","prediction"],"bilingualId":-1,"engName":"English","id":65537,"inputType":"qwerty","isUsed":true},{"activeOptionList":["auto_replace","auto_spacing","prediction"],"bilingualId":-1,"engName":"Spanish","id":1179649,"inputType":"spanish_qwerty","isUsed":true}]} 
05-08 11:58:25.809  8792  8792 I HBD     : n after lang.activeOptionList = [auto_replace, auto_spacing, writing_assistant, prediction] 
05-08 11:58:25.809  8792  8792 I HBD     : l writeToFile path : /data/user/0/com.samsung.android.honeyboard/files/selected.json 
05-08 11:58:25.809  8792  8792 I HBD     : l writeToFile json : {"version":"4.2","currentLanguageOrder":1,"selected":[{"activeOptionList":["auto_replace","auto_spacing","prediction"],"bilingualId":-1,"engName":"Portuguese","id":3276809,"inputType":"qwerty","isUsed":true},{"activeOptionList":["auto_replace","auto_spacing","writing_assistant","prediction"],"bilingualId":-1,"engName":"English","id":65537,"inputType":"qwerty","isUsed":true},{"activeOptionList":["auto_replace","auto_spacing","prediction"],"bilingualId":-1,"engName":"Spanish","id":1179649,"inputType":"spanish_qwerty","isUsed":true}]} 
05-08 11:58:25.810  8792  8792 I HBD     : l writeToFile complete 
05-08 11:58:25.810  8792 20228 I HBD     : l writeToFile complete 
05-08 11:58:25.810  8792  8792 I HBD     : m normal : updateLanguage : English 
05-08 11:58:25.810  8792  8792 I HBD     : g isCoverDisplay : false, cached selected json info : SelectedLanguageInfo(languageVersion=4.2, currentLanguageOrder=1, selectedLanguageList=[SelectedLanguage(id=3276809, isUsed=true, engName=Portuguese, inputType=qwerty, activeOptionList=[auto_replace, auto_spacing, prediction], bilingualId=-1), SelectedLanguage(id=65537, isUsed=true, engName=English, inputType=qwerty, activeOptionList=[auto_replace, auto_spacing, writing_assistant, prediction], bilingualId=-1), SelectedLanguage(id=1179649, isUsed=true, engName=Spanish, inputType=spanish_qwerty, activeOptionList=[auto_replace, auto_spacing, prediction], bilingualId=-1)]) 
05-08 11:58:25.810  8792 20229 E AtomicFile: Failed to rename /data/user_de/0/com.samsung.android.honeyboard/files/selected.json.new to /data/user_de/0/com.samsung.android.honeyboard/files/selected.json
05-08 11:58:25.810  8792 20229 I HBD     : l writeToFile complete 
05-08 11:58:25.810  8792  8792 I HBD     : g isCoverDisplay : false, cached selected json info : SelectedLanguageInfo(languageVersion=4.2, currentLanguageOrder=1, selectedLanguageList=[SelectedLanguage(id=3276809, isUsed=true, engName=Portuguese, inputType=qwerty, activeOptionList=[auto_replace, auto_spacing, prediction], bilingualId=-1), SelectedLanguage(id=65537, isUsed=true, engName=English, inputType=qwerty, activeOptionList=[auto_replace, auto_spacing, writing_assistant, prediction], bilingualId=-1), SelectedLanguage(id=1179649, isUsed=true, engName=Spanish, inputType=spanish_qwerty, activeOptionList=[auto_replace, auto_spacing, prediction], bilingualId=-1)]) 
05-08 11:58:25.810  8792  8792 I HBD     : g updateSelectedLanguageCache is succeeded. English 
05-08 11:58:25.811  8792  8792 I HBD     : l writeToFile path : /data/user/0/com.samsung.android.honeyboard/files/selected.json 
05-08 11:58:25.811  8792 20230 I HBD     : l Write selected lang for DE  
05-08 11:58:25.811  8792  8792 I HBD     : l writeToFile json : {"version":"4.2","currentLanguageOrder":1,"selected":[{"activeOptionList":["auto_replace","auto_spacing","prediction"],"bilingualId":-1,"engName":"Portuguese","id":3276809,"inputType":"qwerty","isUsed":true},{"activeOptionList":["auto_replace","auto_spacing","writing_assistant","prediction"],"bilingualId":-1,"engName":"English","id":65537,"inputType":"qwerty","isUsed":true},{"activeOptionList":["auto_replace","auto_spacing","prediction"],"bilingualId":-1,"engName":"Spanish","id":1179649,"inputType":"spanish_qwerty","isUsed":true}]} 
05-08 11:58:25.811  8792 20230 I HBD     : l writeToFile path : /data/user_de/0/com.samsung.android.honeyboard/files/selected.json 
05-08 11:58:25.811  8792 20230 I HBD     : l writeToFile json : {"version":"4.2","currentLanguageOrder":1,"selected":[{"activeOptionList":["auto_replace","auto_spacing","prediction"],"bilingualId":-1,"engName":"Portuguese","id":3276809,"inputType":"qwerty","isUsed":true},{"activeOptionList":["auto_replace","auto_spacing","writing_assistant","prediction"],"bilingualId":-1,"engName":"English","id":65537,"inputType":"qwerty","isUsed":true},{"activeOptionList":["auto_replace","auto_spacing","prediction"],"bilingualId":-1,"engName":"Spanish","id":1179649,"inputType":"spanish_qwerty","isUsed":true}]} 
05-08 11:58:25.811  8792  8792 I HBD     : l writeToFile complete 
05-08 11:58:25.811  8792 20230 I HBD     : l writeToFile complete 
05-08 11:58:25.811  8792 20231 I HBD     : l Write selected lang for DE  
05-08 11:58:25.811  8792 20231 I HBD     : l writeToFile path : /data/user_de/0/com.samsung.android.honeyboard/files/selected.json 
05-08 11:58:25.811  8792 20231 I HBD     : l writeToFile json : {"version":"4.2","currentLanguageOrder":1,"selected":[{"activeOptionList":["auto_replace","auto_spacing","prediction"],"bilingualId":-1,"engName":"Portuguese","id":3276809,"inputType":"qwerty","isUsed":true},{"activeOptionList":["auto_replace","auto_spacing","writing_assistant","prediction"],"bilingualId":-1,"engName":"English","id":65537,"inputType":"qwerty","isUsed":true},{"activeOptionList":["auto_replace","auto_spacing","prediction"],"bilingualId":-1,"engName":"Spanish","id":1179649,"inputType":"spanish_qwerty","isUsed":true}]} 
05-08 11:58:25.812  8792  8792 I HBD     : g isCoverDisplay : false, cached selected json info : SelectedLanguageInfo(languageVersion=4.2, currentLanguageOrder=1, selectedLanguageList=[SelectedLanguage(id=3276809, isUsed=true, engName=Portuguese, inputType=qwerty, activeOptionList=[auto_replace, auto_spacing, prediction], bilingualId=-1), SelectedLanguage(id=65537, isUsed=true, engName=English, inputType=qwerty, activeOptionList=[auto_replace, auto_spacing, writing_assistant, prediction], bilingualId=-1), SelectedLanguage(id=1179649, isUsed=true, engName=Spanish, inputType=spanish_qwerty, activeOptionList=[auto_replace, auto_spacing, prediction], bilingualId=-1)]) 
05-08 11:58:25.812  8792  8792 I HBD     : g updateSelectedLanguageCache is succeeded. English 
05-08 11:58:25.812  8792  8792 I HBD     : l writeToFile path : /data/user/0/com.samsung.android.honeyboard/files/selected.json 
05-08 11:58:25.812  8792  8792 I HBD     : l writeToFile json : {"version":"4.2","currentLanguageOrder":1,"selected":[{"activeOptionList":["auto_replace","auto_spacing","prediction"],"bilingualId":-1,"engName":"Portuguese","id":3276809,"inputType":"qwerty","isUsed":true},{"activeOptionList":["auto_replace","auto_spacing","writing_assistant","prediction"],"bilingualId":-1,"engName":"English","id":65537,"inputType":"qwerty","isUsed":true},{"activeOptionList":["auto_replace","auto_spacing","prediction"],"bilingualId":-1,"engName":"Spanish","id":1179649,"inputType":"spanish_qwerty","isUsed":true}]} 
05-08 11:58:25.813  8792  8792 I HBD     : l writeToFile complete 
05-08 11:58:25.813  8792 20231 I HBD     : l writeToFile complete 
05-08 11:58:25.815  8792  8792 I HBD     : a [UpdatePolicy] [post] a: 31 cl: 65537 kit: [0/0] vt: 0 ir: 1 
05-08 11:58:25.815  8792 20232 I HBD     : l Write selected lang for DE  
05-08 11:58:25.815  8792 20232 I HBD     : l writeToFile path : /data/user_de/0/com.samsung.android.honeyboard/files/selected.json 
05-08 11:58:25.815  8792 20232 I HBD     : l writeToFile json : {"version":"4.2","currentLanguageOrder":1,"selected":[{"activeOptionList":["auto_replace","auto_spacing","prediction"],"bilingualId":-1,"engName":"Portuguese","id":3276809,"inputType":"qwerty","isUsed":true},{"activeOptionList":["auto_replace","auto_spacing","writing_assistant","prediction"],"bilingualId":-1,"engName":"English","id":65537,"inputType":"qwerty","isUsed":true},{"activeOptionList":["auto_replace","auto_spacing","prediction"],"bilingualId":-1,"engName":"Spanish","id":1179649,"inputType":"spanish_qwerty","isUsed":true}]} 
05-08 11:58:25.816  2904  4048 D KNOX_MDM_SettingsProvider: isChangeAllowed() : name = enabled_input_methods
05-08 11:58:25.816  2904  4048 D KNOX_MDM_SettingsProvider: edmUri: content://com.sec.knox.provider/RestrictionPolicy3
05-08 11:58:25.816  2904  4048 D KNOX_MDM_SettingsProvider: projectionArgs: isSettingsChangesAllowed
05-08 11:58:25.816  2904  4048 D KNOX_MDM_SettingsProvider: selectionArgs: false
05-08 11:58:25.816  2904  4048 D KNOX_MDM_SettingsProvider: selectionArgs: 10182
05-08 11:58:25.816  2904  4048 D SecContentProvider: query(), uri = 17 selection = isSettingsChangesAllowed
05-08 11:58:25.816  2904  4048 D SecContentProvider: called from android.uid.honeyboard:10182
05-08 11:58:25.816  2904  4048 D RestrictionPolicy: isSettingsChangesAllowedAsUser, userId 0 : true
05-08 11:58:25.816  2904  4048 D KNOX_MDM_SettingsProvider: ret = 1
05-08 11:58:25.816  2904  7359 D KNOX_MDM_SettingsProvider: isChangeAllowed() : name = default_input_method
05-08 11:58:25.816  2904  7359 D KNOX_MDM_SettingsProvider: edmUri: content://com.sec.knox.provider/RestrictionPolicy3
05-08 11:58:25.816  2904  7359 D KNOX_MDM_SettingsProvider: projectionArgs: isSettingsChangesAllowed
05-08 11:58:25.816  2904  7359 D KNOX_MDM_SettingsProvider: selectionArgs: false
05-08 11:58:25.816  2904  7359 D KNOX_MDM_SettingsProvider: selectionArgs: 10182
05-08 11:58:25.816  8792  8792 I HBD     : HoneyBoardService [PF_OP][onStartInput]  183 ms 
05-08 11:58:25.816  2904  7359 D SecContentProvider: query(), uri = 17 selection = isSettingsChangesAllowed
05-08 11:58:25.816  2904  7359 D SecContentProvider: called from android.uid.honeyboard:10182
05-08 11:58:25.816  2904  7359 D RestrictionPolicy: isSettingsChangesAllowedAsUser, userId 0 : true
05-08 11:58:25.816  2904  7359 D KNOX_MDM_SettingsProvider: ret = 1
05-08 11:58:25.817  8792 20232 I HBD     : l writeToFile complete 
05-08 11:58:25.817  2904  4379 D KNOX_MDM_SettingsProvider: isChangeAllowed() : name = enabled_input_methods
05-08 11:58:25.817  2904  4379 D KNOX_MDM_SettingsProvider: edmUri: content://com.sec.knox.provider/RestrictionPolicy3
05-08 11:58:25.817  2904  4379 D KNOX_MDM_SettingsProvider: projectionArgs: isSettingsChangesAllowed
05-08 11:58:25.817  2904  4379 D KNOX_MDM_SettingsProvider: selectionArgs: false
05-08 11:58:25.817  2904  4379 D KNOX_MDM_SettingsProvider: selectionArgs: 10182
05-08 11:58:25.817  2904  4379 D SecContentProvider: query(), uri = 17 selection = isSettingsChangesAllowed
05-08 11:58:25.817  2904  4379 D SecContentProvider: called from android.uid.honeyboard:10182
05-08 11:58:25.817  2904  4379 D RestrictionPolicy: isSettingsChangesAllowedAsUser, userId 0 : true
05-08 11:58:25.817  2904  4379 D KNOX_MDM_SettingsProvider: ret = 1
05-08 11:58:25.817  8792  8792 I InputMethodService: scheduleImeSurfaceRemoval: removeImeSurface is posted.
05-08 11:58:25.817  2904  4379 D KNOX_MDM_SettingsProvider: isChangeAllowed() : name = default_input_method
05-08 11:58:25.817  2904  4379 D KNOX_MDM_SettingsProvider: edmUri: content://com.sec.knox.provider/RestrictionPolicy3
05-08 11:58:25.817  2904  4379 D KNOX_MDM_SettingsProvider: projectionArgs: isSettingsChangesAllowed
05-08 11:58:25.817  2904  4379 D KNOX_MDM_SettingsProvider: selectionArgs: false
05-08 11:58:25.817  2904  4379 D KNOX_MDM_SettingsProvider: selectionArgs: 10182
05-08 11:58:25.817  2904  4379 D SecContentProvider: query(), uri = 17 selection = isSettingsChangesAllowed
05-08 11:58:25.817  2904  4379 D SecContentProvider: called from android.uid.honeyboard:10182
05-08 11:58:25.817  2904  4379 D RestrictionPolicy: isSettingsChangesAllowedAsUser, userId 0 : true
05-08 11:58:25.817  2904  4379 D KNOX_MDM_SettingsProvider: ret = 1
05-08 11:58:25.818  8792 19346 I HBD     : u updated Sub Types. English 
05-08 11:58:25.818  8792 14493 I HBD     : u updated Sub Types. English 
05-08 11:58:25.820  8792 20234 I HBD     : b InputMethodSubtype is set as local:en_US 
05-08 11:58:25.820  8792 20235 I HBD     : b InputMethodSubtype is set as local:en_US 
05-08 11:58:25.822  2904  2904 I InputMethodManagerService: subtype state: oldSubtype = android.view.inputmethod.InputMethodSubtype@10001 newSubtype = android.view.inputmethod.InputMethodSubtype@10001 force = false, intent received : false
05-08 11:58:25.822  2904  2904 I InputMethodManagerService: subtype state: oldSubtype = android.view.inputmethod.InputMethodSubtype@10001 newSubtype = android.view.inputmethod.InputMethodSubtype@10001 force = false, intent received : false
05-08 11:58:25.826 20213 20213 W om.whatsapp.w4b: Failed to find entry 'classes.dex': Entry not found
05-08 11:58:25.827 20213 20213 W om.whatsapp.w4b: Failed to find entry 'classes.dex': Entry not found
05-08 11:58:25.828 20213 20213 D nativeloader: Configuring clns-9 for other apk /data/app/~~CJY6faUKIN8mUPh-25UIbQ==/com.whatsapp.w4b-Qb5tqWtJTWG71mcOjUoYRw==/base.apk:/data/app/~~CJY6faUKIN8mUPh-25UIbQ==/com.whatsapp.w4b-Qb5tqWtJTWG71mcOjUoYRw==/split_config.arm64_v8a.apk:/data/app/~~CJY6faUKIN8mUPh-25UIbQ==/com.whatsapp.w4b-Qb5tqWtJTWG71mcOjUoYRw==/split_config.xxhdpi.apk. target_sdk_version=36, uses_libraries=, library_path=/data/app/~~CJY6faUKIN8mUPh-25UIbQ==/com.whatsapp.w4b-Qb5tqWtJTWG71mcOjUoYRw==/lib/arm64:/data/app/~~CJY6faUKIN8mUPh-25UIbQ==/com.whatsapp.w4b-Qb5tqWtJTWG71mcOjUoYRw==/base.apk!/lib/arm64-v8a:/data/app/~~CJY6faUKIN8mUPh-25UIbQ==/com.whatsapp.w4b-Qb5tqWtJTWG71mcOjUoYRw==/split_config.arm64_v8a.apk!/lib/arm64-v8a:/data/app/~~CJY6faUKIN8mUPh-25UIbQ==/com.whatsapp.w4b-Qb5tqWtJTWG71mcOjUoYRw==/split_config.xxhdpi.apk!/lib/arm64-v8a, permitted_path=/data:/mnt/expand:/data/user/0/com.whatsapp.w4b
05-08 11:58:25.857 20151 20151 D DefaultSelectionTracker: Ignoring onDataSetChange. No active selection.
05-08 11:58:25.859 20213 20213 V GraphicsEnvironment: Currently set values for:
05-08 11:58:25.859 20213 20213 V GraphicsEnvironment:   angle_gl_driver_selection_pkgs=[]
05-08 11:58:25.859 20213 20213 V GraphicsEnvironment:   angle_gl_driver_selection_values=[]
05-08 11:58:25.859 20213 20213 V GraphicsEnvironment: com.whatsapp.w4b is not listed in per-application setting
05-08 11:58:25.859 20213 20213 V GraphicsEnvironment: ANGLE allowlist from config: 
05-08 11:58:25.859 20213 20213 V GraphicsEnvironment: com.whatsapp.w4b is not listed in ANGLE allowlist or settings, returning default
05-08 11:58:25.859 20213 20213 V GraphicsEnvironment: App is not on the allowlist for updatable production driver.
05-08 11:58:25.874  1746 20141 I HYPER-HAL: [RequestManager.cpp]releaseLocked(): Released ID : 4270521
05-08 11:58:25.878  1183  1185 D io_stats: !@ cpu boost: status(ON), curr_traffic_level(1), curr_set_freq(2016000), curr_set_lpm(0)
05-08 11:58:25.886 20213 20213 I FirebaseApp: Device unlocked: initializing all Firebase APIs for app [DEFAULT]
05-08 11:58:25.889 20213 20213 I FirebaseInitProvider: FirebaseApp initialization successful
05-08 11:58:25.891 20213 20238 E ashmem  : Pinning is deprecated since Android Q. Please use trim or other methods.
05-08 11:58:25.904  2904  3637 D MdnieScenarioControlService:  packageName : com.google.android.documentsui    className : com.android.documentsui.picker.PickActivity
05-08 11:58:25.904  2904  3637 V MdnieScenarioControlService: setUIMode from UI function(3)
05-08 11:58:25.913  1746 20209 I HYPER-HAL: [RequestManager.cpp]releaseLocked(): Released ID : 4279296
05-08 11:58:25.914 20213 20213 W SoLoader: Initializing SoLoader: 0
05-08 11:58:25.914 20213 20213 I SoLoader: Recording new base apk path: /data/app/~~CJY6faUKIN8mUPh-25UIbQ==/com.whatsapp.w4b-Qb5tqWtJTWG71mcOjUoYRw==/base.apk
05-08 11:58:25.914 20213 20213 I SoLoader: Previously recorded 0 base apk paths.
05-08 11:58:25.914 20213 20213 I SoLoader: Preparing SO source: DirectorySoSource[root = /vendor/lib64 flags = 2]
05-08 11:58:25.914 20213 20213 I SoLoader: Preparing SO source: DirectorySoSource[root = /system_ext/lib64 flags = 2]
05-08 11:58:25.914 20213 20213 I SoLoader: Preparing SO source: DirectorySoSource[root = /system/lib64 flags = 2]
05-08 11:58:25.914 20213 20213 I SoLoader: Preparing SO source: DirectApkSoSource[root = [/data/app/~~CJY6faUKIN8mUPh-25UIbQ==/com.whatsapp.w4b-Qb5tqWtJTWG71mcOjUoYRw==/base.apk!/lib/arm64-v8a, /data/app/~~CJY6faUKIN8mUPh-25UIbQ==/com.whatsapp.w4b-Qb5tqWtJTWG71mcOjUoYRw==/split_config.arm64_v8a.apk!/lib/arm64-v8a, /data/app/~~CJY6faUKIN8mUPh-25UIbQ==/com.whatsapp.w4b-Qb5tqWtJTWG71mcOjUoYRw==/split_config.xxhdpi.apk!/lib/arm64-v8a]]
05-08 11:58:25.921 20213 20213 I SoLoader: Preparing SO source: ApplicationSoSource[DirectorySoSource[root = /data/app/~~CJY6faUKIN8mUPh-25UIbQ==/com.whatsapp.w4b-Qb5tqWtJTWG71mcOjUoYRw==/lib/arm64 flags = 0]]
05-08 11:58:25.922 20213 20213 W SoLoader: SoLoader initialized: 8
05-08 11:58:25.926 20213 20213 D nativeloader: Load /data/app/~~CJY6faUKIN8mUPh-25UIbQ==/com.whatsapp.w4b-Qb5tqWtJTWG71mcOjUoYRw==/split_config.arm64_v8a.apk!/lib/arm64-v8a/libsuperpack.so using class loader ns clns-9 (caller=/data/app/~~CJY6faUKIN8mUPh-25UIbQ==/com.whatsapp.w4b-Qb5tqWtJTWG71mcOjUoYRw==/base.apk): ok
05-08 11:58:25.929 20213 20213 W SoLoader: Loading wa_log on the main thread
05-08 11:58:25.931 20213 20213 D nativeloader: Load /data/data/com.whatsapp.w4b/files/decompressed/libs.spo/libwa_log.so using class loader ns clns-9 (caller=/data/app/~~CJY6faUKIN8mUPh-25UIbQ==/com.whatsapp.w4b-Qb5tqWtJTWG71mcOjUoYRw==/base.apk): ok
05-08 11:58:25.931 20213 20213 W SoLoader: Loading essential on the main thread
05-08 11:58:25.933 20151 20151 I VRI[PickActivity]@bf4a15a: call setFrameRateCategory for touch hint category=high hint, reason=touch, vri=VRI[PickActivity]@bf4a15a
05-08 11:58:25.934 20151 20151 I BLASTBufferQueue_Java: update, w= 1080 h= 2340 mName = VRI[PickActivity]@bf4a15a mNativeObject= 0xb400007b0eabb000 sc.mNativeObject= 0xb400007b0ebd3c40 format= -1 caller= android.view.ViewRootImpl.updateBlastSurfaceIfNeeded:3574 android.view.ViewRootImpl.relayoutWindow:11685 android.view.ViewRootImpl.performTraversals:4804 android.view.ViewRootImpl.doTraversal:3924 android.view.ViewRootImpl$TraversalRunnable.run:12903 android.view.Choreographer$CallbackRecord.run:1901 
05-08 11:58:25.934  2904  7468 I WindowManager: Relayout Window{d68202d u0 com.google.android.documentsui/com.android.documentsui.picker.PickActivity}: viewVisibility=0 req=1080x2340 ty=1 d0
05-08 11:58:25.934 20151 20151 I VRI[PickActivity]@bf4a15a: Relayout returned: old=(0,0,1080,2340) new=(0,0,1080,2340) relayoutAsync=true req=(1080,2340)0 dur=0 res=0x0 s={true 0xb400007b0ebd5400} ch=false seqId=0
05-08 11:58:25.934  2904  7468 D SurfaceComposerClient: setCornerRadius ## d68202d com.google.android.documentsui/com.android.documentsui.picker.PickActivity#2893 cornerRadius=0.000000
05-08 11:58:25.934 20151 20151 I VRI[PickActivity]@bf4a15a: registerCallbackForPendingTransactions
05-08 11:58:25.934  2904  7468 D SurfaceComposerClient: setCornerRadius ## d68202d com.google.android.documentsui/com.android.documentsui.picker.PickActivity#2893 cornerRadius=0.000000
05-08 11:58:25.935  1811  1811 I SurfaceFlinger: [com.google.android.documentsui/com.android.documentsui.picker.PickActivity$_20151#2894] setFrameRateCategory: HighHint
05-08 11:58:25.935  2904  7468 I WindowManager: Relayout hash=d68202d, pid=0, syncId=-1: mAttrs={(0,0)(fillxfill) sim={adjust=resize} layoutInDisplayCutoutMode=always ty=BASE_APPLICATION wanim=0x1030306
05-08 11:58:25.935  2904  7468 I WindowManager:   fl=81810100
05-08 11:58:25.935  2904  7468 I WindowManager:   pfl=10088840
05-08 11:58:25.935  2904  7468 I WindowManager:   vsysui=300
05-08 11:58:25.935  2904  7468 I WindowManager:   bhv=1
05-08 11:58:25.935  2904  7468 I WindowManager:   fitSides=0
05-08 11:58:25.935  2904  7468 I WindowManager:   frameRateBoostOnTouch=true
05-08 11:58:25.935  2904  7468 I WindowManager:   dvrrWindowFrameRateHint=true naviIconColor=0}
05-08 11:58:25.936 20213 20213 D nativeloader: Load /data/data/com.whatsapp.w4b/files/decompressed/libs.spo/libc++_shared.so using class loader ns clns-9 (caller=/data/app/~~CJY6faUKIN8mUPh-25UIbQ==/com.whatsapp.w4b-Qb5tqWtJTWG71mcOjUoYRw==/base.apk): ok
05-08 11:58:25.937 20213 20213 D nativeloader: Load /data/data/com.whatsapp.w4b/files/decompressed/libs.spo/libfbjni.so using class loader ns clns-9 (caller=/data/app/~~CJY6faUKIN8mUPh-25UIbQ==/com.whatsapp.w4b-Qb5tqWtJTWG71mcOjUoYRw==/base.apk): ok
05-08 11:58:25.937 20213 20213 D nativeloader: Load /data/data/com.whatsapp.w4b/files/decompressed/libs.spo/libfbsofterror.so using class loader ns clns-9 (caller=/data/app/~~CJY6faUKIN8mUPh-25UIbQ==/com.whatsapp.w4b-Qb5tqWtJTWG71mcOjUoYRw==/base.apk): ok
05-08 11:58:25.938 20213 20213 D nativeloader: Load /data/data/com.whatsapp.w4b/files/decompressed/libs.spo/libglog.so using class loader ns clns-9 (caller=/data/app/~~CJY6faUKIN8mUPh-25UIbQ==/com.whatsapp.w4b-Qb5tqWtJTWG71mcOjUoYRw==/base.apk): ok
05-08 11:58:25.939 20213 20213 D nativeloader: Load /data/data/com.whatsapp.w4b/files/decompressed/libs.spo/libfb.so using class loader ns clns-9 (caller=/data/app/~~CJY6faUKIN8mUPh-25UIbQ==/com.whatsapp.w4b-Qb5tqWtJTWG71mcOjUoYRw==/base.apk): ok
05-08 11:58:25.939 20213 20213 W SoLoader: Loading fb on the main thread
05-08 11:58:25.940 20213 20213 I om.whatsapp.w4b: Thread[1,tid=20213,Native,Thread*=0xb400007bc2d91000,peer=0x72648e40,"main"] recursive attempt to load library "/data/data/com.whatsapp.w4b/files/decompressed/libs.spo/libfb.so"
05-08 11:58:25.945 20151 20201 I VRI[PickActivity]@bf4a15a: mWNT: t=0xb400007b03a48080 mBlastBufferQueue=0xb400007b0eabb000 fn= 22 HdrRenderState mRenderHdrSdrRatio=1.0 caller= android.view.ViewRootImpl$10.onFrameDraw:6536 android.view.ViewRootImpl$4.onFrameDraw:2489 android.view.ThreadedRenderer$1.onFrameDraw:718 
05-08 11:58:25.945 20213 20213 D nativeloader: Load /data/data/com.whatsapp.w4b/files/decompressed/libs.spo/libar-bundle3.so using class loader ns clns-9 (caller=/data/app/~~CJY6faUKIN8mUPh-25UIbQ==/com.whatsapp.w4b-Qb5tqWtJTWG71mcOjUoYRw==/base.apk): ok
05-08 11:58:25.958 20213 20213 D nativeloader: Load /data/data/com.whatsapp.w4b/files/decompressed/libs.spo/libar-bundle2.so using class loader ns clns-9 (caller=/data/app/~~CJY6faUKIN8mUPh-25UIbQ==/com.whatsapp.w4b-Qb5tqWtJTWG71mcOjUoYRw==/base.apk): ok
05-08 11:58:25.963 20213 20213 D nativeloader: Load /data/data/com.whatsapp.w4b/files/decompressed/libs.spo/libsmartglasses-bundle.so using class loader ns clns-9 (caller=/data/app/~~CJY6faUKIN8mUPh-25UIbQ==/com.whatsapp.w4b-Qb5tqWtJTWG71mcOjUoYRw==/base.apk): ok
05-08 11:58:25.965 20213 20213 D nativeloader: Load /data/data/com.whatsapp.w4b/files/decompressed/libs.spo/libnativeutil-jni.so using class loader ns clns-9 (caller=/data/app/~~CJY6faUKIN8mUPh-25UIbQ==/com.whatsapp.w4b-Qb5tqWtJTWG71mcOjUoYRw==/base.apk): ok
05-08 11:58:25.965 20213 20213 W SoLoader: Loading fb on the main thread
05-08 11:58:25.967 20213 20213 D nativeloader: Load /data/data/com.whatsapp.w4b/files/decompressed/libs.spo/libsimplejni.so using class loader ns clns-9 (caller=/data/app/~~CJY6faUKIN8mUPh-25UIbQ==/com.whatsapp.w4b-Qb5tqWtJTWG71mcOjUoYRw==/base.apk): ok
05-08 11:58:25.968 20213 20213 D nativeloader: Load /data/data/com.whatsapp.w4b/files/decompressed/libs.spo/libgraphutil.so using class loader ns clns-9 (caller=/data/app/~~CJY6faUKIN8mUPh-25UIbQ==/com.whatsapp.w4b-Qb5tqWtJTWG71mcOjUoYRw==/base.apk): ok
05-08 11:58:25.971 20213 20213 D nativeloader: Load /data/data/com.whatsapp.w4b/files/decompressed/libs.spo/libgraphstorecerealutil.so using class loader ns clns-9 (caller=/data/app/~~CJY6faUKIN8mUPh-25UIbQ==/com.whatsapp.w4b-Qb5tqWtJTWG71mcOjUoYRw==/base.apk): ok
05-08 11:58:25.979 20213 20213 D nativeloader: Load /data/data/com.whatsapp.w4b/files/decompressed/libs.spo/libwhatsappmerged.so using class loader ns clns-9 (caller=/data/app/~~CJY6faUKIN8mUPh-25UIbQ==/com.whatsapp.w4b-Qb5tqWtJTWG71mcOjUoYRw==/base.apk): ok
05-08 11:58:25.981 20213 20213 D nativeloader: Load /data/data/com.whatsapp.w4b/files/decompressed/libs.spo/libessential.so using class loader ns clns-9 (caller=/data/app/~~CJY6faUKIN8mUPh-25UIbQ==/com.whatsapp.w4b-Qb5tqWtJTWG71mcOjUoYRw==/base.apk): ok
05-08 11:58:25.981 20213 20213 I essential-jni: JNI_OnLoad start
05-08 11:58:25.981 20213 20213 I essential-jni: fbjni lambda running
05-08 11:58:25.982 20213 20213 D SigquitBasedANRDetector: Registered
05-08 11:58:25.982  8792 23964 I HBD     : a [SKE_SPECIFIC] specific model[com.google.android.documentsui] loaded, 162227343 ns
05-08 11:58:25.989 20213 20213 I essential-jni: JNI_OnLoad lambda complete
05-08 11:58:26.000 20213 20213 D SigquitBasedANRDetector: Initialized
05-08 11:58:26.002 20213 20213 I SigquitBasedANRDetector: Function PaletteWriteCrashThreadStacks hooked with result=0
05-08 11:58:26.002 20213 20213 D SigquitBasedANRDetector: Detector started
05-08 11:58:26.003 20213 20213 W SoLoader: Loading rtvip on the main thread
05-08 11:58:26.005 20213 20213 D nativeloader: Load /data/data/com.whatsapp.w4b/files/decompressed/libs.spo/librtvip.so using class loader ns clns-9 (caller=/data/app/~~CJY6faUKIN8mUPh-25UIbQ==/com.whatsapp.w4b-Qb5tqWtJTWG71mcOjUoYRw==/base.apk): ok
05-08 11:58:26.005 20213 20213 W SoLoader: Loading rtvip on the main thread
05-08 11:58:26.005 20213 20213 I rtvip   : done
05-08 11:58:26.005 20213 20213 W SoLoader: Loading vlc on the main thread
05-08 11:58:26.006  2904  3637 V MdnieScenarioControlService: mAclOffEnabled : false
05-08 11:58:26.006 20213 20213 D nativeloader: Load /data/data/com.whatsapp.w4b/files/decompressed/libs.spo/libvlc.so using class loader ns clns-9 (caller=/data/app/~~CJY6faUKIN8mUPh-25UIbQ==/com.whatsapp.w4b-Qb5tqWtJTWG71mcOjUoYRw==/base.apk): ok
05-08 11:58:26.006 20213 20213 W SoLoader: Loading native_utils on the main thread
05-08 11:58:26.007 20213 20213 D nativeloader: Load /data/data/com.whatsapp.w4b/files/decompressed/libs.spo/libnative_utils.so using class loader ns clns-9 (caller=/data/app/~~CJY6faUKIN8mUPh-25UIbQ==/com.whatsapp.w4b-Qb5tqWtJTWG71mcOjUoYRw==/base.apk): ok
05-08 11:58:26.008 20213 20213 W SoLoader: Loading curve25519 on the main thread
05-08 11:58:26.009 20213 20213 D nativeloader: Load /data/data/com.whatsapp.w4b/files/decompressed/libs.spo/libcurve25519.so using class loader ns clns-9 (caller=/data/app/~~CJY6faUKIN8mUPh-25UIbQ==/com.whatsapp.w4b-Qb5tqWtJTWG71mcOjUoYRw==/base.apk): ok
05-08 11:58:26.017  2904  7359 I ActivityManager: Changes in 10326 19 to 8, 0 to 128
05-08 11:58:26.019  6941 19164 I ejla    : (REDACTED) HDM. appOpsListener %s %s
05-08 11:58:26.019  6941 19164 I ejla    : (REDACTED) HDM. Ignoring irrelevant audio permission changes for package %s
05-08 11:58:26.020  2904  3491 W JobServiceContext: Sending onNetworkChanged for a job that isn't started. JobStatus{f37a892 androidx.work.systemjobscheduler:u0a326/229757 @androidx.work.systemjobscheduler@com.whatsapp.w4b/androidx.work.impl.background.systemjob.SystemJobService u=0 s=10326 TIME=-5s303ms:none NET READY}
05-08 11:58:26.020  5047  5154 I RequestManager_FLP: onOpChanged, op=0 / packageName=com.whatsapp.w4b
05-08 11:58:26.044 20213 20213 D WM-PackageManagerHelper: Skipping component enablement for androidx.work.impl.background.systemjob.SystemJobService
05-08 11:58:26.044 20213 20213 D WM-Schedulers: Created SystemJobScheduler and enabled SystemJobService
05-08 11:58:26.050 20213 20251 D WM-ForceStopRunnable: Is default app process = true
05-08 11:58:26.050 20213 20251 D WM-ForceStopRunnable: Performing cleanup operations.
05-08 11:58:26.053 17841 17864 D BufferPoolAccessor2.0: bufferpool2 0xb400007a71201628 : 66(354782 size) total buffers - 1(2327 size) used buffers - 762/1101 (recycle/alloc) - 408/1100 (fetch/transfer)
05-08 11:58:26.056 20213 20213 D WM-SystemJobService: onStartJob for WorkGenerationalId(workSpecId=669dd637-270e-48fb-a9a1-ffa0904c00c0, generation=0)
05-08 11:58:26.063 20213 20244 D nativeloader: Load /data/data/com.whatsapp.w4b/files/decompressed/libs.spo/libfortify.so using class loader ns clns-9 (caller=/data/app/~~CJY6faUKIN8mUPh-25UIbQ==/com.whatsapp.w4b-Qb5tqWtJTWG71mcOjUoYRw==/base.apk): ok
05-08 11:58:26.079  1746 20148 I HYPER-HAL: [RequestManager.cpp]releaseLocked(): Released ID : 4276370
