05-08 11:58:26.084 20213 20244 D nativeloader: Load /data/data/com.whatsapp.w4b/files/decompressed/libs.spo/libpytorch.so using class loader ns clns-9 (caller=/data/app/~~CJY6faUKIN8mUPh-25UIbQ==/com.whatsapp.w4b-Qb5tqWtJTWG71mcOjUoYRw==/base.apk): ok
05-08 11:58:26.089 20213 20244 W libc    : Access denied finding property "ro.mediatek.platform"
05-08 11:58:26.093 20213 20244 D nativeloader: Load /data/data/com.whatsapp.w4b/files/decompressed/libs.spo/libexecutorch.so using class loader ns clns-9 (caller=/data/app/~~CJY6faUKIN8mUPh-25UIbQ==/com.whatsapp.w4b-Qb5tqWtJTWG71mcOjUoYRw==/base.apk): ok
05-08 11:58:26.099 20213 20244 D nativeloader: Load /data/data/com.whatsapp.w4b/files/decompressed/libs.spo/libpyspeech.so using class loader ns clns-9 (caller=/data/app/~~CJY6faUKIN8mUPh-25UIbQ==/com.whatsapp.w4b-Qb5tqWtJTWG71mcOjUoYRw==/base.apk): ok
05-08 11:58:26.113 20213 20256 D WM-Processor: NFm: processing WorkGenerationalId(workSpecId=669dd637-270e-48fb-a9a1-ffa0904c00c0, generation=0)
05-08 11:58:26.117 20213 20244 D nativeloader: Load /data/data/com.whatsapp.w4b/files/decompressed/libs.spo/libwhatsapp.so using class loader ns clns-9 (caller=/data/app/~~CJY6faUKIN8mUPh-25UIbQ==/com.whatsapp.w4b-Qb5tqWtJTWG71mcOjUoYRw==/base.apk): ok
05-08 11:58:26.121  2904  3034 D SGM:GameManager: identifyForegroundApp. com.johnny.neoreader, mCurrentUserId: 0, callerUserId: 0
05-08 11:58:26.121  2904  3034 D SGM:SemGameManager: isForegroundGame(), ret=false
05-08 11:58:26.136 20213 20259 I WhatsAppJni: EnsureThreadAttached: attached current thread to JVM
05-08 11:58:26.140 20213 20213 D WM-WorkerWrapper: Starting work for com.whatsapp.stickers.stickerpack.FetchDiscoveryPackWorker
05-08 11:58:26.147 20213 20255 D WM-PackageManagerHelper: Skipping component enablement for androidx.work.impl.background.systemalarm.RescheduleReceiver
05-08 11:58:26.155 20213 20264 I WhatsAppJni: EnsureThreadAttached: attached current thread to JVM
05-08 11:58:26.162  2904  7359 D ConnectivityService: Returning UNBLOCKED NetworkInfo to uid=10326
05-08 11:58:26.162 20213 20271 I WhatsAppJni: EnsureThreadAttached: attached current thread to JVM
05-08 11:58:26.202  1811  1811 D SurfaceFlinger: GPIS:: requestGPISForClientComposition
05-08 11:58:26.226 20213 20277 E msys    : E[N WCIHTTPImplNetworkSession]WCIHTTPTaskImplCreateRegular(556)=>[I] http/task/regular/create/start
05-08 11:58:26.226 20213 20277 E msys    : E[N WCIHTTPImplNetworkSession]WCIHTTPTaskImplCreateRegular(591)=>[I] http/task/regular/create/execute
05-08 11:58:26.228 20213 20277 E msys    : E[N WCIHTTPImplNetworkSession]WCIHTTPTaskImplCreateRegular(614)=>[I] http/task/regular/create/success
05-08 11:58:26.253 20213 20253 E om.whatsapp.w4b: hiddenapi: Accessing hidden method Lcom/android/org/conscrypt/OpenSSLSocketImpl;->setUseSessionTickets(Z)V (runtime_flags=CorePlatformApi, domain=core-platform, api=max-target-q,core-platform-api) from LX/D7G; (domain=app, TargetSdkVersion=36) using reflection: denied
05-08 11:58:26.253 20213 20253 E om.whatsapp.w4b: hiddenapi: Accessing hidden method Lcom/android/org/conscrypt/AbstractConscryptSocket;->setUseSessionTickets(Z)V (runtime_flags=0, domain=core-platform, api=max-target-q) from LX/D7G; (domain=app, TargetSdkVersion=36) using reflection: denied
05-08 11:58:26.259  2904  3764 D NetdEventListenerService: DNS Requested by 163, 10326(com.whatsapp.w4b), SUCCESS, 1ms
05-08 11:58:26.314  1183  1183 D io_stats: !@   8,0 r 16919717 247521265 w 1759971 16217496 d 271619 10635944 f 33869 125397 iot 3407576 0 th 0 0 0 pt 0 inp 0 0 13982.647
05-08 11:58:26.314  1183  1183 D io_stats: !@ Read_top(KB): ch_zygote(20213) 83408 ocessService0:0(31355) 37116 ohnny.neoreader(31202) 17948
05-08 11:58:26.314  1183  1183 D io_stats: !@ Write_top(KB): kworker/u16:2(8080) 312 f2fs_ckpt-254:6(1409) 264 roid.honeyboard(8792) 80
05-08 11:58:26.317  8792  8792 I InputMethodService: removeImeSurface
05-08 11:58:26.317  8792  8792 I InputMethodService: cancelImeSurfaceRemoval: removeCallbacks
05-08 11:58:26.331  1804  1820 E HeatmapThread: ECT Thread time in milliseconds: 1778252306
05-08 11:58:26.333  1804  1820 D HeatmapThread: !@ batteryplugType : 2
05-08 11:58:26.333  1804  1820 D HeatmapThread: !@ batteryLevel : 80  batteryTemperature : 380 
05-08 11:58:26.334  1804  1820 D HeatmapThread: !@ Heatmap currtime: 29637538
05-08 11:58:26.334  1804  1820 D HeatmapThread: !@ Heatmap prevtime: 29637533
05-08 11:58:26.334  1804  1820 D HeatmapThread: !@ Heatmap plugstarttime: 29637392
05-08 11:58:26.334  1804  1820 D HeatmapThread: !@ Heatmap prevv_dsoh_update_time: 29637512
05-08 11:58:26.334  1804  1820 E HeatmapThread: !@ CAM New BSOH: 99
05-08 11:58:26.334  1804  1820 E HeatmapThread: !@ CAM is Working
05-08 11:58:26.346 17841 17864 D BufferPoolAccessor2.0: bufferpool2 0xb400007a71201628 : 66(234545 size) total buffers - 1(2950 size) used buffers - 762/1118 (recycle/alloc) - 425/1117 (fetch/transfer)
05-08 11:58:26.380  1746 20142 I HYPER-HAL: [RequestManager.cpp]releaseLocked(): Released ID : 26038965
05-08 11:58:26.380  1746 20143 I HYPER-HAL: [RequestManager.cpp]releaseLocked(): Released ID : 26046183
05-08 11:58:26.406  3813  4178 D SatelliteController: isInCarrierRoamingNbIotNtn: satellite is disabled
05-08 11:58:26.407  2904  3697 D SemCellularStateManager: onSignalStrengthsChanged: mCellularSignalLevel=2
05-08 11:58:26.409  3847  4009 D MobileSignalTransitionManager: updateSignalTransition
05-08 11:58:26.410  4327  4542 I HoneySpace.StatusIconTracker: invokeEvent() called with: event = Mobile(bundle=Bundle[mParcelledData.dataSize=256])
05-08 11:58:26.409  4054  4054 I EPDG -- SIM0 [SMARTCELLULAR]: onSignalStrengthsChanged: SignalStrength:{mCdma=Invalid,mGsm=Invalid,mWcdma=CellSignalStrengthWcdma: ss=-91 ber=2147483647 rscp=-91 ecno=-8 level=2,mTdscdma=Invalid,mLte=Invalid,mNr=Invalid,SignalBarInfo{ wcdmaLevel=3 },rat=3,primary=CellSignalStrengthWcdma}
05-08 11:58:26.411  4054  5810 I EPDG -- SIM0 [SMARTCELLULAR]: lastWcdmaRssi: -87 currentWcdmaRssi: -91
05-08 11:58:26.416 20213 20258 I WM-WorkerWrapper: Worker result SUCCESS for Work [ id=669dd637-270e-48fb-a9a1-ffa0904c00c0, tags={ com.whatsapp.stickers.stickerpack.FetchDiscoveryPackWorker } ]
05-08 11:58:26.423 20213 20213 D WM-Processor: NFm 669dd637-270e-48fb-a9a1-ffa0904c00c0 executed; reschedule = false
05-08 11:58:26.423 20213 20213 D WM-SystemJobService: 669dd637-270e-48fb-a9a1-ffa0904c00c0 executed on JobScheduler
05-08 11:58:26.425  2904  7359 I ActivityManager: Changes in 10326 8 to 10, 128 to 0
05-08 11:58:26.427 20213 20251 D WM-GreedyScheduler: Cancelling work ID 669dd637-270e-48fb-a9a1-ffa0904c00c0
05-08 11:58:26.504  1778  1893 E BatteryDump: !@new_battery_dump : 4099,-446,1000,2000,80,380,370,415,380,0,372,410,0,Charging,NO_CHARGING,Normal,Good,PDIC,0,Normal,0,0,9300,0x8000,0x30000,0x0,0,0,0000,0000,00000000,0,0,0,0,1288,4108,7989,990,0,
05-08 11:58:26.504  1778  1778 I sehhealth-service: updateLrpSysfs: write: 372
05-08 11:58:26.577  1746 20147 I HYPER-HAL: [RequestManager.cpp]releaseLocked(): Released ID : 25988467
05-08 11:58:26.630  4145  4523 I bluetooth: system/gd/hci/le_advertising_manager.cc:903 set_advertising_set_random_address_on_timer: Scheduling address rotation for advertiser_id=1
05-08 11:58:26.630  4145  4523 I bluetooth: system/gd/hci/le_address_manager.cc:581 GetNextPrivateAddressIntervalRange: client=advertising_set_1, nonwake=7m38s, wake=13m6s
05-08 11:58:26.631  1722  1722 D vendor.qti.bluetooth@1.1-ibs_handler: SerialClockVote: vote for UART CLK ON
05-08 11:58:26.632  1722  1722 D vendor.qti.bluetooth@1.1-wake_lock: Acquire wakelock is acquired 
05-08 11:58:26.633  1722  1722 I vendor.qti.bluetooth@1.1-ibs_handler: DeviceWakeUp: Writing IBS_WAKE_IND
05-08 11:58:26.638  1722  4813 I vendor.qti.bluetooth@1.1-ibs_handler: ProcessIbsCmd: Received IBS_WAKE_ACK: 0xFC
05-08 11:58:26.638  1722  4813 I vendor.qti.bluetooth@1.1-ibs_handler: ProcessIbsCmd: Signal wack_cond_
05-08 11:58:26.638  1722  1722 D vendor.qti.bluetooth@1.1-ibs_handler: DeviceWakeUp: Unblocked from waiting for FC, pthread_cond_timedwait ret = 0
05-08 11:58:26.639  1722  4813 I vendor.qti.bluetooth@1.1-ibs_handler: ProcessIbsCmd: Received IBS_WAKE_IND: 0xFD
05-08 11:58:26.639  1722  4813 I vendor.qti.bluetooth@1.1-ibs_handler: ProcessIbsCmd: Writing IBS_WAKE_ACK
05-08 11:58:26.648  4145  4523 I bluetooth: system/gd/hci/le_advertising_manager.cc:1868 on_set_advertising_set_random_address_complete: update random address for advertising set 1 : xx:xx:xx:xx:03:db
05-08 11:58:26.674  2904  3530 D PowerManagerService: [api] userActivityFromNative : other, HOVER displayId=0 eventTime=13983007
05-08 11:58:26.689  1722  4813 I vendor.qti.bluetooth@1.1-ibs_handler: ProcessIbsCmd: Received IBS_SLEEP_IND: 0xFE
05-08 11:58:26.823 20213 20244 I PlayCore: UID: [10326]  PID: [20213] SplitInstallListenerRegistry : registerListener
05-08 11:58:26.829 20213 20290 D ConnectivityManager: StackLog: [android.net.ConnectivityManager.sendRequestForNetwork(ConnectivityManager.java:4740)] [android.net.ConnectivityManager.registerDefaultNetworkCallbackForUid(ConnectivityManager.java:5465)] [android.net.ConnectivityManager.registerDefaultNetworkCallback(ConnectivityManager.java:5432)] [X.0Zv.CUz(:30)] [X.0Zr.handleMessage(:86)]
05-08 11:58:26.831  2904  7468 D ConnectivityService: requestNetwork for uid/pid:10326/20213 activeRequest: null callbackRequest: 5914 [NetworkRequest [ REQUEST id=5915, [ Capabilities: INTERNET&NOT_RESTRICTED&TRUSTED&NOT_VCN_MANAGED&NOT_BANDWIDTH_CONSTRAINED Uid: 10326 RequestorUid: 10326 RequestorPkg: com.whatsapp.w4b UnderlyingNetworks: Null] ]] callback flags: 0 order: 2147483647 isUidTracked: false declaredMethods: AVAIL|LOST|UNAVAIL|BLK
05-08 11:58:26.831  2904  3622 D ConnectivityService:    accepting network in place of null for NetworkRequest [ REQUEST id=5915, [ Capabilities: INTERNET&NOT_RESTRICTED&TRUSTED&NOT_VCN_MANAGED&NOT_BANDWIDTH_CONSTRAINED Uid: 10326 RequestorUid: 10326 RequestorPkg: com.whatsapp.w4b UnderlyingNetworks: Null] ]
05-08 11:58:26.833  2904  3603 D WifiNetworkFactory: got request NetworkRequest [ REQUEST id=5915, [ Capabilities: INTERNET&NOT_RESTRICTED&TRUSTED&NOT_VCN_MANAGED&NOT_BANDWIDTH_CONSTRAINED Uid: 10326 RequestorUid: 10326 RequestorPkg: com.whatsapp.w4b UnderlyingNetworks: Null] ]
05-08 11:58:26.833  2904  3603 D UntrustedWifiNetworkFactory: got request NetworkRequest [ REQUEST id=5915, [ Capabilities: INTERNET&NOT_RESTRICTED&TRUSTED&NOT_VCN_MANAGED&NOT_BANDWIDTH_CONSTRAINED Uid: 10326 RequestorUid: 10326 RequestorPkg: com.whatsapp.w4b UnderlyingNetworks: Null] ]
05-08 11:58:26.833  2904  3603 D OemPaidWifiNetworkFactory: got request NetworkRequest [ REQUEST id=5915, [ Capabilities: INTERNET&NOT_RESTRICTED&TRUSTED&NOT_VCN_MANAGED&NOT_BANDWIDTH_CONSTRAINED Uid: 10326 RequestorUid: 10326 RequestorPkg: com.whatsapp.w4b UnderlyingNetworks: Null] ]
05-08 11:58:26.833  2904  3603 D MultiInternetWifiNetworkFactory: got request NetworkRequest [ REQUEST id=5915, [ Capabilities: INTERNET&NOT_RESTRICTED&TRUSTED&NOT_VCN_MANAGED&NOT_BANDWIDTH_CONSTRAINED Uid: 10326 RequestorUid: 10326 RequestorPkg: com.whatsapp.w4b UnderlyingNetworks: Null] ]
05-08 11:58:26.833  2904  3622 D ConnectivityService: Rematched networks [computed 1ms] [applied 0ms] [issued 1]
05-08 11:58:26.833  2904  3622 D ConnectivityService: NetworkReassignment :
05-08 11:58:26.833  2904  3622 D ConnectivityService:   5915 : null → 163
05-08 11:58:26.852 20213 20291 E msys    : E[ADNSUCTIMH WAJMNSRuntime]WAJContextInitMNSRuntime(446)=>[LogLevel:I] Secondary DNS resolver enabled
05-08 11:58:26.854 20213 20291 E msys    : E[N WA]_WAJMNSStreamImplMNSTCPStreamCreate(352)=>[LogLevel:I] WAJMNSStream/impl/tcpStreamCreate/MNSStreamRaw/p=0xb400007a7cb94400
05-08 11:58:26.854 20213 20291 E msys    : E[N WA]WAJMNSStreamImplCreate(412)=>[LogLevel:I] WAJMNSStream/impl/create/p=0xb400007a7cb94400 (mnsConn=0xb400007a5ded2f40)
05-08 11:58:26.854 20213 20291 E msys    : E[N WA]_WAJMNSStreamCreateMnsIpsFromIpAddressStrings(87)=>[LogLevel:I] no ip addresses provided, using DNS resolution
05-08 11:58:26.855 20213 20291 E msys    : E[N WA]WAJMNSStreamImplConnect(441)=>[LogLevel:I] WAJMNSStream/impl/connect/p=0xb400007a7cb94400 (endpoint=g.whatsapp.net:5222)(ipAddressCount=0)
05-08 11:58:26.855 20213 20291 E msys    : E[N WA]_WAJMNSStreamImplUpdateStreamState(230)=>[LogLevel:I] WAJMNSStream/impl/state-changed/p=0xb400007a7cb94400 (initial=>connecting)
05-08 11:58:26.883 20213 20302 E msys    : E[N WA]_WAJMNSStreamImplOnMNSReady(259)=>[LogLevel:I] WAJMNSStream/impl/callback/onMNSReady/p=0xb400007a7cb94400
05-08 11:58:26.883 20213 20302 E msys    : E[N WA]_WAJMNSStreamImplCreateConnectionReport(194)=>[LogLevel:I] WAJMNSStream/impl/report port=5222, connectedIPVersion=6, resolvedIPAddressCount=2, dnsResolutionStartTimeMS=13983188, dnsResolutionEndTimeMS=13983189, dnsCacheHit=Yes, connectStartTimeMS=13983189, connectEndTimeMS=13983217, proxyConnectStartTimeMS=0, proxyConnectEndTimeMS=0
05-08 11:58:26.884 20213 20302 E msys    : E[N WA]_WAJMNSStreamImplUpdateStreamState(230)=>[LogLevel:I] WAJMNSStream/impl/state-changed/p=0xb400007a7cb94400 (connecting=>connected)
05-08 11:58:26.885  2904  3764 D NetdEventListenerService: DNS Requested by 163, 10326(com.whatsapp.w4b), SUCCESS, 25ms
05-08 11:58:26.885 20213 20302 E msys    : E[N mns]_OnResolverSuccess(308)=>Cache refresh succeeded with system DNS resolver. IP count: 2
05-08 11:58:26.887  2904  7359 D CompatChangeReporter: Compat change id reported: 310703690; UID 10326; state: ENABLED
05-08 11:58:26.909  1366  1366 W keymint_tee: [WRN]begin req PARAMS: A32, BM32, PD1, 
05-08 11:58:26.912  1366  1366 D keymint_swd: keymint_swd keymint [WRN] (km_add_tag:528) skip: non repetable tag already exists with different value: 268435458
05-08 11:58:26.912  1366  1366 D keymint_swd: keymint_swd keymint [WRN] (swd_run_cb:263) swd_begin() returns 0
05-08 11:58:26.912  1366  1366 D android.hardware.security.keymint-service: begin: ret 0
05-08 11:58:26.912  1363  8220 I keystore2: system/security/keystore2/src/security_level.rs:466 - In create_operation. Success to create IKeystoreOperation. 10326, None
05-08 11:58:26.914  1366  1366 D keymint_swd: keymint_swd keymint [WRN] (swd_run_cb:263) swd_update() returns 0
05-08 11:58:26.914  1366  1366 D android.hardware.security.keymint-service: update: ret 0
05-08 11:58:26.915  1366  1366 D keymint_swd: keymint_swd keymint [WRN] (swd_run_cb:263) swd_finish() returns 0
05-08 11:58:26.915  1366  1366 D android.hardware.security.keymint-service: finish: ret 0
05-08 11:58:26.915  2208  2230 I shsusrd : shsusr_check_cpu_usage(): Output of /proc/2208/stat/ : 2208 (shsusrd0) S 1 2208 0 0 -1 1077936384 45058 0 9194 0 181 735 0 0 20 0 11 0 836 2454323200 655 18446744073709551615 417394290688 417394549144 549077825248 0 0 0 0 0 1073794810 0 0 0 17 2 0 0 0 0 0 417394572224 417394573160 417936285696 549077829815 549077829858 549077829858 549077835741 0
05-08 11:58:26.915  2208  2230 I shsusrd : 
05-08 11:58:26.915  2208  2230 I shsusrd : shsusr_check_cpu_usage(): utime 181 stime 735 cpu_time_last 916
05-08 11:58:26.915  2208  2230 I shsusrd : shsusr_check_cpu_usage(): user time = 181 | system time = 735 | total = 916 | cpu_time_delta = 0, clk_tck 100
05-08 11:58:26.915  2208  2230 I shsusrd : shsusr_check_cpu_usage(): time_cur 1778252306 time_last 1778252296
05-08 11:58:26.915  2208  2230 I shsusrd : shsusr_check_cpu_usage(): shsusrd is using 0 pct of CPU - time_delta 10
05-08 11:58:26.915  2208  2230 I shsusrd : shsusr_check_cpu_usage(): shsusrd usage 0
05-08 11:58:26.915  2208  2230 I shsusrd : shsusr_check_cpu_usage_combined(): time_delta for combined : 10 time_cur 1778252306 time_last_combined 1778252296
05-08 11:58:26.915  2208  2230 I shsusrd : shsusr_check_cpu_usage_combined(): Output of /proc/2208/task/2208/stat: 2208 (shsusrd0) S 1 2208 0 0 -1 1077936384 1185 0 10 0 1 1 0 0 20 0 11 0 836 2454323200 655 18446744073709551615 417394290688 417394549144 549077825248 0 0 0 0 0 1073794810 1 0 0 17 2 0 0 0 0 0 417394572224 417394573160 417936285696 549077829815 549077829858 549077829858 549077835741 0
05-08 11:58:26.915  2208  2230 I shsusrd : 
05-08 11:58:26.915  2208  2230 I shsusrd : shsusr_check_cpu_usage_combined(): tid 2208 utime 1 stime 1 time_delta 10 clk_tck 100, usage 0
05-08 11:58:26.916  2208  2230 I shsusrd : shsusr_check_cpu_usage_combined(): Output of /proc/2208/task/2225/stat: 2225 (shsusrd12) S 1 2208 0 0 -1 4194368 38560 0 3034 0 74 327 0 0 20 0 11 0 840 2454323200 655 18446744073709551615 417394290688 417394549144 549077825248 0 0 0 0 0 1073794810 1 0 0 -1 2 0 0 0 0 0 417394572224 417394573160 417936285696 549077829815 549077829858 549077829858 549077835741 0
05-08 11:58:26.916  2208  2230 I shsusrd : 
05-08 11:58:26.916  2208  2230 I shsusrd : shsusr_check_cpu_usage_combined(): tid 2225 utime 74 stime 327 time_delta 10 clk_tck 100, usage 0
05-08 11:58:26.916  2208  2230 I shsusrd : shsusr_check_cpu_usage_combined(): Output of /proc/2208/task/2226/stat: 2226 (shsusrd2) S 1 2208 0 0 -1 4194368 532 0 1172 0 2 11 0 0 20 0 11 0 840 2454323200 655 18446744073709551615 417394290688 417394549144 549077825248 0 0 0 0 0 1073794810 1 0 0 -1 5 0 0 0 0 0 417394572224 417394573160 417936285696 549077829815 549077829858 549077829858 549077835741 0
05-08 11:58:26.916  2208  2230 I shsusrd : 
05-08 11:58:26.916  2208  2230 I shsusrd : shsusr_check_cpu_usage_combined(): tid 2226 utime 2 stime 11 time_delta 10 clk_tck 100, usage 0
05-08 11:58:26.916  2208  2230 I shsusrd : shsusr_check_cpu_usage_combined(): Output of /proc/2208/task/2229/stat: 2229 (shsusrd13) S 1 2208 0 0 -1 1077936192 80 0 239 0 0 13 0 0 20 0 11 0 840 2454323200 655 18446744073709551615 417394290688 417394549144 549077825248 0 0 0 0 0 1073794810 1 0 0 -1 2 0 0 0 0 0 417394572224 417394573160 417936285696 549077829815 549077829858 549077829858 549077835741 0
05-08 11:58:26.916  2208  2230 I shsusrd : 
05-08 11:58:26.916  2208  2230 I shsusrd : shsusr_check_cpu_usage_combined(): tid 2229 utime 0 stime 13 time_delta 10 clk_tck 100, usage 0
05-08 11:58:26.916  2208  2230 I shsusrd : shsusr_check_cpu_usage_combined(): Output of /proc/2208/task/2230/stat: 2230 (shsusrd42) R 1 2208 0 0 -1 4194368 477 0 1448 0 84 310 0 0 20 0 11 0 840 2454323200 655 18446744073709551615 417394290688 417394549144 549077825248 0 0 0 0 0 1073794810 0 0 0 -1 1 0 0 0 0 0 417394572224 417394573160 417936285696 549077829815 549077829858 549077829858 549077835741 0
05-08 11:58:26.916  2208  2230 I shsusrd : 
05-08 11:58:26.916  2208  2230 I shsusrd : shsusr_check_cpu_usage_combined(): tid 2230 utime 84 stime 310 time_delta 10 clk_tck 100, usage 0
05-08 11:58:26.916  2208  2230 I shsusrd : shsusr_check_cpu_usage_combined(): Output of /proc/2208/task/2231/stat: 2231 (shsusrd4) S 1 2208 0 0 -1 4194368 0 0 0 0 0 2 0 0 20 0 11 0 840 2454323200 655 18446744073709551615 417394290688 417394549144 549077825248 0 0 0 0 0 1073794810 1 0 0 -1 4 0 0 0 0 0 417394572224 417394573160 417936285696 549077829815 549077829858 549077829858 549077835741 0
05-08 11:58:26.916  2208  2230 I shsusrd : 
05-08 11:58:26.916  2208  2230 I shsusrd : shsusr_check_cpu_usage_combined(): tid 2231 utime 0 stime 2 time_delta 10 clk_tck 100, usage 0
05-08 11:58:26.916  2208  2230 I shsusrd : shsusr_check_cpu_usage_combined(): Output of /proc/2208/task/2232/stat: 2232 (shsusrd14) S 1 2208 0 0 -1 4194368 647 0 1403 0 0 12 0 0 20 0 11 0 840 2454323200 655 18446744073709551615 417394290688 417394549144 549077825248 0 0 0 0 0 1073794810 1 0 0 -1 0 0 0 0 0 0 417394572224 417394573160 417936285696 549077829815 549077829858 549077829858 549077835741 0
05-08 11:58:26.916  2208  2230 I shsusrd : 
05-08 11:58:26.916  2208  2230 I shsusrd : shsusr_check_cpu_usage_combined(): tid 2232 utime 0 stime 12 time_delta 10 clk_tck 100, usage 0
05-08 11:58:26.916  2208  2230 I shsusrd : shsusr_check_cpu_usage_combined(): Output of /proc/2208/task/18393/stat: 18393 (shsusrd14) S 1 2208 0 0 -1 4194368 3 0 10 0 0 3 0 0 20 0 11 0 11109 2454323200 655 18446744073709551615 417394290688 417394549144 549077825248 0 0 0 0 0 1073794810 1 0 0 -1 4 0 0 0 0 0 417394572224 417394573160 417936285696 549077829815 549077829858 549077829858 549077835741 0
05-08 11:58:26.916  2208  2230 I shsusrd : 
05-08 11:58:26.916  2208  2230 I shsusrd : shsusr_check_cpu_usage_combined(): tid 18393 utime 0 stime 3 time_delta 10 clk_tck 100, usage 0
05-08 11:58:26.916  2208  2230 I shsusrd : shsusr_check_cpu_usage_combined(): Output of /proc/2208/task/18395/stat: 18395 (shsusrd7) S 1 2208 0 0 -1 4194368 4 0 6 0 0 3 0 0 20 0 11 0 11110 2454323200 655 18446744073709551615 417394290688 417394549144 549077825248 0 0 0 0 0 1073794810 1 0 0 -1 2 0 0 0 0 0 417394572224 417394573160 417936285696 549077829815 549077829858 549077829858 549077835741 0
05-08 11:58:26.916  2208  2230 I shsusrd : 
05-08 11:58:26.916  2208  2230 I shsusrd : shsusr_check_cpu_usage_combined(): tid 18395 utime 0 stime 3 time_delta 10 clk_tck 100, usage 0
05-08 11:58:26.916  2208  2230 I shsusrd : shsusr_check_cpu_usage_combined(): Output of /proc/2208/task/18397/stat: 18397 (shsusrd5) S 1 2208 0 0 -1 4194368 44 0 432 0 0 7 0 0 20 0 11 0 11111 2454323200 655 18446744073709551615 417394290688 417394549144 549077825248 0 0 0 0 0 1073794810 1 0 0 -1 2 0 0 0 0 0 417394572224 417394573160 417936285696 549077829815 549077829858 549077829858 549077835741 0
05-08 11:58:26.916  2208  2230 I shsusrd : 
05-08 11:58:26.916  2208  2230 I shsusrd : shsusr_check_cpu_usage_combined(): tid 18397 utime 0 stime 7 time_delta 10 clk_tck 100, usage 0
05-08 11:58:26.916  2208  2230 I shsusrd : shsusr_check_cpu_usage_combined(): Output of /proc/2208/task/13647/stat: 13647 (HwBinder:2208_1) S 1 2208 0 0 -1 1077936192 4 0 0 0 0 0 0 0 20 0 11 0 39476 2454323200 655 18446744073709551615 417394290688 417394549144 549077825248 0 0 0 0 0 1073794810 1 0 0 -1 7 0 0 0 0 0 417394572224 417394573160 417936285696 549077829815 549077829858 549077829858 549077835741 0
05-08 11:58:26.916  2208  2230 I shsusrd : 
05-08 11:58:26.916  2208  2230 I shsusrd : shsusr_check_cpu_usage_combined(): tid 13647 utime 0 stime 0 time_delta 10 clk_tck 100, usage 0
05-08 11:58:26.916  2208  2230 I shsusrd : shsusr_check_cpu_usage_combined(): Combined CPU usage: total_utime 161 total_stime 689 total_cpu_time_seconds 0.00, clk_tck 100
05-08 11:58:26.916  2208  2230 I shsusrd : shsusr_check_cpu_usage_combined(): Combined shsusrd usage 0
05-08 11:58:26.916  2208  2230 I shsusrd : shsusr_check_cpu_usage_combined(): Combined shsusrd usage FINAL 0
05-08 11:58:26.975  1811  2123 D DisplayModeController: setDesiredMode 4630947059332006275 {mode={fps=24.00 Hz, modePtr={id=5, vsyncRate=24.00 Hz, peakRefreshRate=24.00 Hz}}, emitEvent=false, force=false}
05-08 11:58:26.976  1811  1811 I LayerHistory: StatusBar$_3847#102 voted NoVote (0.00 Hz)
05-08 11:58:26.976  1811  1811 I LayerHistory: com.google.android.documentsui/com.android.documentsui.picker.PickActivity$_20151#2894 voted ExplicitCategory with category: HighHint
05-08 11:58:26.976  1811  1811 I LayerHistory: com.sec.android.app.launcher/com.samsung.app.honeyspace.edge.edgepanel.app.CocktailBarService$_4327#2600 voted ExplicitCategory with category: HighHint
05-08 11:58:26.976  1811  1811 I LayerHistory: NavigationBar0$_3847#98 voted ExplicitCategory with category: HighHint
05-08 11:58:26.976  1811  1811 I SurfaceFlinger: Idle - choose 24.00 Hz
05-08 11:58:26.978  1811  1811 I HWComposer: [4630947059332006275] ActiveConfigToHWC, ID : 8
05-08 11:58:26.978  1811  2047 I VSyncReactor: Current= 120, Period= 24, hwcPeriod= 120
05-08 11:58:26.978  1811  1811 D SurfaceFlinger: GPIS:: requestGPISForClientComposition
05-08 11:58:26.979  1763  2075 I SDM     : HWDeviceDRM::SetDisplaySwitchMode: [DispConfigs] check hs_mode 3
05-08 11:58:26.979  1763  2075 W SDM     : HWDeviceDRM::GetSupportedBitClkRate: Requested rate not supported: 951080000
05-08 11:58:26.979  1763  2075 W SDM     : HWDeviceDRM::GetSupportedBitClkRate: Requested rate not supported: 951080000
05-08 11:58:26.979  1763  2075 I SDM     : HWDeviceDRM::SetDisplaySwitchMode: [DispConfigs] Set mode index:9 1080x2340x24xcmdPHS, hs_mode(3), found_mode(1)
05-08 11:58:26.979  1763  2075 I SDM     : HWDeviceDRM::UpdateMixerAttributes: Mixer WxH 1080x2340-1 for Peripheral
05-08 11:58:26.979  1763  2075 I SDM     : HWCDisplay::SubmitDisplayConfig: Active configuration changed from config 0 to 8
05-08 11:58:26.980  1811  4904 D NativeSemDvfsManager: acquire:: timeout = 2000 mIsAcquired = 1  mTagName : SurfaceFlinger 
05-08 11:58:26.981  1811  4904 E NativeCustomFrequencyManager: [NativeCFMS] BpCustomFrequencyManager::acquire()
05-08 11:58:26.981  1746  1783 I HYPER-HAL: [RequestManager.cpp]acquire(): Acquired ID : 3953266  [1811 / 1000]    HINT : SF_GPU_MINLOCK    list : [TIMEOUT / 2000] 
05-08 11:58:26.985  1811  1811 I SurfaceFlinger: finalizeDisplayModeChange 4630947059332006275
05-08 11:58:26.986  1811  2047 I VSyncReactor: Current= 120, Period= 24, hwcPeriod= 24
05-08 11:58:27.121  2904  3033 D KNOX_MDM_SettingsProvider: isChangeAllowed() : name = enabled_notification_listeners
05-08 11:58:27.121  2904  3033 D KNOX_MDM_SettingsProvider: isChangeAllowed() : name = enabled_notification_listeners
05-08 11:58:27.121  2904  3033 D KNOX_MDM_SettingsProvider: isChangeAllowed() : name = enabled_notification_listeners
05-08 11:58:27.194  1811  2123 D DisplayModeController: setDesiredMode 4630947059332006275 {mode={fps=120.00 Hz, modePtr={id=0, vsyncRate=120.00 Hz, peakRefreshRate=120.00 Hz}}, emitEvent=true, force=false}
05-08 11:58:27.195  1811  2047 I VSyncReactor: Current= 24, Period= 120, hwcPeriod= 24
05-08 11:58:27.195  1811  1811 I LayerHistory: StatusBar$_3847#102 voted NoVote (0.00 Hz)
05-08 11:58:27.195  1811  1811 I LayerHistory: com.google.android.documentsui/com.android.documentsui.picker.PickActivity$_20151#2894 voted ExplicitCategory with category: HighHint
05-08 11:58:27.195  1811  1811 I LayerHistory: com.sec.android.app.launcher/com.samsung.app.honeyspace.edge.edgepanel.app.CocktailBarService$_4327#2600 voted ExplicitCategory with category: HighHint
05-08 11:58:27.195  1811  1811 I LayerHistory: NavigationBar0$_3847#98 voted ExplicitCategory with category: HighHint
05-08 11:58:27.195  1811  1811 I SurfaceFlinger: Touch Boost - choose 120.00 Hz
05-08 11:58:27.195  1811  1811 I HWComposer: [4630947059332006275] ActiveConfigToHWC, ID : 0
05-08 11:58:27.196  1763  2075 I SDM     : HWDeviceDRM::SetDisplaySwitchMode: [DispConfigs] check hs_mode 3
05-08 11:58:27.196  1763  2075 W SDM     : HWDeviceDRM::GetSupportedBitClkRate: Requested rate not supported: 951080000
05-08 11:58:27.196  1763  2075 I SDM     : HWDeviceDRM::SetDisplaySwitchMode: [DispConfigs] Set mode index:0 1080x2340x120xcmdHS, hs_mode(3), found_mode(0)
05-08 11:58:27.196  1763  2075 I SDM     : HWDeviceDRM::UpdateMixerAttributes: Mixer WxH 1080x2340-1 for Peripheral
05-08 11:58:27.196  1763  2075 I SDM     : HWCDisplay::SubmitDisplayConfig: Active configuration changed from config 8 to 0
05-08 11:58:27.211  1811  2047 I VSyncReactor: Current= 24, Period= 120, hwcPeriod= 120
05-08 11:58:27.228  1811  1811 I SurfaceFlinger: finalizeDisplayModeChange 4630947059332006275
05-08 11:58:27.237  2904  7359 W ActivityManager: Background start not allowed: service Intent { act=com.whatsapp.messageservice.messaging.MessageService.START xflg=0x4 cmp=com.whatsapp.w4b/com.whatsapp.messageservice.messaging.MessageService } to com.whatsapp.w4b/com.whatsapp.messageservice.messaging.MessageService from pid=20213 uid=10326 pkg=com.whatsapp.w4b startFg?=false
05-08 11:58:27.331  1804  1820 E HeatmapThread: ECT Thread time in milliseconds: 1778252307
05-08 11:58:27.333  1804  1820 D HeatmapThread: !@ batteryplugType : 2
05-08 11:58:27.333  1804  1820 D HeatmapThread: !@ batteryLevel : 80  batteryTemperature : 380 
05-08 11:58:27.333  1804  1820 D HeatmapThread: !@ Heatmap currtime: 29637538
05-08 11:58:27.333  1804  1820 D HeatmapThread: !@ Heatmap prevtime: 29637533
05-08 11:58:27.333  1804  1820 D HeatmapThread: !@ Heatmap plugstarttime: 29637392
05-08 11:58:27.333  1804  1820 D HeatmapThread: !@ Heatmap prevv_dsoh_update_time: 29637512
05-08 11:58:27.334  1804  1820 E HeatmapThread: !@ CAM New BSOH: 99
05-08 11:58:27.334  1804  1820 E HeatmapThread: !@ CAM is Working
05-08 11:58:27.388 20213 20258 D WM-SystemJobScheduler: Scheduling work ID e23d60fb-0e0e-4a17-8a88-7d215f7c5528Job ID 229762
05-08 11:58:27.392  2904  7359 I ActivityManager: Changes in 10326 19 to 8, 0 to 136
05-08 11:58:27.395 20213 20213 D WM-SystemJobService: onStartJob for WorkGenerationalId(workSpecId=e23d60fb-0e0e-4a17-8a88-7d215f7c5528, generation=0)
05-08 11:58:27.395 20213 20258 D WM-GreedyScheduler: Starting tracking for e23d60fb-0e0e-4a17-8a88-7d215f7c5528
05-08 11:58:27.396  6941 19164 I ejla    : (REDACTED) HDM. appOpsListener %s %s
05-08 11:58:27.396  6941 19164 I ejla    : (REDACTED) HDM. Ignoring irrelevant audio permission changes for package %s
05-08 11:58:27.396  5047  5154 I RequestManager_FLP: onOpChanged, op=0 / packageName=com.whatsapp.w4b
05-08 11:58:27.398 20213 20258 D WM-Processor: NFm: processing WorkGenerationalId(workSpecId=e23d60fb-0e0e-4a17-8a88-7d215f7c5528, generation=0)
05-08 11:58:27.403 20213 20213 D WM-WorkerWrapper: Starting work for com.whatsapp.xmpp.messaging.XmppLifecycleWorker
05-08 11:58:27.407 20213 20258 D WM-ConstraintTracker: MJL: initial state = NetworkState(isConnected=true, isValidated=true, isMetered=false, isNotRoaming=true)
05-08 11:58:27.407 20213 20258 D WM-NetworkStateTracker: Registering network callback
05-08 11:58:27.415 20213 20258 D ConnectivityManager: StackLog: [android.net.ConnectivityManager.sendRequestForNetwork(ConnectivityManager.java:4740)] [android.net.ConnectivityManager.registerDefaultNetworkCallbackForUid(ConnectivityManager.java:5465)] [android.net.ConnectivityManager.registerDefaultNetworkCallback(ConnectivityManager.java:5432)] [android.net.ConnectivityManager.registerDefaultNetworkCallback(ConnectivityManager.java:5406)] [X.MJL.A03(:20)] [X.NXM.invokeSuspend(:507)] [X.NXM.invoke(:13)] [X.3bx.A00(:2)] [X.3bw.A00(:58)] [X.3ZT.invokeSuspend(:2913)] [X.0iI.resumeWith(:8)] [X.0ij.run(:89)] [X.MBn.run(:2)] [java.util.concurrent.ThreadPoolExecutor.runWorker(ThreadPoolExecutor.java:1154)] [java.util.concurrent.ThreadPoolExecutor$Worker.run(ThreadPoolExecutor.java:652)] [java.lang.Thread.run(Thread.java:1564)]
05-08 11:58:27.417  2904  7359 D ConnectivityService: requestNetwork for uid/pid:10326/20213 activeRequest: null callbackRequest: 5916 [NetworkRequest [ REQUEST id=5917, [ Capabilities: INTERNET&NOT_RESTRICTED&TRUSTED&NOT_VCN_MANAGED&NOT_BANDWIDTH_CONSTRAINED Uid: 10326 RequestorUid: 10326 RequestorPkg: com.whatsapp.w4b UnderlyingNetworks: Null] ]] callback flags: 0 order: 2147483647 isUidTracked: false declaredMethods: AVAIL|LOST|NC|LP
05-08 11:58:27.418  2904  3622 D ConnectivityService:    accepting network in place of null for NetworkRequest [ REQUEST id=5917, [ Capabilities: INTERNET&NOT_RESTRICTED&TRUSTED&NOT_VCN_MANAGED&NOT_BANDWIDTH_CONSTRAINED Uid: 10326 RequestorUid: 10326 RequestorPkg: com.whatsapp.w4b UnderlyingNetworks: Null] ]
05-08 11:58:27.419  2904  3603 D WifiNetworkFactory: got request NetworkRequest [ REQUEST id=5917, [ Capabilities: INTERNET&NOT_RESTRICTED&TRUSTED&NOT_VCN_MANAGED&NOT_BANDWIDTH_CONSTRAINED Uid: 10326 RequestorUid: 10326 RequestorPkg: com.whatsapp.w4b UnderlyingNetworks: Null] ]
05-08 11:58:27.419  2904  3603 D UntrustedWifiNetworkFactory: got request NetworkRequest [ REQUEST id=5917, [ Capabilities: INTERNET&NOT_RESTRICTED&TRUSTED&NOT_VCN_MANAGED&NOT_BANDWIDTH_CONSTRAINED Uid: 10326 RequestorUid: 10326 RequestorPkg: com.whatsapp.w4b UnderlyingNetworks: Null] ]
05-08 11:58:27.419 20213 20319 D WM-NetworkStateTracker: Network capabilities changed: [ Transports: WIFI Capabilities: NOT_METERED&INTERNET&NOT_RESTRICTED&TRUSTED&NOT_VPN&VALIDATED&NOT_ROAMING&FOREGROUND&NOT_CONGESTED&NOT_SUSPENDED&NOT_VCN_MANAGED&NOT_BANDWIDTH_CONSTRAINED LinkUpBandwidth>=51802Kbps LinkDnBandwidth>=67382Kbps TransportInfo: <SSID: <unknown ssid>, BSSID: 02:00:00:00:00:00, MAC: 02:00:00:00:00:00, IP: /192.168.0.13, Security type: 2, Supplicant state: COMPLETED, Wi-Fi standard: 11ac, RSSI: -32, Link speed: 866Mbps, Tx Link speed: 866Mbps, Max Supported Tx Link speed: 866Mbps, Rx Link speed: 780Mbps, Max Supported Rx Link speed: 866Mbps, Frequency: 5540MHz, Net ID: -1, Metered hint: false, score: 60, isUsable: true, CarrierMerged: false, SubscriptionId: -1, IsPrimary: -1, Trusted: true, Restricted: false, Ephemeral: false, OEM paid: false, OEM private: false, OSU AP: false, FQDN: <none>, Provider friendly name: <none>, Requesting package name: <none><none>MLO Information: , Is TID-To-Link negotiation supported by the AP: false, AP MLD Address: <none>, AP MLO Link Id: <none>, AP MLO Affiliated links: <none>, Vendor Data: <none>> SignalStrength: -32 UnderlyingNetworks: Null]
05-08 11:58:27.419  2904  3603 D OemPaidWifiNetworkFactory: got request NetworkRequest [ REQUEST id=5917, [ Capabilities: INTERNET&NOT_RESTRICTED&TRUSTED&NOT_VCN_MANAGED&NOT_BANDWIDTH_CONSTRAINED Uid: 10326 RequestorUid: 10326 RequestorPkg: com.whatsapp.w4b UnderlyingNetworks: Null] ]
05-08 11:58:27.420  2904  3603 D MultiInternetWifiNetworkFactory: got request NetworkRequest [ REQUEST id=5917, [ Capabilities: INTERNET&NOT_RESTRICTED&TRUSTED&NOT_VCN_MANAGED&NOT_BANDWIDTH_CONSTRAINED Uid: 10326 RequestorUid: 10326 RequestorPkg: com.whatsapp.w4b UnderlyingNetworks: Null] ]
05-08 11:58:27.420  2904  3622 D ConnectivityService: Rematched networks [computed 0ms] [applied 0ms] [issued 2]
05-08 11:58:27.420  2904  3622 D ConnectivityService: NetworkReassignment :
05-08 11:58:27.420  2904  3622 D ConnectivityService:   5917 : null → 163
05-08 11:58:27.423 20213 20279 W JobInfo : Job 'com.whatsapp.w4b/com.whatsapp.infra.push.RegistrationIntentService#4' has a deadline with no functional constraints. The deadline won't improve job execution latency. Consider removing the deadline.
05-08 11:58:27.424  2904  7359 W JobInfo : Job 'com.whatsapp.w4b/com.whatsapp.infra.push.RegistrationIntentService#4' has a deadline with no functional constraints. The deadline won't improve job execution latency. Consider removing the deadline.
05-08 11:58:27.431 20213 20258 D WM-GreedyScheduler: Constraints met: Scheduling work ID WorkGenerationalId(workSpecId=e23d60fb-0e0e-4a17-8a88-7d215f7c5528, generation=0)
05-08 11:58:27.433 20213 20258 D WM-Processor: Work WorkGenerationalId(workSpecId=e23d60fb-0e0e-4a17-8a88-7d215f7c5528, generation=0) is already enqueued for processing
05-08 11:58:27.457  1722  4813 I vendor.qti.bluetooth@1.1-ibs_handler: ProcessIbsCmd: Received IBS_WAKE_IND: 0xFD
05-08 11:58:27.457  1722  4813 I vendor.qti.bluetooth@1.1-ibs_handler: ProcessIbsCmd: Writing IBS_WAKE_ACK
05-08 11:58:27.464  4145  4842 I ScanController: onScanResult to scannerId: 3- eventType=0x1b, addressType=0, address=XX:XX:XX:XX:B2:7C, primaryPhy=1, secondaryPhy=0, advertisingSid=0xff, txPower=127, rssi=-80, periodicAdvInt=0x0
05-08 11:58:27.500 20213 20314 W SQLiteLog: (28) walIndexRecover: rc 0, nPage 32, mxFrame 58, /data/data/com.whatsapp.w4b/databases/media.db-wal
05-08 11:58:27.503  1722  4813 I vendor.qti.bluetooth@1.1-ibs_handler: ProcessIbsCmd: Received IBS_SLEEP_IND: 0xFE
05-08 11:58:27.529  1811  1811 D SurfaceFlinger: GPIS:: requestGPISForClientComposition
05-08 11:58:27.537  1811  2047 I VSyncReactor: Current= 120, Period= 120, hwcPeriod= 120
05-08 11:58:27.539 20213 20315 I Kumiho-Kumiho: getPackageName: com.whatsapp.w4b
05-08 11:58:27.545 20151 20151 W Choreographer: Frame time is 0.211982 ms in the future!  Check that graphics HAL is generating vsync timestamps using the correct timebase.
05-08 11:58:27.648  1722  4814 I vendor.qti.bluetooth@1.1-ibs_handler: DeviceSleep: TX Awake, Sending SLEEP_IND
05-08 11:58:27.648  1722  4814 D vendor.qti.bluetooth@1.1-ibs_handler: SerialClockVote: vote for UART CLK OFF
05-08 11:58:27.692  2904  3530 D PowerManagerService: [api] userActivityFromNative : other, HOVER displayId=0 eventTime=13984025
05-08 11:58:27.706  2904  3513 D ActivityManager: FCA:Reclamation for pid: 14719
05-08 11:58:27.756 17841 17864 D BufferPoolAccessor2.0: bufferpool2 0xb400007a71201628 : 66(156539 size) total buffers - 1(1634 size) used buffers - 777/1166 (recycle/alloc) - 458/1165 (fetch/transfer)
05-08 11:58:27.769  6896 15784 W MediaProvider: isAppCloneUserPair for user 0: false
05-08 11:58:27.798  1722  4530 D vendor.qti.bluetooth@1.1-wake_lock: Release wakelock is released 
05-08 11:58:27.796  2904  7468 D SyncManager: userId - 0 auto - true
05-08 11:58:27.799  2904  7468 D SyncManager: userId - 0 auto - true
05-08 11:58:27.811  6896  7066 W MediaProvider: isAppCloneUserPair for user 0: false
05-08 11:58:27.818  2904  7359 D SyncManager: userId - 0 auto - true
05-08 11:58:27.818  2904  7359 D SyncManager: userId - 0 auto - true
05-08 11:58:27.827  6896  7064 W MediaProvider: isAppCloneUserPair for user 0: false
05-08 11:58:27.834  2904  7359 D SyncManager: userId - 0 auto - true
05-08 11:58:27.834  2904  7359 D SyncManager: userId - 0 auto - true
05-08 11:58:27.845  6896 18363 W MediaProvider: isAppCloneUserPair for user 0: false
05-08 11:58:27.863  4824 18265 I UriTaskContentObserver: (REDACTED) Throttling content uri change event for %s
05-08 11:58:27.863  4824 18265 I UriTaskContentObserver: (REDACTED) Throttling content uri change event for %s
05-08 11:58:27.864  2904  7468 D ActivityManager: sync unfroze 19590 com.skms.android.agent:remote for 6
05-08 11:58:27.865  2904  7468 I ActivityManager: Changes in 10109 19 to 8, 0 to 128
05-08 11:58:27.867  6896 18363 W SQLiteLog: (28) walCheckpoint: eMode(0), mxFrame(263), nBackfill(263), /data/data/com.google.android.providers.media.module/databases/external.db-wal taking (8) ms
05-08 11:58:27.868  2904  7468 D SyncManager: userId - 0 auto - true
05-08 11:58:27.868  2904  7468 D SyncManager: userId - 0 auto - true
05-08 11:58:27.868  4824 18265 I UriTaskContentObserver: (REDACTED) Throttling content uri change event for %s
05-08 11:58:27.872  2904  7359 W ProcessStats: Tracking association SourceState{eff4719 com.samsung.android.carkey/10109 ImpBg #93843} whose proc state 6 is better than process ProcessState{749841f com.skms.android.agent:remote/1000 pkg=com.skms.android.agent} proc state 15 (2 skipped)
05-08 11:58:27.873  4824 19140 I NetworkScheduler.Stats: (REDACTED) Task %s/%s started execution. cause:%s exec_start_elapsed_seconds: %s
05-08 11:58:27.877  2904  3108 D PowerManagerService: UserActivityStateListenerState: 0
05-08 11:58:27.882  4824 19684 I NetworkScheduler.Stats: (REDACTED) Task %s/%s finished executing. cause:%s result: %s elapsed_millis: %s uptime_millis: %s exec_start_elapsed_seconds: %s
05-08 11:58:27.883  2904  7468 I ActivityManager: Changes in 10109 8 to 10, 128 to 0
05-08 11:58:27.883  2904  7359 D SyncManager: userId - 0 auto - true
05-08 11:58:27.883  4824 18265 I UriTaskContentObserver: (REDACTED) Throttling content uri change event for %s
05-08 11:58:27.883  2904  7359 D SyncManager: userId - 0 auto - true
05-08 11:58:27.885  6896 15781 I MediaProvider: Deleted 1 0 0 0 0 0 0 items on external_primary due to com.whatsapp.w4b
05-08 11:58:27.892  6896 14786 I MediaProvider: Deleted 1 0 0 0 0 0 0 items on external_primary due to com.whatsapp.w4b
05-08 11:58:27.892  2904  4048 D SyncManager: userId - 0 auto - true
05-08 11:58:27.892  2904  4048 D SyncManager: userId - 0 auto - true
05-08 11:58:27.905  2904  4048 I ActivityManager: Changes in 9510243 10 to 8, 0 to 128
05-08 11:58:27.906  6941 19164 I ejla    : (REDACTED) HDM. appOpsListener %s %s
05-08 11:58:27.906  6941 19164 I ejla    : (REDACTED) HDM. Ignoring irrelevant audio permission changes for package %s
05-08 11:58:27.906  6941 19164 I ejla    : (REDACTED) HDM. appOpsListener %s %s
05-08 11:58:27.906  6941 19164 I ejla    : (REDACTED) HDM. Ignoring irrelevant audio permission changes for package %s
05-08 11:58:27.910  4824 19140 I NetworkScheduler.Stats: (REDACTED) Task %s/%s started execution. cause:%s exec_start_elapsed_seconds: %s
05-08 11:58:27.916  2904  7468 I ActivityManager: Changes in 15010243 10 to 8, 0 to 128
05-08 11:58:27.920  6941 14755 I ejla    : (REDACTED) HDM. appOpsListener %s %s
05-08 11:58:27.920  6941 14755 I ejla    : (REDACTED) HDM. Ignoring irrelevant audio permission changes for package %s
05-08 11:58:27.920  6941 14755 I ejla    : (REDACTED) HDM. appOpsListener %s %s
05-08 11:58:27.920  6941 14755 I ejla    : (REDACTED) HDM. Ignoring irrelevant audio permission changes for package %s
05-08 11:58:27.922  4824 19684 I NetworkScheduler.Stats: (REDACTED) Task %s/%s started execution. cause:%s exec_start_elapsed_seconds: %s
05-08 11:58:27.927  2904  4048 I ActivityManager: Changes in 10109 19 to 8, 0 to 128
05-08 11:58:27.930  5410  5410 D BoundBrokerSvc: onBind: Intent { act=com.google.android.gms.ocr.service.ModelCleanUpTaskService.ACTION_TASK_READY dat=chimera-action:/... xflg=0x4 cmp=com.google.android.gms/.chimera.GmsInternalBoundBrokerService }
05-08 11:58:27.930  5410  5410 D BoundBrokerSvc: Loading bound service for intent: Intent { act=com.google.android.gms.ocr.service.ModelCleanUpTaskService.ACTION_TASK_READY dat=chimera-action:/... xflg=0x4 cmp=com.google.android.gms/.chimera.GmsInternalBoundBrokerService }
05-08 11:58:27.934  4824 19140 I NetworkScheduler.Stats: (REDACTED) Task %s/%s started execution. cause:%s exec_start_elapsed_seconds: %s
05-08 11:58:27.938  5410 13966 W Bundle  : Key clean_up_type expected int[] but value was a java.lang.Integer.  The default value <null> was returned.
05-08 11:58:27.939  5410 13966 W Bundle  : Attempt to cast generated internal exception:
05-08 11:58:27.939  5410 13966 W Bundle  : java.lang.ClassCastException: java.lang.Integer cannot be cast to int[]
05-08 11:58:27.939  5410 13966 W Bundle  : 	at android.os.BaseBundle.getIntArray(BaseBundle.java:1709)
05-08 11:58:27.939  5410 13966 W Bundle  : 	at com.google.android.gms.ocr.service.ModelCleanUpTaskService.a(:com.google.android.gms@261631035@26.16.31 (260400-900800821):16)
05-08 11:58:27.939  5410 13966 W Bundle  : 	at czta.call(:com.google.android.gms@261631035@26.16.31 (260400-900800821):36)
05-08 11:58:27.939  5410 13966 W Bundle  : 	at java.util.concurrent.FutureTask.run(FutureTask.java:317)
05-08 11:58:27.939  5410 13966 W Bundle  : 	at bjwm.c(:com.google.android.gms@261631035@26.16.31 (260400-900800821):50)
05-08 11:58:27.939  5410 13966 W Bundle  : 	at bjwm.run(:com.google.android.gms@261631035@26.16.31 (260400-900800821):66)
05-08 11:58:27.939  5410 13966 W Bundle  : 	at java.util.concurrent.ThreadPoolExecutor.runWorker(ThreadPoolExecutor.java:1154)
05-08 11:58:27.939  5410 13966 W Bundle  : 	at java.util.concurrent.ThreadPoolExecutor$Worker.run(ThreadPoolExecutor.java:652)
05-08 11:58:27.939  5410 13966 W Bundle  : 	at bkcd.run(:com.google.android.gms@261631035@26.16.31 (260400-900800821):8)
05-08 11:58:27.939  5410 13966 W Bundle  : 	at java.lang.Thread.run(Thread.java:1564)
05-08 11:58:27.942  4824 19684 I NetworkScheduler.Stats: (REDACTED) Task %s/%s finished executing. cause:%s result: %s elapsed_millis: %s uptime_millis: %s exec_start_elapsed_seconds: %s
05-08 11:58:27.942  5410  5410 D BoundBrokerSvc: onUnbind: Intent { act=com.google.android.gms.ocr.service.ModelCleanUpTaskService.ACTION_TASK_READY dat=chimera-action:/... xflg=0x4 cmp=com.google.android.gms/.chimera.GmsInternalBoundBrokerService }
05-08 11:58:27.942  2904  7468 I ActivityManager: Changes in 10109 8 to 10, 128 to 0
05-08 11:58:27.946  4824 19684 I NetworkScheduler.Stats: (REDACTED) Task %s/%s started execution. cause:%s exec_start_elapsed_seconds: %s
05-08 11:58:27.954  6896  7066 W MediaProvider: isAppCloneUserPair for user 0: false
05-08 11:58:27.959  4824 20184 I NetworkScheduler.Stats: (REDACTED) Task %s/%s started execution. cause:%s exec_start_elapsed_seconds: %s
05-08 11:58:27.960  2904  7468 D SyncManager: userId - 0 auto - true
05-08 11:58:27.960  2904  7468 D SyncManager: userId - 0 auto - true
05-08 11:58:28.001  4824 20184 I NetworkScheduler.Stats: (REDACTED) Task %s/%s finished executing. cause:%s result: %s elapsed_millis: %s uptime_millis: %s exec_start_elapsed_seconds: %s
05-08 11:58:28.002  2904  4048 I ActivityManager: Changes in 9510243 8 to 10, 128 to 0
05-08 11:58:28.038  1811  1811 D SurfaceFlinger: GPIS:: requestGPISForClientComposition
05-08 11:58:28.047  2904  7468 I ActivityManager: Changes in 15010243 8 to 10, 128 to 0
05-08 11:58:28.047  4824 20347 I NetworkScheduler.Stats: (REDACTED) Task %s/%s finished executing. cause:%s result: %s elapsed_millis: %s uptime_millis: %s exec_start_elapsed_seconds: %s
05-08 11:58:28.066  2904  7186 E TaskPersister: File error accessing recents directory (directory doesn't exist?).
05-08 11:58:28.067  2904  7186 E TaskPersister: File error accessing recents directory (directory doesn't exist?).
05-08 11:58:28.067  2904  7186 E TaskPersister: File error accessing recents directory (directory doesn't exist?).
05-08 11:58:28.072 17841 17864 D BufferPoolAccessor2.0: bufferpool2 0xb400007a71201628 : 66(130113 size) total buffers - 1(1674 size) used buffers - 777/1183 (recycle/alloc) - 475/1182 (fetch/transfer)
05-08 11:58:28.128  2904  3603 D WifiStaIfaceHidlImpl: getCachedScanData is not implemented by HIDL
05-08 11:58:28.131  2904  5738 D SemWifiUsabilityStatsMonitor: onWifiUsabilityStats - seqNum 3651, isSameBssidAndFreq true
05-08 11:58:28.131  2904  3711 E SemWifiLinkQualityMonitor: Too old or invalid TMI: currentTime=1778252308131 lastDateWindow=1778252305000
05-08 11:58:28.134  2904  3711 I SemWifiLinkQualityMonitor: Link stat: 1373 / 53 / 1,00 (94) / 866 / -34.0 || 100.0 : 866,00 / 0.5 : 1,00 / 0.55 : 0,04 / G (G) || 7dbb50175540: 0,084 / 95,092 / N || N N / 0 0 / N 2.0 / N X 0 / 13984463 0 || 2026-05-08 11:58:25  / 0: 0 0 0 0 0 0 / 0: 0 0 0 0 0 0 / 0: 0 0 0 0 0 0
05-08 11:58:28.135  3847  3993 D Tile.WifiTile: handleUpdateState isTransient=false transientEnabling =false cb.isTransient=false state.state = 2 mStateBeforeClick.value =false enabled =true
05-08 11:58:28.139  4327  4542 I HoneySpace.StatusIconTracker: invokeEvent() called with: event = Wifi(visible=true, resId=2131236018, activityId=2131236043)
05-08 11:58:28.144 20213 20276 W JobInfo : Job 'com.whatsapp.w4b/com.whatsapp.infra.crash.upload.ExceptionsUploadService#1' has a deadline with no functional constraints. The deadline won't improve job execution latency. Consider removing the deadline.
05-08 11:58:28.145  2904  7468 W JobInfo : Job 'com.whatsapp.w4b/com.whatsapp.infra.crash.upload.ExceptionsUploadService#1' has a deadline with no functional constraints. The deadline won't improve job execution latency. Consider removing the deadline.
05-08 11:58:28.157  2904  3764 D NetdEventListenerService: DNS Requested by 163, 10243(com.google.android.gms,...), SUCCESS, 0ms
05-08 11:58:28.161 20213 20251 D WM-GreedyScheduler: Cancelling work ID 624a690a-79f2-4743-bca2-5ffebbc653da
05-08 11:58:28.173 20213 20251 D WM-SystemJobScheduler: Scheduling work ID 624a690a-79f2-4743-bca2-5ffebbc653daJob ID 229763
05-08 11:58:28.180 20151 20151 I VRI[PickActivity]@bf4a15a: updatePointerIcon : PointerIcon{type=HAND, hotspotX=0.0, hotspotY=0.0}
05-08 11:58:28.180  2904  4048 W PointerChoreographer: Invalid device id -1. Cannot set pointer icon.
05-08 11:58:28.189 20151 20151 I VRI[PickActivity]@bf4a15a: updatePointerIcon : PointerIcon{type=NOT_SPECIFIED, hotspotX=0.0, hotspotY=0.0}
05-08 11:58:28.189  2904  7468 W PointerChoreographer: Invalid device id -1. Cannot set pointer icon.
05-08 11:58:28.222 20213 20221 W om.whatsapp.w4b: userfaultfd: MOVE ioctl seems unsupported: Connection timed out
05-08 11:58:28.234  1776 30937 I QC2CompStore: Setting heap usage to system
05-08 11:58:28.234 17841 17864 D BufferPoolAccessor2.0: bufferpool2 0xb400007a71201628 : 66(128655 size) total buffers - 1(21074 size) used buffers - 778/1201 (recycle/alloc) - 492/1200 (fetch/transfer)
05-08 11:58:28.274 20213 20221 I om.whatsapp.w4b: Background concurrent mark compact GC freed 31MB AllocSpace bytes, 189(5428KB) LOS objects, 66% free, 14MB/42MB, paused 4.502ms,4.323ms total 196.452ms
05-08 11:58:28.315  1183  1183 D io_stats: !@   8,0 r 16926238 247583549 w 1760777 16222244 d 271619 10635944 f 33886 125428 iot 3409148 0 th 0 0 0 pt 0 inp 0 1 13984.648
05-08 11:58:28.322 20213 20335 I Kumiho-Kumiho: getPackageName: com.whatsapp.w4b
05-08 11:58:28.323 20213 20335 I Kumiho-Kumiho: getPackageName: com.whatsapp.w4b
05-08 11:58:28.323  2904  3764 D NetdEventListenerService: DNS Requested by 163, 10326(com.whatsapp.w4b), SUCCESS, 25ms
05-08 11:58:28.327 20213 20335 I Kumiho-Kumiho: getPackageName: com.whatsapp.w4b
05-08 11:58:28.331  1804  1820 E HeatmapThread: ECT Thread time in milliseconds: 1778252308
05-08 11:58:28.333  1804  1820 D HeatmapThread: !@ batteryplugType : 2
05-08 11:58:28.333  1804  1820 D HeatmapThread: !@ batteryLevel : 80  batteryTemperature : 380 
05-08 11:58:28.333  1804  1820 D HeatmapThread: !@ Heatmap currtime: 29637538
05-08 11:58:28.333  1804  1820 D HeatmapThread: !@ Heatmap prevtime: 29637533
05-08 11:58:28.333  1804  1820 D HeatmapThread: !@ Heatmap plugstarttime: 29637392
05-08 11:58:28.333  1804  1820 D HeatmapThread: !@ Heatmap prevv_dsoh_update_time: 29637512
05-08 11:58:28.333  1804  1820 E HeatmapThread: !@ CAM New BSOH: 99
05-08 11:58:28.333  1804  1820 E HeatmapThread: !@ CAM is Working
05-08 11:58:28.338 20213 20335 I Kumiho-Kumiho: getPackageName: com.whatsapp.w4b
05-08 11:58:28.338 20213 20335 I Kumiho-Kumiho: getPackageName: com.whatsapp.w4b
05-08 11:58:28.340 20213 20335 I Kumiho-Kumiho: getPackageName: com.whatsapp.w4b
05-08 11:58:28.344 20213 20335 I Kumiho-Kumiho: getPackageName: com.whatsapp.w4b
05-08 11:58:28.345 20213 20335 I Kumiho-Kumiho: getPackageName: com.whatsapp.w4b
