05-08 11:58:24.869  2904  4048 D InputManager-JNI: !@handleInterceptActions(0), action=0, wmActions=0
05-08 11:58:24.869  2904  4048 D InputDispatcher: Inject key (27103/2000): action=1, f=0x0, d=-1, time=13981188000000
05-08 11:58:24.870  2904  4048 D InputManager-JNI: !@interceptKeyBeforeQueueing(0), action=1, interactive=true
05-08 11:58:24.871  2904  4048 D PhoneWindowManager: interceptKeyTq interceptKeyResult=1
05-08 11:58:24.872  2904  4048 D InputManager-JNI: !@handleInterceptActions(0), action=1, wmActions=0
05-08 11:58:24.873  2904  4048 D InputDispatcher: Inject motion (27103/2000): action=0x0, time=13981188000000, f=0x0, d=0 dsdx=1.000000 dtdx=0.000000
05-08 11:58:24.874  2904  3530 I InputDispatcher: Delivering touch to (3847): action: 0x4, f=0x0, d=0, '3ba651b', t=1 
05-08 11:58:24.874  2904  3530 I InputDispatcher: Canceling pointers for device -1 in a4cafe4 com.johnny.neoreader/com.johnny.neoreader.MainActivity with event MotionEvent
05-08 11:58:24.874  2904  3530 I InputDispatcher: Delivering touch to (31202): action: 0xa, f=0x0, d=0, 'a4cafe4', t=1 
05-08 11:58:24.875  2904  3530 I InputDispatcher: Delivering touch to (31202): action: 0x0, f=0x0, d=0, 'a4cafe4', t=1 
05-08 11:58:24.876  2904  3530 I InputDispatcher: Canceling pointers for device -1 in [Gesture Monitor] secinputdev with event MotionEvent
05-08 11:58:24.876  2904  3530 I InputDispatcher: Canceling pointers for device -1 in [Gesture Monitor] PalmMotion with event MotionEvent
05-08 11:58:24.876  2904  3530 D PowerManagerService: UserActivityStateListenerState: 1
05-08 11:58:24.877  2904  3530 D PowerManagerService: displayReady: false groupId=0
05-08 11:58:24.878  7187  7187 I SemDvfsHyPerManager: acquire hyper - TATouchBoost/7187@29, type = -999
05-08 11:58:24.878  7187  7187 I SemDvfsHyPerManager: acquire hyper - TA_TOUCH_SHARE/7187@30, type = -999
05-08 11:58:24.878  1746  1783 I HYPER-HAL: [RequestManager.cpp]acquire(): Acquired ID : 26038965  [7187 / 29]    HINT :      list : [TABoost / 1] [TIMEOUT / 1500] 
05-08 11:58:24.879  2904  3032 I GestureDetector: obtain mCurrentDownEvent. id: -551655304 caller: com.android.server.wm.SystemGesturesPointerEventListener.onPointerEvent:17 com.android.server.wm.PointerEventDispatcher.onInputEvent:51 android.view.InputEventReceiver.dispatchInputEvent:392 
05-08 11:58:24.879  1746  1783 I HYPER-HAL: [RequestManager.cpp]acquire(): Acquired ID : 26046183  [7187 / 30]    HINT : TA_TOUCH_SHARE    list : [TIMEOUT / 1500] 
05-08 11:58:24.880  2904  3108 D DisplayPowerController[0]: animateScreenStateChange: target=ON, mIsEnabled=true
05-08 11:58:24.880  2904  3032 I GestureDetector: obtain mCurrentDownEvent. id: -551655304 caller: com.android.server.wm.SystemPerformancePointerEventListener.onPointerEvent:13 com.android.server.wm.PointerEventDispatcher.onInputEvent:51 android.view.InputEventReceiver.dispatchInputEvent:392 
05-08 11:58:24.880 31202 31202 I VRI[MainActivity]@7e97e4f: ViewPostIme pointer 0
05-08 11:58:24.880  2904  3108 D DisplayPowerController[10]: animateScreenStateChange: target=ON, mIsEnabled=true
05-08 11:58:24.880  2904  3108 D PowerManagerService: displayReady: true groupId=0
05-08 11:58:24.953  2904  4048 D InputDispatcher: Inject motion (27103/2000): action=0x1, time=13981286000000, f=0x0, d=0 dsdx=1.000000 dtdx=0.000000
05-08 11:58:24.953  2904  3530 I InputDispatcher: Delivering touch to (31202): action: 0x1, f=0x0, d=0, 'a4cafe4', t=1 
05-08 11:58:24.954 31202 31202 I VRI[MainActivity]@7e97e4f: ViewPostIme pointer 1
05-08 11:58:24.954  2904  3032 I GestureDetector: obtain mCurrentMotionEventRaw. action: 1 id: -321922596
05-08 11:58:24.954  2904  3032 I GestureDetector: obtain mCurrentMotionEventRaw. action: 1 id: -321922596
05-08 11:58:24.995  4824 11921 I NearbyMediums: No BLE Fast/GATT advertisements found in the latest cycle.
05-08 11:58:24.995  4824 11921 I NearbyMediums: Current Tracked Scanning Clients are : {NearbyConnections.EnvironmentMonitor, NearbySharing}
05-08 11:58:25.007  2904  4048 I BatteryService_BatteryPropertiesRegistrar: [getProperty]id:4
05-08 11:58:25.007  2904  4048 I BatteryService_BatteryPropertiesRegistrar: [getProperty]prop.long:-9223372036854775808 ,prop.string:null
05-08 11:58:25.016  2904  4048 D InputDispatcher: Inject motion (27103/2000): action=0x9, time=13981349000000, f=0x0, d=0 dsdx=1.000000 dtdx=0.000000
05-08 11:58:25.016  2904  3530 I InputDispatcher: Delivering touch to (31202): action: 0x9, f=0x0, d=0, 'a4cafe4', t=1 
05-08 11:58:25.017  2904  3530 I InputDispatcher: Canceling stream: last source was TOUCHSCREEN | STYLUS and new event is MotionEvent
05-08 11:58:25.017  2904  3530 I InputDispatcher: Canceling pointers for device -1 in a4cafe4 com.johnny.neoreader/com.johnny.neoreader.MainActivity with event MotionEvent
05-08 11:58:25.017 31202 31202 I VRI[MainActivity]@7e97e4f: updatePointerIcon : PointerIcon{type=NOT_SPECIFIED, hotspotX=0.0, hotspotY=0.0}
05-08 11:58:25.017  2904  3530 I InputDispatcher: Delivering touch to (31202): action: 0xa, f=0x0, d=0, 'a4cafe4', t=1 
05-08 11:58:25.017  2904  3530 I InputDispatcher: Delivering touch to (31202): action: 0x9, f=0x0, d=0, 'a4cafe4', t=1 
05-08 11:58:25.017  2904  3530 I InputDispatcher: Canceling stream: last source was TOUCHSCREEN | STYLUS and new event is MotionEvent
05-08 11:58:25.017  2904  3530 I InputDispatcher: Canceling pointers for device -1 in [Gesture Monitor] PalmMotion with event MotionEvent
05-08 11:58:25.018  2904  3530 I InputDispatcher: Canceling stream: last source was TOUCHSCREEN | STYLUS and new event is MotionEvent
05-08 11:58:25.018  2904  3530 I InputDispatcher: Canceling pointers for device -1 in [Gesture Monitor] secinputdev with event MotionEvent
05-08 11:58:25.018  2904  3530 I InputDispatcher: Canceling stream: last source was TOUCHSCREEN | STYLUS and new event is MotionEvent
05-08 11:58:25.018  2904  3530 I InputDispatcher: Canceling pointers for device -1 in PointerEventDispatcher0 with event MotionEvent
05-08 11:58:25.018  2904  7359 W PointerChoreographer: Invalid device id -1. Cannot set pointer icon.
05-08 11:58:25.019 31202 31202 I VRI[MainActivity]@7e97e4f: updatePointerIcon : PointerIcon{type=NOT_SPECIFIED, hotspotX=0.0, hotspotY=0.0}
05-08 11:58:25.019  2904  7359 W PointerChoreographer: Invalid device id -1. Cannot set pointer icon.
05-08 11:58:25.045  2904  7359 D ActivityTaskManager: startActivityAsUser: callingPid=31202, callingUid=10583, caller=com.android.server.wm.ActivityTaskManagerService.startActivity:123 android.app.IActivityTaskManager$Stub.onTransact:1500 com.android.server.wm.ActivityTaskManagerService.onTransact:1 android.os.Binder.execTransactInternal:1457 android.os.Binder.execTransact:1401 <bottom of call stack> <bottom of call stack> 
05-08 11:58:25.049  2904  7359 D ActivityTaskManager: DesktopModeLaunchParamsModifier: task=null activity=null task null, skipping
05-08 11:58:25.049  2904  7359 D ActivityTaskManager: TaskLaunchParamsModifier:task=null activity=null display-area-from-source=DefaultTaskDisplayArea_d0@212906352 display-id=0 task-display-area-windowing-mode=1 suggested-display-area=DefaultTaskDisplayArea_d0@212906352
05-08 11:58:25.051  2904  7359 I AppsFilter: interaction: PackageSetting{ad76fb com.johnny.neoreader/10583} -> PackageSetting{a38b68 com.google.android.documentsui/10064} BLOCKED
05-08 11:58:25.052 31202 31202 I View    : setRequestedFrameRate frameRate=-4.0, this=com.getcapacitor.CapacitorWebView{586cfa7 VFEDHVC.. .F...... 0,0-1080,2340 #7f0800ce app:id/webview aid=1073741824}, caller=android.view.ViewGroup.setRequestedFrameRate:9952 WV.zf.p:1 WV.zg.h:117 WV.zg.onDraw:7 com.android.webview.chromium.WebViewChromium.onDraw:19 
05-08 11:58:25.053  2904  7359 W OptProp : Cannot read opt property android.window.PROPERTY_COMPAT_ALLOW_RESIZEABLE_ACTIVITY_OVERRIDES
05-08 11:58:25.053  2904  7359 W OptProp : Cannot read opt property android.window.PROPERTY_COMPAT_ALLOW_MIN_ASPECT_RATIO_OVERRIDE
05-08 11:58:25.054  2904  7359 D CompatChangeReporter: Compat change id reported: 358129114; UID 10583; state: ENABLED
05-08 11:58:25.054  2904  7359 D WindowManager: Transition is created, t=TransitionRecord{be48f85 id=-1 type=OPEN flags=0x0}, caller=com.android.server.wm.Transition.<init>:182 com.android.server.wm.TransitionController.createAndStartCollecting:106 com.android.server.wm.ActivityStarter.executeRequest:3515 com.android.server.wm.ActivityStarter.execute:1752 com.android.server.wm.ActivityTaskManagerService.startActivityAsUser:95 
05-08 11:58:25.055  2904  7359 D BLASTSyncEngine: SyncGroup is created, id=198, name=Transition-OPEN, caller=com.android.server.wm.BLASTSyncEngine$SyncGroup.<init>:52 com.android.server.wm.TransitionController.moveToCollecting:79 com.android.server.wm.TransitionController.createAndStartCollecting:109 com.android.server.wm.ActivityStarter.executeRequest:3515 com.android.server.wm.ActivityStarter.execute:1752 com.android.server.wm.ActivityTaskManagerService.startActivityAsUser:95 com.android.server.wm.ActivityTaskManagerService.startActivity:123 
05-08 11:58:25.055  2904  7359 W BLASTSyncEngine: setSyncMethod, id=198, method=0, caller=com.android.server.wm.TransitionController.moveToCollecting:91 com.android.server.wm.TransitionController.createAndStartCollecting:109 com.android.server.wm.ActivityStarter.executeRequest:3515 
05-08 11:58:25.055  2904  7359 V WindowManager: Start collecting in Transition: TransitionRecord{be48f85 id=198 type=OPEN flags=0x0}, caller=com.android.server.wm.TransitionController.createAndStartCollecting:109 com.android.server.wm.ActivityStarter.executeRequest:3515 com.android.server.wm.ActivityStarter.execute:1752 com.android.server.wm.ActivityTaskManagerService.startActivityAsUser:95 com.android.server.wm.ActivityTaskManagerService.startActivity:123 
05-08 11:58:25.055  2904  7359 V WindowManager: Collecting in transition 198: ActivityRecord{166318554 u0 com.google.android.documentsui/com.android.documentsui.picker.PickActivity, caller=com.android.server.wm.TransitionController.collect:7 com.android.server.wm.ActivityStarter.startActivityUnchecked:98 com.android.server.wm.ActivityStarter.executeRequest:3559 com.android.server.wm.ActivityStarter.execute:1752 com.android.server.wm.ActivityTaskManagerService.startActivityAsUser:95 
05-08 11:58:25.055  2904  7359 D ActivityTaskManager: DesktopModeLaunchParamsModifier: task=null activity=ActivityRecord{166318554 u0 com.google.android.documentsui/com.android.documentsui.picker.PickActivity t-1} task null, skipping
05-08 11:58:25.056  2904  7359 D ActivityTaskManager: TaskLaunchParamsModifier:task=null activity=ActivityRecord{166318554 u0 com.google.android.documentsui/com.android.documentsui.picker.PickActivity t-1} display-area-from-source=DefaultTaskDisplayArea_d0@212906352 display-id=0 task-display-area-windowing-mode=1 suggested-display-area=DefaultTaskDisplayArea_d0@212906352
05-08 11:58:25.056  2904  7359 D ActivityTaskManager: DesktopModeLaunchParamsModifier: task=Task{bc6a63b #535 type=standard A=10583:com.johnny.neoreader} activity=ActivityRecord{166318554 u0 com.google.android.documentsui/com.android.documentsui.picker.PickActivity t-1} non-desktop, skipping
05-08 11:58:25.056  2904  7359 D ActivityTaskManager: TaskLaunchParamsModifier:task=Task{bc6a63b #535 type=standard A=10583:com.johnny.neoreader} activity=ActivityRecord{166318554 u0 com.google.android.documentsui/com.android.documentsui.picker.PickActivity t-1} display-area-from-source=DefaultTaskDisplayArea_d0@212906352 display-id=0 task-display-area-windowing-mode=1 suggested-display-area=DefaultTaskDisplayArea_d0@212906352 inherit-from-source=fullscreen non-freeform-task-display-area display-area=DefaultTaskDisplayArea_d0@212906352 default-portrait freeform-size-mismatch=Rect(81, 553 - 999, 1723)
05-08 11:58:25.057  2904  7359 D ActivityTaskManager: DesktopModeLaunchParamsModifier: task=Task{bc6a63b #535 type=standard A=10583:com.johnny.neoreader} activity=ActivityRecord{166318554 u0 com.google.android.documentsui/com.android.documentsui.picker.PickActivity t-1} non-desktop, skipping
05-08 11:58:25.057  2904  4414 I SemDvfsHyPerManager: acquire hyper - AMS_APP_SWITCH/2904@23, type = -999
05-08 11:58:25.057  2904  7359 D ActivityTaskManager: TaskLaunchParamsModifier:task=Task{bc6a63b #535 type=standard A=10583:com.johnny.neoreader} activity=ActivityRecord{166318554 u0 com.google.android.documentsui/com.android.documentsui.picker.PickActivity t-1} display-area-from-source=DefaultTaskDisplayArea_d0@212906352 display-id=0 task-display-area-windowing-mode=1 suggested-display-area=DefaultTaskDisplayArea_d0@212906352 inherit-from-source=fullscreen non-freeform-task-display-area display-area=DefaultTaskDisplayArea_d0@212906352 default-portrait freeform-size-mismatch=Rect(81, 553 - 999, 1723)
05-08 11:58:25.057  1746  1783 I HYPER-HAL: [RequestManager.cpp]acquire(): Acquired ID : 4285151  [2904 / 23]    HINT : AMS_APP_SWITCH    list : 
05-08 11:58:25.057  2904  4414 D ActivityManagerPerformance: AMP_acquire() APP_SWITCH
05-08 11:58:25.058  2904  7359 W OptProp : Cannot read opt property android.window.PROPERTY_COMPAT_ALLOW_ORIENTATION_OVERRIDE
05-08 11:58:25.058  2904  5066 D FreecessController: restrictJobsByOlaf: restrict=true, uid=10064
05-08 11:58:25.058  1811  1966 I SurfaceFlinger: id=2887 createSurf, flag=84004, ActivityRecord{166318554 u0 com.google.android.documentsui/com.android.documentsui.picker.PickActivity t535}#2887
05-08 11:58:25.059 31202 31202 E chromium: [ERROR:components/page_load_metrics/browser/page_load_metrics_update_dispatcher.cc:179] Invalid first_paint 1.657 s for first_image_paint 1.615 s
05-08 11:58:25.060  2904  2904 D OlafRestriction:  olaf state update: state=true
05-08 11:58:25.060  2904  2904 D OlafRestriction:  sending trigger onRestrictionStateChanged msg.
05-08 11:58:25.061 31202 31202 I View    : setRequestedFrameRate frameRate=-4.0, this=com.getcapacitor.CapacitorWebView{586cfa7 VFEDHVC.. .F...... 0,0-1080,2340 #7f0800ce app:id/webview aid=1073741824}, caller=android.view.ViewGroup.setRequestedFrameRate:9952 WV.zf.p:1 WV.zg.h:117 WV.zg.onDraw:7 com.android.webview.chromium.WebViewChromium.onDraw:19 
05-08 11:58:25.062  2904  7359 V WindowManager: Checking theme of starting window: 0x7f15019f
05-08 11:58:25.062  2904  7359 V WindowManager: Translucent=false Floating=false ShowWallpaper=false Disable=false
05-08 11:58:25.062  2904  7359 D ActivityTaskManager: addStartingWindow: type=2 typeParameter=a8
05-08 11:58:25.062  2904  7359 V WindowManager: Creating SplashScreenStartingData
05-08 11:58:25.062  2904  7359 V WindowManager: Add starting ActivityRecord{166318554 u0 com.google.android.documentsui/com.android.documentsui.picker.PickActivity t535}: startingData=SplashScreenStartingData{52331a6 removeAfterTransaction= 0}
05-08 11:58:25.062  7187  7265 I FASProvider: makeValuesForFasUpdate contentValues = package_name=com.google.android.documentsui extras=0 reason=deleted_from_mars_auto disableReason=deleted_from_mars_auto disableResetTime=1778252305059 uid=10064 mode=0 level=1 resetTime=0
05-08 11:58:25.063  7187  7187 I SemDvfsHyPerManager: acquire hyper - APP_START_SHORT/7187@22, type = -999
05-08 11:58:25.064  2904  7359 V WindowManager: Added starting ActivityRecord{166318554 u0 com.google.android.documentsui/com.android.documentsui.picker.PickActivity t535}: startingWindow=null startingView=com.android.server.wm.StartingSurfaceController$StartingSurface@580e7e7
05-08 11:58:25.065  2904  7359 D ActivityTaskManager: scheduleTopResumedActivityChanged, onTop=false, r=ActivityRecord{122816465 u0 com.johnny.neoreader/.MainActivity t535}, caller=com.android.server.wm.ActivityTaskSupervisor.scheduleTopResumedActivityStateLossIfNeeded:19 com.android.server.wm.ActivityTaskSupervisor.updateTopResumedActivityIfNeeded:20 com.android.server.wm.TaskFragment.setResumedActivity:30 com.android.server.wm.ActivityRecord.setState:91 com.android.server.wm.TaskFragment.startPausing$1:209 com.android.server.wm.TaskFragment.resumeTopActivity:699 
05-08 11:58:25.067  1811  1811 D SurfaceFlinger: GPIS:: requestGPISForClientComposition
05-08 11:58:25.067  2904  7359 V WindowManager: Collecting in transition 198: ActivityRecord{166318554 u0 com.google.android.documentsui/com.android.documentsui.picker.PickActivity t535}, caller=com.android.server.wm.Transition.collectExistenceChange:40 com.android.server.wm.ActivityStarter.handleStartResult:761 com.android.server.wm.ActivityStarter.startActivityUnchecked:124 com.android.server.wm.ActivityStarter.executeRequest:3559 com.android.server.wm.ActivityStarter.execute:1752 
05-08 11:58:25.067  2904  7359 V WindowManager: Requesting StartTransition: TransitionRecord{be48f85 id=198 type=OPEN flags=0x0 c=[
05-08 11:58:25.067  2904  7359 V WindowManager:    ChangeInfo{f6a2a3d container=Display{#0 state=ON size=1080x2340 ROTATION_0} flags=0x0}
05-08 11:58:25.067  2904  7359 V WindowManager:    ChangeInfo{140c232 container=ActivityRecord{166318554 u0 com.google.android.documentsui/com.android.documentsui.picker.PickActivity t535} flags=0x0}
05-08 11:58:25.067  2904  7359 V WindowManager:    ChangeInfo{86a1b83 container=Task{bc6a63b #535 type=standard A=10583:com.johnny.neoreader} flags=0x0}
05-08 11:58:25.067  2904  7359 V WindowManager:    ChangeInfo{3e1d100 container=DefaultTaskDisplayArea_d0@212906352 flags=0x0}
05-08 11:58:25.067  2904  7359 V WindowManager: ]
05-08 11:58:25.067  2904  7359 V WindowManager: }, caller=com.android.server.wm.ActivityStarter.handleStartResult:982 com.android.server.wm.ActivityStarter.startActivityUnchecked:124 com.android.server.wm.ActivityStarter.executeRequest:3559 com.android.server.wm.ActivityStarter.execute:1752 com.android.server.wm.ActivityTaskManagerService.startActivityAsUser:95 
05-08 11:58:25.068  2904  7359 I Pageboost: stop alp
05-08 11:58:25.069  2904  7359 I ActivityTaskManager: START u0 {act=android.intent.action.OPEN_DOCUMENT cat=[android.intent.category.OPENABLE] typ=*/* flg=0x41 xflg=0x4 cmp=com.google.android.documentsui/com.android.documentsui.picker.PickActivity (has extras)} with LAUNCH_MULTIPLE from uid 10583 (rr=122816465) (BAL_ALLOW_VISIBLE_WINDOW) result code=0
05-08 11:58:25.069  2904  7359 I SemDvfsHyPerManager: acquire hyper - AMS_APP_LAUNCH/2904@20, type = -999
05-08 11:58:25.070  7187  7187 I SemDvfsHyPerManager: acquire hyper - APP_START/7187@24, type = -999
05-08 11:58:25.070  5039  5039 E pageboostd: Received HALT command code 2
05-08 11:58:25.074  1746  1783 I HYPER-HAL: [RequestManager.cpp]acquire(): Acquired ID : 25988467  [7187 / 22]    HINT : APP_START    list : [TIMEOUT / 1500] 
05-08 11:58:25.074  1811  4904 D NativeSemDvfsManager: acquire:: timeout = 2000 mIsAcquired = 1  mTagName : SurfaceFlinger 
05-08 11:58:25.075  1811  4904 E NativeCustomFrequencyManager: [NativeCFMS] BpCustomFrequencyManager::acquire()
05-08 11:58:25.075  1811  1811 I SurfaceFlinger: [ActivityRecord{166318554 u0 com.google.android.documentsui/com.android.documentsui.picker.PickActivity t535}#2887] attach to parent LayerHierarchy{RequestedLayerState{Task=535#2854 parentId=10 z=18} 2 children}
05-08 11:58:25.076  1746  1783 I HYPER-HAL: [RequestManager.cpp]acquire(): Acquired ID : 4276370  [2904 / 20]    HINT : AMS_APP_LAUNCH    list : 
05-08 11:58:25.076  3847  3948 V WindowManagerShell: Transition requested (#198): android.os.BinderProxy@32daaa3 TransitionRequestInfo { type = OPEN, triggerTask = TaskInfo{userId=0 taskId=535 effectiveUid=10583 displayId=0 isRunning=true baseIntent=Intent { flg=0x10000000 cmp=com.johnny.neoreader/.MainActivity } baseActivity=ComponentInfo{com.johnny.neoreader/com.johnny.neoreader.MainActivity} topActivity=ComponentInfo{com.google.android.documentsui/com.android.documentsui.picker.PickActivity} origActivity=null realActivity=ComponentInfo{com.johnny.neoreader/com.johnny.neoreader.MainActivity} numActivities=2 lastActiveTime=14691486 supportsMultiWindow=true resizeMode=1 isResizeable=true minWidth=-1 minHeight=-1 maxWidth=-1 maxHeight=-1 defaultMinSize=220 desktopDefaultMinSize=304 token=WCT{android.window.IWindowContainerToken$Stub$Proxy@18181a0} topActivityType=1 pictureInPictureParams=null shouldDockBigOverlays=false launchIntoPipHostTaskId=-1 lastParentTaskIdBeforePip=-1 displayCutoutSafeInsets=Rect(0, 0 - 0, 0) topActivityInfo=ActivityInfo{b632159 com.android.documentsui.picker.PickActivity} launchCookies=[] positionInParent=Point(0, 0) parentTaskId=-1 isFocused=true isVisible=true isVisibleRequested=true isTopActivityNoDisplay=false isSleeping=false locusId=null displayAreaFeatureId=1 isTopActivityTransparent=false isActivityStackTransparent=false lastNonFullscreenBounds=Rect(81, 553 - 999, 1723) capturedLink=null capturedLinkTimestamp=0 requestedVisibleTypes=-9 topActivityRequestOpenInBrowserEducationTimestamp=0 appCompatTaskInfo=AppCompatTaskInfo { topActivityInSizeCompat=false eligibleForLetterboxEducation= false isLetterboxEducationEnabled= false isLetterboxDoubleTapEnabled= false eligibleForUserAspectRatioButton= false topActivityBoundsLetterboxed= false isFromLetterboxDoubleTap= false topActivityLetterboxVerticalPosition= -1 topActivityLetterboxHorizontalPosition= -1 topActivityLetterboxWidth=-1 topActivityLetterboxHeight=-1 topActivityAppBounds=Rect(0, 0 - 1080, 2340) isUserFullscreenOverrideEnabled=false isSystemFullscreenOverrideEnabled=false hasMinAspectRatioOverride=false topActivityLetterboxBounds=null cameraCompatTaskInfo=CameraCompatTaskInfo { freeformCameraCompatMode=inactive} topActivityBounds=null topActivityInDisplayCompat=false singleTapFromLetterbox=false} topActivityMainWindowFrame=null originallySupportedMultiWindow=true hasWallpaper=false rootAffinity=10583:com.johnny.neoreader isTopTaskInStage=false CoverLauncherWidgetTask=false LaunchedFromAppsCoverLauncherTask=false LaunchedFromMultistarCoverLauncherTask=false isAllowedSeamlessRotation=false isTopTransparentActivity=false isAliasManaged=false hasConfigChanged=false snappingGuideBounds=null isAiKeyRemoveAppTask=false lastDesktopWindowingBounds=null lastExternalDesktopWindowingBounds=null safeCutoutInsets=null}, pipChange = null, remoteTransition = null, displayChange = null, flags = 0, debugId = 198 }
05-08 11:58:25.078  3847  3948 V ShellDesktopMode: DesktopTasksController: isDesktopModeShowing: hasVisibleTasks=false hasTopTransparentFullscreenTask=false
05-08 11:58:25.078  1746  1783 I HYPER-HAL: [RequestManager.cpp]acquire(): Acquired ID : 26002890  [7187 / 24]    HINT : APP_START    list : 
05-08 11:58:25.079  1746  1783 I HYPER-HAL: [RequestManager.cpp]acquire(): Acquired ID : 3953266  [1811 / 1000]    HINT : SF_GPU_MINLOCK    list : [TIMEOUT / 2000] 
05-08 11:58:25.080  3847  3948 V ShellDesktopMode: DesktopTasksController: isDesktopModeShowing: hasVisibleTasks=false hasTopTransparentFullscreenTask=false
05-08 11:58:25.080  3847  3948 D ShellSplitScreen: logExit: no-op, mLoggerSessionId is null
05-08 11:58:25.080  3847  3948 D ShellDesktopMode: handleRequest: TransitionRequestInfo {type=1, tid=535, debugId=198}
05-08 11:58:25.082  3847  3948 V ShellDesktopMode: DesktopTasksController: handleFullscreenTaskLaunch
05-08 11:58:25.083  3847  3948 V ShellDesktopMode: DesktopTasksController: isDesktopModeShowing: hasVisibleTasks=false hasTopTransparentFullscreenTask=false
05-08 11:58:25.083  3847  3948 V ShellDesktopMode: DesktopTasksController: handleRequest result=null
05-08 11:58:25.084  1811  2047 I VSyncReactor: Current= 120, Period= 120, hwcPeriod= 120
05-08 11:58:25.084  2904  7170 V WindowManager: Starting Transition 198, caller=com.android.server.wm.WindowOrganizerController.startTransition:47 com.android.server.wm.WindowOrganizerController.startTransition:1 android.window.IWindowOrganizerController$Stub.onTransact:259 
05-08 11:58:25.087  1653  1653 D Zygote  : Forked child process 20151
05-08 11:58:25.089  2904  3053 I ActivityManager: Start proc 20151:com.google.android.documentsui/u0a64 for next-top-activity {com.google.android.documentsui/com.android.documentsui.picker.PickActivity}
05-08 11:58:25.089  2904  3053 I ActivityManager: ProcessObserver broadcast disabled
05-08 11:58:25.092  1811  1811 I SurfaceFlinger: [Display 0 name="Tela integrada"#49] setFrameRateCategory: High
05-08 11:58:25.093  1811  1811 I BpBinder: onLastStrongRef automatically unlinking death recipients: 
05-08 11:58:25.095  2904  3034 I DisplayDeviceRepository: Display device changed render timings: "Tela integrada", renderFrameRate=120.00001, presentationDeadlineNanos=9233333, appVsyncOffsetNanos=8333333, frameRateOverrides=[{uid=10047 frameRateHz=120.00001}, {uid=10145 frameRateHz=120.00001}, {uid=10583 frameRateHz=120.00001}]
05-08 11:58:25.096  2904  3035 D SurfaceComposerClient: setCornerRadius ## a4cafe4 com.johnny.neoreader/com.johnny.neoreader.MainActivity#2862 cornerRadius=0.000000
05-08 11:58:25.098  4327 21881 I HoneySpace.Memory-Monitor: current state = 2, didTrim = false
05-08 11:58:25.099  3847  3993 D StackScroller: onDisplayChanged for predraw skip to 2
05-08 11:58:25.100  2904  4048 D WifiDisplayAdapter: isFitToActiveDisplayLocked : false
05-08 11:58:25.102  3847  3847 D DisplayLifecycle: updateDisplay id = 0
05-08 11:58:25.103  2217 15654 I CameraService: onUidStateChanged: uid=10047, procState is changed. (0 -> 1)
05-08 11:58:25.105 20151 20151 I oid.documentsui: Using CollectorTypeCMC GC.
05-08 11:58:25.106  3847  3988 D ViewRootImpl: desktopMode is false
05-08 11:58:25.109 20151 20151 D nativeloader: Load libframework-connectivity-tiramisu-jni.so using APEX ns com_android_tethering for caller /apex/com.android.tethering/javalib/framework-connectivity-t.jar: ok
05-08 11:58:25.111 20151 20151 D ActivityThread: setConscryptValidator
05-08 11:58:25.111 20151 20151 D ActivityThread: setConscryptValidator - put
05-08 11:58:25.114  2904  3603 D WifiStaIfaceHidlImpl: getCachedScanData is not implemented by HIDL
05-08 11:58:25.115  2904  4048 I ActivityManager: Changes in 10064 20 to 2, 0 to 255
05-08 11:58:25.116  3847  3988 I ViewRootImpl: dVRR is disabled
05-08 11:58:25.117  2904  3032 D SGM:GameManager: identifyForegroundApp. com.johnny.neoreader, mCurrentUserId: 0, callerUserId: 0
05-08 11:58:25.117  2904  3032 D SGM:SemGameManager: isForegroundGame(), ret=false
05-08 11:58:25.117  2904  5738 D SemWifiUsabilityStatsMonitor: onWifiUsabilityStats - seqNum 3650, isSameBssidAndFreq true
05-08 11:58:25.118  2904  3600 V NetworkPolicy: getFirewallRuleWifi UID:10064 policy:0
05-08 11:58:25.119  2904  3689 D BackgroundInstallControlService: Package event received: 0
05-08 11:58:25.120  2904  3032 D PkgPredictorService-SecIpmManagerServiceImpl: onForegroundActivitiesChanged pid:20151 uid:10064
05-08 11:58:25.121  2904  4944 V PkgPredictorService-SecIpmManagerServiceImpl: discard foreground app:com.google.android.documentsui 1|true
05-08 11:58:25.122  2904  3032 D SGM:GameManager: identifyForegroundApp. com.johnny.neoreader, mCurrentUserId: 0, callerUserId: 0
05-08 11:58:25.122  2904  3032 D SGM:SemGameManager: isForegroundGame(), ret=false
05-08 11:58:25.122  3847  4030 D NativeCustomFrequencyManager: [NativeCFMS] BpCustomFrequencyManager::BpCustomFrequencyManager()
05-08 11:58:25.122  2904  3032 D NetworkPolicy: already checked 10064
05-08 11:58:25.124  2904  4383 D InputTransport: Input channel constructed: '1091f53', fd=1427
05-08 11:58:25.124  2904  4383 D InputTransport: Input channel constructed: '1091f53', fd=1443
05-08 11:58:25.124  2904  4383 D InputTransport: Input channel constructed: '1091f53', fd=1492
05-08 11:58:25.124  2904  4383 D InputTransport: Input channel destroyed: '1091f53', fd=1443
05-08 11:58:25.124  2904  4383 D WindowManager: prepareSync <SYNC_STATE_WAITING_FOR_DRAW>, mPrepareSyncSeqId=0, win=Window{1091f53 u0 Splash Screen com.google.android.documentsui}
05-08 11:58:25.125  1811  2180 I SurfaceFlinger: id=2888 createSurf, flag=84004, 1091f53 Splash Screen com.google.android.documentsui#2888
05-08 11:58:25.125  1811  1811 I SurfaceFlinger: [1091f53 Splash Screen com.google.android.documentsui#2888] attach to parent LayerHierarchy{RequestedLayerState{ActivityRecord{166318554 u0 com.google.android.documentsui/com.android.documentsui.picker.PickActivity t535}#2887 parentId=2854} 1 children}
05-08 11:58:25.127  6292  6309 V OsAgent : broadcastSystemEvent - 7
05-08 11:58:25.127  4054  4054 I EPDG -- SIM1 [SMARTWIFI]: isProfiling, hash=40983672, started=true
05-08 11:58:25.128  4054  4054 I EPDG -- SIM1 [SMARTWIFI]: isWifiRssiLessOrEqualsHandoverThreshold: received rssi is: -34 handover threshold is: -100
05-08 11:58:25.128  4054  4054 I EPDG -- SIM1 [SMARTWIFI]: isProfiling, hash=40983672, started=true
05-08 11:58:25.129  4054  4054 I EPDG -- SIM1 [SMARTWIFI]: Rssi : -34 highrange : -101 lowrange : -100 mIsRssiInHystersis : false
05-08 11:58:25.129  4054  4054 I EPDG -- SIM1 [SMARTWIFI]: Rssi : -34 highrange : -101 lowrange : -100 mIsRssiInHystersis : false
05-08 11:58:25.129  4054  4054 I EPDG -- SIM1 [SMARTWIFI]: getHandoverThresholdMet: value is: false
05-08 11:58:25.129  4054  4054 I EPDG -- SIM0 [SMARTWIFI]: isProfiling, hash=74940747, started=true
05-08 11:58:25.129  4054  4054 I EPDG -- SIM0 [SMARTWIFI]: isProfiling, hash=74940747, started=true
05-08 11:58:25.129  4054  4054 I EPDG -- SIM0 [SMARTWIFI]: Rssi : -34 highrange : -75 lowrange : -82 mIsRssiInHystersis : false
05-08 11:58:25.129  4054  4054 I EPDG -- SIM0 [SMARTWIFI]: Rssi : -34 highrange : -75 lowrange : -82 mIsRssiInHystersis : false
05-08 11:58:25.129  4054  4054 I EPDG -- SIM0 [SMARTWIFI]: getHandoverThresholdMet: value is: false
05-08 11:58:25.130  2904  3530 I InputDispatcher: Not sending touch event to a4cafe4 com.johnny.neoreader/com.johnny.neoreader.MainActivity because it is paused
05-08 11:58:25.130  2904  3530 I InputDispatcher: Delivering touch to (31202): action: 0xa, f=0x0, d=0, 'a4cafe4', t=1 
05-08 11:58:25.130 31202 31202 I View    : setRequestedFrameRate frameRate=-4.0, this=com.getcapacitor.CapacitorWebView{586cfa7 VFEDHVC.. .F...... 0,0-1080,2340 #7f0800ce app:id/webview aid=1073741824}, caller=android.view.ViewGroup.setRequestedFrameRate:9952 WV.zf.p:1 WV.zg.h:117 WV.zg.onDraw:7 com.android.webview.chromium.WebViewChromium.onDraw:19 
05-08 11:58:25.133  2904  4383 D RestrictionPolicy: isScreenCaptureEnabled : ret=true userId=0
05-08 11:58:25.133  2904  4383 V WindowManager: addWindow: ActivityRecord{166318554 u0 com.google.android.documentsui/com.android.documentsui.picker.PickActivity t535} startingWindow=Window{1091f53 u0 Splash Screen com.google.android.documentsui}
05-08 11:58:25.133 20151 20151 W oid.documentsui: Failed to find entry 'classes.dex': Entry not found
05-08 11:58:25.134 20151 20151 D nativeloader: Configuring clns-9 for other apk /data/app/~~Yxq6tTA05g5F3g6WmP2CcQ==/com.google.android.documentsui-Fo_BLa5lVOnQnoUc0l8w5Q==/base.apk:/data/app/~~Yxq6tTA05g5F3g6WmP2CcQ==/com.google.android.documentsui-Fo_BLa5lVOnQnoUc0l8w5Q==/split_config.xxhdpi.apk. target_sdk_version=36, uses_libraries=, library_path=/data/app/~~Yxq6tTA05g5F3g6WmP2CcQ==/com.google.android.documentsui-Fo_BLa5lVOnQnoUc0l8w5Q==/lib/arm64, permitted_path=/data:/mnt/expand:/data/user/0/com.google.android.documentsui
05-08 11:58:25.137  2904  4383 D InputTransport: Input channel destroyed: '1091f53', fd=1492
05-08 11:58:25.138 20151 20151 V GraphicsEnvironment: Currently set values for:
05-08 11:58:25.138 20151 20151 V GraphicsEnvironment:   angle_gl_driver_selection_pkgs=[]
05-08 11:58:25.138 20151 20151 V GraphicsEnvironment:   angle_gl_driver_selection_values=[]
05-08 11:58:25.138 20151 20151 V GraphicsEnvironment: com.google.android.documentsui is not listed in per-application setting
05-08 11:58:25.138 20151 20151 V GraphicsEnvironment: ANGLE allowlist from config: 
05-08 11:58:25.138 20151 20151 V GraphicsEnvironment: com.google.android.documentsui is not listed in ANGLE allowlist or settings, returning default
05-08 11:58:25.138  3847  3988 D InputTransport: Input channel constructed: '1091f53', fd=952
05-08 11:58:25.139  3847  3988 I InsetsController: onStateChanged: host=Splash Screen com.google.android.documentsui, from=android.view.ViewRootImpl.onInsetsStateChanged:3026, state=InsetsState: {mDisplayFrame=Rect(0, 0 - 1080, 2340), mDisplayCutout=DisplayCutout{insets=Rect(0, 81 - 0, 0) waterfall=Insets{left=0, top=0, right=0, bottom=0} boundingRect={Bounds=[Rect(0, 0 - 0, 0), Rect(512, 0 - 568, 81), Rect(0, 0 - 0, 0), Rect(0, 0 - 0, 0)]} cutoutPathParserInfo={CutoutPathParserInfo{displayWidth=1080 displayHeight=2340 physicalDisplayWidth=1080 physicalDisplayHeight=2340 density={3.0} cutoutSpec={M 0,0 H -9.333333333333333‬ V 27 H 9.333333333333333‬ V 0 H 0 Z @dp} rotation={0} scale={1.0} physicalPixelDisplaySizeRatio={1.0}}} sideOverrides={}}, mRoundedCorners=RoundedCorners{[RoundedCorner{position=TopLeft, radius=108, center=Point(108, 108)}, RoundedCorner{position=TopRight, radius=108, center=Point(972, 108)}, RoundedCorner{position=BottomRight, radius=108, center=Point(972, 2232)}, RoundedCorner{position=BottomLeft, radius=108, center=Point(108, 2232)}]}  mRoundedCornerFrame=Rect(0, 0 - 1080, 2340), mPrivacyIndicatorBounds=PrivacyIndicatorBounds {static bounds=Rect(948, 0 - 1080, 81) rotation=0}, mDisplayShape=DisplayShape{ spec=-311912193 displayWidth=1080 displayHeight=2340 physicalPixelDisplaySizeRatio=1.0 rotation=0 offsetX=0 offsetY=0 scale=1.0}, mSources= { InsetsSource: {c51e0000 mType=statusBars mFrame=[0,0][1080,81] mVisible=true mFlags= mSideHint=TOP mBoundingRects=null}, InsetsSource: {c51e0005 mType=mandatorySystemGestures mFrame=[0,0][1080,117] mVisible=true mFlags= mSideHint=TOP mBoundingRects=null}, InsetsSource: {c51e0006 mType=tappableElement mFrame=[0,0][1080,81] mVisible=true mFlags= mSideHint=TOP mBoundingRects=null}, InsetsSource: {27 mType=displayCutout mFrame=[0,0][1080,81] mVisible=true mFlags= mSideHint=TOP mBoundingRects=null}, InsetsSource: {502d0001 mType=navigationBars mFrame=[0,2196][1080,2340] mVisible=true mFlags= mSideHint=BOTTOM mBoundingRects=null}, InsetsSource: {502d0004 mType=systemGestures mFrame=[0,0][0,0] mVisible=true mFlags= mSideHint=NONE mBoundingRects=null}, InsetsSource: {502d0005 mType=mandatorySystemGestures mFrame=[0,2196][1080,2340] mVisible=true mFlags= mSideHint=BOTTOM mBoundingRects=null}, InsetsSource: {502d0006 mType=tappableElement mFrame=[0,2196][1080,2340] mVisible=true mFlags= mSideHint=BOTTOM mBoundingRects=null}, InsetsSource: {502d0024 mType=systemGestures mFrame=[0,0][0,0] mVisible=true mFlags= mSideHint=NONE mBoundingRects=null} }
05-08 11:58:25.139  3847  3988 I VRI[documentsui]@90d17cc: onActiveControlsChanged, removed=false, mAdded=true, caller=android.view.ViewRootImpl.handleInsetsControlChanged:3002 android.view.ViewRootImpl.setView:2014 android.view.WindowManagerGlobal.addView:604 com.android.wm.shell.startingsurface.SplashscreenWindowCreator.addWindow:38 com.android.wm.shell.startingsurface.StartingWindowController$$ExternalSyntheticLambda4.run:1365 
05-08 11:58:25.139  3847  3988 I VRI[documentsui]@90d17cc: synced displayState. AttachInfo displayState=2
05-08 11:58:25.140  2904  3736 D SemWifiSwitchForIndividualAppsService: isPackageException - result:3, com.google.android.documentsui
05-08 11:58:25.141 20151 20151 D FlagUtils: override flag com.android.documentsui.flags.use_material3 to false
05-08 11:58:25.142  3847  3988 I VRI[documentsui]@90d17cc: setView = android.widget.FrameLayout@95bcb1b IsHRR=false mFlingFrameRateChange=0 TM=true
05-08 11:58:25.145 20151 20151 W UserManagerState: Package com.google.android.documentsui not found for user UserHandle{95}
05-08 11:58:25.145 20151 20151 W UserManagerState: Package com.google.android.documentsui is not installed for user UserHandle{95}
05-08 11:58:25.147  2904  3034 D SGM:FgCheckThread: notePauseComponent(), received pkgName: com.johnny.neoreader, userId: 0
05-08 11:58:25.148  3847  4030 D HWUI    : HWUI - treat SMPTE_170M as sRGB
05-08 11:58:25.148  2904  3943 V WindowManager: Collecting in transition 198: ActivityRecord{166318554 u0 com.google.android.documentsui/com.android.documentsui.picker.PickActivity t535}, caller=com.android.server.wm.TransitionController.collect:7 com.android.server.wm.ActivityRecord.setVisibility:132 com.android.server.wm.ActivityRecord.makeVisibleIfNeeded:36 com.android.server.wm.EnsureActivitiesVisibleHelper.process:538 com.android.server.wm.TaskFragment.updateActivityVisibilities:12 
05-08 11:58:25.148  2904  3943 V WindowManager: Collecting in transition 198: ActivityRecord{122816465 u0 com.johnny.neoreader/.MainActivity t535}, caller=com.android.server.wm.TransitionController.collect:7 com.android.server.wm.ActivityRecord.setVisibility:132 com.android.server.wm.ActivityRecord.makeInvisible:32 com.android.server.wm.EnsureActivitiesVisibleHelper.process:542 com.android.server.wm.TaskFragment.updateActivityVisibilities:12 
05-08 11:58:25.148  2904  3943 D WindowManager: prepareSync <SYNC_STATE_WAITING_FOR_DRAW>, mPrepareSyncSeqId=0, win=Window{a4cafe4 u0 com.johnny.neoreader/com.johnny.neoreader.MainActivity}
05-08 11:58:25.149  2904  3943 V WindowManager: rotationForOrientation(orient=SCREEN_ORIENTATION_UNSPECIFIED (-1), last=ROTATION_0 (0)); user=ROTATION_0 (0) USER_ROTATION_LOCKED
05-08 11:58:25.149  2904  3943 D WindowManager: rotationForOrientation, orientationSource=ActivityRecord{166318554 u0 com.google.android.documentsui/com.android.documentsui.picker.PickActivity t535}
05-08 11:58:25.149  2904  3943 V WindowManager: Computed rotation=ROTATION_0 (0) for display id=0 based on lastOrientation=SCREEN_ORIENTATION_UNSPECIFIED (-1) and oldRotation=ROTATION_0 (0), caller=com.android.server.wm.DisplayRotation.updateOrientation:79 com.android.server.wm.DisplayContent.updateOrientation:41 com.android.server.wm.DisplayContent.updateOrientationAndComputeConfig:48 com.android.server.wm.RootWindowContainer.ensureVisibilityAndConfig:7 com.android.server.wm.ActivityTaskSupervisor.realStartActivityLocked:182 com.android.server.wm.ActivityTaskSupervisor.startSpecificActivity:27 
05-08 11:58:25.149  2904  3943 V WindowManager: Collecting in transition 198: ActivityRecord{166318554 u0 com.google.android.documentsui/com.android.documentsui.picker.PickActivity t535}, caller=com.android.server.wm.TransitionController.collect:7 com.android.server.wm.ActivityRecord.setVisibility:132 com.android.server.wm.ActivityTaskSupervisor.realStartActivityLocked:203 com.android.server.wm.ActivityTaskSupervisor.startSpecificActivity:27 com.android.server.wm.TaskFragment.resumeTopActivity:2089 
05-08 11:58:25.150  2904  3943 D SGM:FgCheckThread: notifyAppCreated(), packageName: com.google.android.documentsui, userId: 0, sendRet: true
05-08 11:58:25.150  2904  3553 D SGM:FgCheckThread: onLooperPrepared(), msg: MSG_APP_CREATE, pkgName: com.google.android.documentsui, userId: 0
05-08 11:58:25.152  2904  3943 D InputDispatcher: Focused application(0): ActivityRecord{166318554 u0 com.google.android.documentsui/com.android.documentsui.picker.PickActivity t535}
05-08 11:58:25.152  2904  3943 D WindowManager: Changing focus from Window{a4cafe4 u0 com.johnny.neoreader/com.johnny.neoreader.MainActivity} to null displayId=0 Callers=com.android.server.wm.ActivityTaskManagerService.setLastResumedActivityUncheckLocked:264 com.android.server.wm.ActivityTaskSupervisor.updateTopResumedActivityIfNeeded:51 com.android.server.wm.TaskFragment.setResumedActivity:30 com.android.server.wm.ActivityRecord.setState:100 
05-08 11:58:25.153  2904  3943 V SystemKeyManager: updateFocusedWindow() is called, 
05-08 11:58:25.153  2904  3943 D ActivityTaskManager: scheduleTopResumedActivityChanged, onTop=true, r=ActivityRecord{166318554 u0 com.google.android.documentsui/com.android.documentsui.picker.PickActivity t535}, caller=com.android.server.wm.ActivityTaskSupervisor.scheduleTopResumedActivityStateIfNeeded:18 com.android.server.wm.ActivityTaskSupervisor.updateTopResumedActivityIfNeeded:54 com.android.server.wm.TaskFragment.setResumedActivity:30 com.android.server.wm.ActivityRecord.setState:100 com.android.server.wm.ActivityTaskSupervisor.realStartActivityLocked:477 com.android.server.wm.ActivityTaskSupervisor.startSpecificActivity:27 
05-08 11:58:25.153  2904  3943 D BLASTSyncEngine: SyncGroup 198: Set ready true, caller=com.android.server.wm.BLASTSyncEngine.setReady:32 com.android.server.wm.Transition.applyReady:54 com.android.server.wm.Transition.setReady:72 com.android.server.wm.TransitionController.setReady:6 com.android.server.wm.DisplayContent.executeAppTransition:4 com.android.server.wm.ActivityRecord.completeResumeLocked:115 
05-08 11:58:25.153  2904  3943 D WindowManagerServiceExt: updateTaskbarTargetIfNeeded: cn=ComponentInfo{com.google.android.documentsui/com.android.documentsui.picker.PickActivity} occludesParent=true isInSplitScreenMode=false
05-08 11:58:25.153 20151 20165 W ThemeOverlayManager: Skip enabled overlay package:com.google.android.overlay.modules.documentsui, user:UserHandle{0}
05-08 11:58:25.154  2904  3943 D SurfaceComposerClient: setCornerRadius ## 1091f53 Splash Screen com.google.android.documentsui#2888 cornerRadius=0.000000
05-08 11:58:25.154  2904  3943 D SurfaceComposerClient: setCornerRadius ## 1091f53 Splash Screen com.google.android.documentsui#2888 cornerRadius=0.000000
05-08 11:58:25.154  2904  3943 D BLASTSyncEngine: SyncGroup 198:  Unfinished container: ActivityRecord{166318554 u0 com.google.android.documentsui/com.android.documentsui.picker.PickActivity t535} mSyncState=2
05-08 11:58:25.155 31202 31202 E chromium: [ERROR:components/page_load_metrics/browser/page_load_metrics_update_dispatcher.cc:179] Invalid first_paint 1.657 s for first_image_paint 1.615 s
05-08 11:58:25.154  7187  7265 I FASProvider: makeValuesForFasUpdate contentValues = package_name=com.google.android.documentsui extras=0 reason=deleted_from_mars_auto disableReason=deleted_from_mars_auto disableResetTime=1778252305147 uid=10064 mode=0 level=1 resetTime=0
05-08 11:58:25.156  2904  4048 D CoreBackPreview: Window{1091f53 u0 Splash Screen com.google.android.documentsui}: Setting back callback OnBackInvokedCallbackInfo{mCallback=android.window.IOnBackInvokedCallback$Stub$Proxy@250b4c1, mPriority=0, mIsAnimationCallback=false, mOverrideBehavior=0}
05-08 11:58:25.156  2904  7365 I WindowManager: Relayout Window{1091f53 u0 Splash Screen com.google.android.documentsui}: viewVisibility=0 req=1080x2340 ty=3 d0
05-08 11:58:25.156  1811  2180 I SurfaceFlinger: id=2889 createSurf, flag=44004, Splash Screen com.google.android.documentsui$_3847#2889
05-08 11:58:25.157  2904  3680 I CocktailBarManagerServiceContainer: handleMessage: entry what = 6
05-08 11:58:25.157  2904  7365 D WindowManager: makeSurface duration=1 name=Splash Screen com.google.android.documentsui$_3847
05-08 11:58:25.158  2904  7365 D SurfaceComposerClient: setCornerRadius ## 1091f53 Splash Screen com.google.android.documentsui#2888 cornerRadius=0.000000
05-08 11:58:25.158  2904  7365 D SurfaceComposerClient: setCornerRadius ## 1091f53 Splash Screen com.google.android.documentsui#2888 cornerRadius=0.000000
05-08 11:58:25.158  2904  7365 D BLASTSyncEngine: SyncGroup 198:  Unfinished container: ActivityRecord{166318554 u0 com.google.android.documentsui/com.android.documentsui.picker.PickActivity t535} mSyncState=2
05-08 11:58:25.158  2904  7365 I WindowManager: Relayout hash=1091f53, pid=3847, syncId=-1: mAttrs={(0,0)(fillxfill) sim={adjust=pan} layoutInDisplayCutoutMode=always ty=APPLICATION_STARTING fmt=TRANSLUCENT wanim=0x1030306
05-08 11:58:25.158  2904  7365 I WindowManager:   fl=81030118
05-08 11:58:25.158  2904  7365 I WindowManager:   pfl=10000810
05-08 11:58:25.158  2904  7365 I WindowManager:   bhv=1
05-08 11:58:25.158  2904  7365 I WindowManager:   fitSides=0
05-08 11:58:25.158  2904  7365 I WindowManager:   frameRateBoostOnTouch=true
05-08 11:58:25.158  2904  7365 I WindowManager:   dvrrWindowFrameRateHint=true naviIconColor=0}
05-08 11:58:25.159  1811  1811 I SurfaceFlinger: [Splash Screen com.google.android.documentsui$_3847#2889] attach to parent LayerHierarchy{RequestedLayerState{1091f53 Splash Screen com.google.android.documentsui#2888 parentId=2887} 1 children}
05-08 11:58:25.159  2904  3689 D BackgroundInstallControlService: Package event received: 0
05-08 11:58:25.159  3847  3988 I InsetsController: onStateChanged: host=Splash Screen com.google.android.documentsui, from=android.view.ViewRootImpl.onInsetsStateChanged:3026, state=InsetsState: {mDisplayFrame=Rect(0, 0 - 1080, 2340), mDisplayCutout=DisplayCutout{insets=Rect(0, 81 - 0, 0) waterfall=Insets{left=0, top=0, right=0, bottom=0} boundingRect={Bounds=[Rect(0, 0 - 0, 0), Rect(512, 0 - 568, 81), Rect(0, 0 - 0, 0), Rect(0, 0 - 0, 0)]} cutoutPathParserInfo={CutoutPathParserInfo{displayWidth=1080 displayHeight=2340 physicalDisplayWidth=1080 physicalDisplayHeight=2340 density={3.0} cutoutSpec={M 0,0 H -9.333333333333333‬ V 27 H 9.333333333333333‬ V 0 H 0 Z @dp} rotation={0} scale={1.0} physicalPixelDisplaySizeRatio={1.0}}} sideOverrides={}}, mRoundedCorners=RoundedCorners{[RoundedCorner{position=TopLeft, radius=108, center=Point(108, 108)}, RoundedCorner{position=TopRight, radius=108, center=Point(972, 108)}, RoundedCorner{position=BottomRight, radius=108, center=Point(972, 2232)}, RoundedCorner{position=BottomLeft, radius=108, center=Point(108, 2232)}]}  mRoundedCornerFrame=Rect(0, 0 - 1080, 2340), mPrivacyIndicatorBounds=PrivacyIndicatorBounds {static bounds=Rect(948, 0 - 1080, 81) rotation=0}, mDisplayShape=DisplayShape{ spec=-311912193 displayWidth=1080 displayHeight=2340 physicalPixelDisplaySizeRatio=1.0 rotation=0 offsetX=0 offsetY=0 scale=1.0}, mSources= { InsetsSource: {c51e0000 mType=statusBars mFrame=[0,0][1080,81] mVisible=true mFlags= mSideHint=TOP mBoundingRects=null}, InsetsSource: {c51e0005 mType=mandatorySystemGestures mFrame=[0,0][1080,117] mVisible=true mFlags= mSideHint=TOP mBoundingRects=null}, InsetsSource: {c51e0006 mType=tappableElement mFrame=[0,0][1080,81] mVisible=true mFlags= mSideHint=TOP mBoundingRects=null}, InsetsSource: {3 mType=ime mFrame=[0,0][0,0] mVisible=false mFlags= mSideHint=NONE mBoundingRects=null}, InsetsSource: {27 mType=displayCutout mFrame=[0,0][1080,81] mVisible=true mFlags= mSideHint=TOP mBoundingRects=null}, InsetsSource: {502d0001 mType=navigationBars mFrame=[0,2196][1080,2340] mVisible=true mFlags= mSideHint=BOTTOM mBoundingRects=null}, InsetsSource: {502d0004 mType=systemGestures mFrame=[0,0][0,0] mVisible=true mFlags= mSideHint=NONE mBoundingRects=null}, InsetsSource: {502d0005 mType=mandatorySystemGestures mFrame=[0,2196][1080,2340] mVisible=true mFlags= mSideHint=BOTTOM mBoundingRects=null}, InsetsSource: {502d0006 mType=tappableElement mFrame=[0,2196][1080,2340] mVisible=true mFlags= mSideHint=BOTTOM mBoundingRects=null}, InsetsSource: {502d0024 mType=systemGestures mFrame=[0,0][0,0] mVisible=true mFlags= mSideHint=NONE mBoundingRects=null} }
05-08 11:58:25.160  3847  3988 I VRI[documentsui]@90d17cc: onActiveControlsChanged, removed=false, mAdded=true, caller=android.view.ViewRootImpl.handleInsetsControlChanged:3002 android.view.ViewRootImpl.relayoutWindow:11629 android.view.ViewRootImpl.performTraversals:4804 android.view.ViewRootImpl.doTraversal:3924 android.view.ViewRootImpl$TraversalRunnable.run:12903 
05-08 11:58:25.161  3847  3988 W libc    : Access denied finding property "vendor.display.enable_optimal_refresh_rate"
05-08 11:58:25.161  3847  3988 I BufferQueueProducer: [](id:f0700000092,api:0,p:-432397376,c:3847) setDequeueTimeout:2077252342
05-08 11:58:25.161  3847  3988 I BLASTBufferQueue_Java: new BLASTBufferQueue, mName= VRI[documentsui]@90d17cc mNativeObject= 0xb400007a7a561000 caller= android.view.ViewRootImpl.updateBlastSurfaceIfNeeded:3585 android.view.ViewRootImpl.relayoutWindow:11685 android.view.ViewRootImpl.performTraversals:4804 android.view.ViewRootImpl.doTraversal:3924 android.view.ViewRootImpl$TraversalRunnable.run:12903 android.view.Choreographer$CallbackRecord.run:1901 android.view.Choreographer$CallbackRecord.run:1910 android.view.Choreographer.doCallbacks:1367 android.view.Choreographer.doFrame:1292 android.view.Choreographer$FrameDisplayEventReceiver.run:1870 
05-08 11:58:25.161  3847  3988 I BLASTBufferQueue_Java: update, w= 1080 h= 2340 mName = VRI[documentsui]@90d17cc mNativeObject= 0xb400007a7a561000 sc.mNativeObject= 0xb400007a406b3200 format= -3 caller= android.view.ViewRootImpl.updateBlastSurfaceIfNeeded:3590 android.view.ViewRootImpl.relayoutWindow:11685 android.view.ViewRootImpl.performTraversals:4804 android.view.ViewRootImpl.doTraversal:3924 android.view.ViewRootImpl$TraversalRunnable.run:12903 android.view.Choreographer$CallbackRecord.run:1901 
05-08 11:58:25.162  3847  3988 W libc    : Access denied finding property "vendor.display.enable_optimal_refresh_rate"
05-08 11:58:25.163  3847  3988 I VRI[documentsui]@90d17cc: Relayout returned: old=(0,0,1080,2340) new=(0,0,1080,2340) relayoutAsync=false req=(1080,2340)0 dur=11 res=0x3 s={true 0xb400007a3fed7e00} ch=true seqId=0
05-08 11:58:25.163  3847  3988 I VRI[documentsui]@90d17cc: performConfigurationChange setNightDimText nightDimLevel=0
05-08 11:58:25.163  3847  3988 D VRI[documentsui]@90d17cc: mThreadedRenderer.initialize() mSurface={isValid=true 0xb400007a3fed7e00} hwInitialized=true
05-08 11:58:25.164  3847  3988 D VRI[documentsui]@90d17cc: reportNextDraw android.view.ViewRootImpl.performTraversals:5443 android.view.ViewRootImpl.doTraversal:3924 android.view.ViewRootImpl$TraversalRunnable.run:12903 android.view.Choreographer$CallbackRecord.run:1901 android.view.Choreographer$CallbackRecord.run:1910 
05-08 11:58:25.164  3847  3988 D VRI[documentsui]@90d17cc: Setup new sync=wmsSync-VRI[documentsui]@90d17cc#16
05-08 11:58:25.164  3847  3988 I VRI[documentsui]@90d17cc: Creating new active sync group VRI[documentsui]@90d17cc#17
